Archive member included to satisfy reference by file (symbol)

C:\Users\brian\DOCUME~1\VISUAL~4\Projects\CRANEC~2\Firmware\ADCTRA~1\ADCTRA~1\ARDUIN~1\Debug\libArduinoCore.a(cortex_handlers.o)
                              (Reset_Handler)
C:\Users\brian\DOCUME~1\VISUAL~4\Projects\CRANEC~2\Firmware\ADCTRA~1\ADCTRA~1\ARDUIN~1\Debug\libArduinoCore.a(delay.o)
                              C:\Users\brian\DOCUME~1\VISUAL~4\Projects\CRANEC~2\Firmware\ADCTRA~1\ADCTRA~1\ARDUIN~1\Debug\libArduinoCore.a(cortex_handlers.o) (SysTick_DefaultHandler)
C:\Users\brian\DOCUME~1\VISUAL~4\Projects\CRANEC~2\Firmware\ADCTRA~1\ADCTRA~1\ARDUIN~1\Debug\libArduinoCore.a(hooks.o)
                              C:\Users\brian\DOCUME~1\VISUAL~4\Projects\CRANEC~2\Firmware\ADCTRA~1\ADCTRA~1\ARDUIN~1\Debug\libArduinoCore.a(delay.o) (yield)
C:\Users\brian\DOCUME~1\VISUAL~4\Projects\CRANEC~2\Firmware\ADCTRA~1\ADCTRA~1\ARDUIN~1\Debug\libArduinoCore.a(main.o)
                              c:/program files (x86)/atmel/studio/7.0/toolchain/arm/arm-gnu-toolchain/bin/../lib/gcc/arm-none-eabi/6.2.1/../../../../arm-none-eabi/lib/thumb/v6-m/crt0.o (main)
C:\Users\brian\DOCUME~1\VISUAL~4\Projects\CRANEC~2\Firmware\ADCTRA~1\ADCTRA~1\ARDUIN~1\Debug\libArduinoCore.a(new.o)
                              Sketch.o (operator new(unsigned int))
C:\Users\brian\DOCUME~1\VISUAL~4\Projects\CRANEC~2\Firmware\ADCTRA~1\ADCTRA~1\ARDUIN~1\Debug\libArduinoCore.a(Reset.o)
                              C:\Users\brian\DOCUME~1\VISUAL~4\Projects\CRANEC~2\Firmware\ADCTRA~1\ADCTRA~1\ARDUIN~1\Debug\libArduinoCore.a(delay.o) (tickReset)
C:\Users\brian\DOCUME~1\VISUAL~4\Projects\CRANEC~2\Firmware\ADCTRA~1\ADCTRA~1\ARDUIN~1\Debug\libArduinoCore.a(startup.o)
                              C:\Users\brian\DOCUME~1\VISUAL~4\Projects\CRANEC~2\Firmware\ADCTRA~1\ADCTRA~1\ARDUIN~1\Debug\libArduinoCore.a(cortex_handlers.o) (SystemInit)
C:\Users\brian\DOCUME~1\VISUAL~4\Projects\CRANEC~2\Firmware\ADCTRA~1\ADCTRA~1\ARDUIN~1\Debug\libArduinoCore.a(USBCore.o)
                              C:\Users\brian\DOCUME~1\VISUAL~4\Projects\CRANEC~2\Firmware\ADCTRA~1\ADCTRA~1\ARDUIN~1\Debug\libArduinoCore.a(main.o) (USBDeviceClass::init())
C:\Users\brian\DOCUME~1\VISUAL~4\Projects\CRANEC~2\Firmware\ADCTRA~1\ADCTRA~1\ARDUIN~1\Debug\libArduinoCore.a(wiring.o)
                              C:\Users\brian\DOCUME~1\VISUAL~4\Projects\CRANEC~2\Firmware\ADCTRA~1\ADCTRA~1\ARDUIN~1\Debug\libArduinoCore.a(main.o) (init)
C:\Users\brian\DOCUME~1\VISUAL~4\Projects\CRANEC~2\Firmware\ADCTRA~1\ADCTRA~1\ARDUIN~1\Debug\libArduinoCore.a(wiring_analog.o)
                              C:\Users\brian\DOCUME~1\VISUAL~4\Projects\CRANEC~2\Firmware\ADCTRA~1\ADCTRA~1\ARDUIN~1\Debug\libArduinoCore.a(wiring.o) (analogReference)
C:\Users\brian\DOCUME~1\VISUAL~4\Projects\CRANEC~2\Firmware\ADCTRA~1\ADCTRA~1\ARDUIN~1\Debug\libArduinoCore.a(wiring_digital.o)
                              C:\Users\brian\DOCUME~1\VISUAL~4\Projects\CRANEC~2\Firmware\ADCTRA~1\ADCTRA~1\ARDUIN~1\Debug\libArduinoCore.a(USBCore.o) (pinMode)
C:\Users\brian\DOCUME~1\VISUAL~4\Projects\CRANEC~2\Firmware\ADCTRA~1\ADCTRA~1\ARDUIN~1\Debug\libArduinoCore.a(wiring_private.o)
                              C:\Users\brian\DOCUME~1\VISUAL~4\Projects\CRANEC~2\Firmware\ADCTRA~1\ADCTRA~1\ARDUIN~1\Debug\libArduinoCore.a(wiring_analog.o) (pinPeripheral)
C:\Users\brian\DOCUME~1\VISUAL~4\Projects\CRANEC~2\Firmware\ADCTRA~1\ADCTRA~1\ARDUIN~1\Debug\libArduinoCore.a(variant.o)
                              C:\Users\brian\DOCUME~1\VISUAL~4\Projects\CRANEC~2\Firmware\ADCTRA~1\ADCTRA~1\ARDUIN~1\Debug\libArduinoCore.a(wiring_analog.o) (g_apTCInstances)
C:\Users\brian\DOCUME~1\VISUAL~4\Projects\CRANEC~2\Firmware\ADCTRA~1\ADCTRA~1\ARDUIN~1\Debug\libArduinoCore.a(SERCOM.o)
                              C:\Users\brian\DOCUME~1\VISUAL~4\Projects\CRANEC~2\Firmware\ADCTRA~1\ADCTRA~1\ARDUIN~1\Debug\libArduinoCore.a(variant.o) (SERCOM::SERCOM(Sercom*))
C:\Users\brian\DOCUME~1\VISUAL~4\Projects\CRANEC~2\Firmware\ADCTRA~1\ADCTRA~1\ARDUIN~1\Debug\libArduinoCore.a(Uart.o)
                              C:\Users\brian\DOCUME~1\VISUAL~4\Projects\CRANEC~2\Firmware\ADCTRA~1\ADCTRA~1\ARDUIN~1\Debug\libArduinoCore.a(variant.o) (Uart::Uart(SERCOM*, unsigned char, unsigned char, SercomRXPad, SercomUartTXPad))
C:\Users\brian\DOCUME~1\VISUAL~4\Projects\CRANEC~2\Firmware\ADCTRA~1\ADCTRA~1\ARDUIN~1\Debug\libArduinoCore.a(CDC.o)
                              C:\Users\brian\DOCUME~1\VISUAL~4\Projects\CRANEC~2\Firmware\ADCTRA~1\ADCTRA~1\ARDUIN~1\Debug\libArduinoCore.a(USBCore.o) (CDC_GetInterface(unsigned char*))
C:\Users\brian\DOCUME~1\VISUAL~4\Projects\CRANEC~2\Firmware\ADCTRA~1\ADCTRA~1\ARDUIN~1\Debug\libArduinoCore.a(PluggableUSB.o)
                              C:\Users\brian\DOCUME~1\VISUAL~4\Projects\CRANEC~2\Firmware\ADCTRA~1\ADCTRA~1\ARDUIN~1\Debug\libArduinoCore.a(USBCore.o) (PluggableUSB_::getInterface(unsigned char*))
[...]
Memory Configuration

Name             Origin             Length             Attributes
FLASH            0x00000000         0x00040000         xr
RAM              0x20000000         0x00008000         xrw
*default*        0x00000000         0xffffffff

Linker script and memory map

LOAD c:/program files (x86)/atmel/studio/7.0/toolchain/arm/arm-gnu-toolchain/bin/../lib/gcc/arm-none-eabi/6.2.1/thumb/v6-m/crti.o
LOAD c:/program files (x86)/atmel/studio/7.0/toolchain/arm/arm-gnu-toolchain/bin/../lib/gcc/arm-none-eabi/6.2.1/thumb/v6-m/crtbegin.o
LOAD c:/program files (x86)/atmel/studio/7.0/toolchain/arm/arm-gnu-toolchain/bin/../lib/gcc/arm-none-eabi/6.2.1/../../../../arm-none-eabi/lib/thumb/v6-m/crt0.o
LOAD Sketch.o
START GROUP
LOAD C:\Users\brian\DOCUME~1\VISUAL~4\Projects\CRANEC~2\Firmware\ADCTRA~1\ADCTRA~1\ARDUIN~1\Debug\libArduinoCore.a
END GROUP
LOAD c:/program files (x86)/atmel/studio/7.0/toolchain/arm/arm-gnu-toolchain/bin/../lib/gcc/arm-none-eabi/6.2.1/../../../../arm-none-eabi/lib/thumb/v6-m\libstdc++_nano.a
LOAD c:/program files (x86)/atmel/studio/7.0/toolchain/arm/arm-gnu-toolchain/bin/../lib/gcc/arm-none-eabi/6.2.1/../../../../arm-none-eabi/lib/thumb/v6-m\libm.a
START GROUP
LOAD c:/program files (x86)/atmel/studio/7.0/toolchain/arm/arm-gnu-toolchain/bin/../lib/gcc/arm-none-eabi/6.2.1/thumb/v6-m\libgcc.a
LOAD c:/program files (x86)/atmel/studio/7.0/toolchain/arm/arm-gnu-toolchain/bin/../lib/gcc/arm-none-eabi/6.2.1/../../../../arm-none-eabi/lib/thumb/v6-m\libc_nano.a
END GROUP
START GROUP
LOAD c:/program files (x86)/atmel/studio/7.0/toolchain/arm/arm-gnu-toolchain/bin/../lib/gcc/arm-none-eabi/6.2.1/thumb/v6-m\libgcc.a
LOAD c:/program files (x86)/atmel/studio/7.0/toolchain/arm/arm-gnu-toolchain/bin/../lib/gcc/arm-none-eabi/6.2.1/../../../../arm-none-eabi/lib/thumb/v6-m\libc_nano.a
LOAD c:/program files (x86)/atmel/studio/7.0/toolchain/arm/arm-gnu-toolchain/bin/../lib/gcc/arm-none-eabi/6.2.1/../../../../arm-none-eabi/lib/thumb/v6-m\libnosys.a
END GROUP
START GROUP
LOAD c:/program files (x86)/atmel/studio/7.0/toolchain/arm/arm-gnu-toolchain/bin/../lib/gcc/arm-none-eabi/6.2.1/thumb/v6-m\libgcc.a
LOAD c:/program files (x86)/atmel/studio/7.0/toolchain/arm/arm-gnu-toolchain/bin/../lib/gcc/arm-none-eabi/6.2.1/../../../../arm-none-eabi/lib/thumb/v6-m\libc_nano.a
LOAD c:/program files (x86)/atmel/studio/7.0/toolchain/arm/arm-gnu-toolchain/bin/../lib/gcc/arm-none-eabi/6.2.1/../../../../arm-none-eabi/lib/thumb/v6-m\libnosys.a
END GROUP
LOAD c:/program files (x86)/atmel/studio/7.0/toolchain/arm/arm-gnu-toolchain/bin/../lib/gcc/arm-none-eabi/6.2.1/thumb/v6-m/crtend.o
LOAD c:/program files (x86)/atmel/studio/7.0/toolchain/arm/arm-gnu-toolchain/bin/../lib/gcc/arm-none-eabi/6.2.1/thumb/v6-m/crtn.o

.text           0x00000000     0x26b4
                0x00000000                __text_start__ = .
 *(.isr_vector)
 .isr_vector    0x00000000       0xb4 C:\Users\brian\DOCUME~1\VISUAL~4\Projects\CRANEC~2\Firmware\ADCTRA~1\ADCTRA~1\ARDUIN~1\Debug\libArduinoCore.a(cortex_handlers.o)
                0x00000000                exception_table
 *(.text*)
 .text          0x000000b4       0x60 c:/program files (x86)/atmel/studio/7.0/toolchain/arm/arm-gnu-toolchain/bin/../lib/gcc/arm-none-eabi/6.2.1/thumb/v6-m/crtbegin.o
 .text.setup    0x00000114        0xa Sketch.o
                0x00000114                setup
 *fill*         0x0000011e        0x2 
 .text._ZN4TestC2Ev
                0x00000120       0x1c Sketch.o
                0x00000120                Test::Test()
                0x00000120                Test::Test()
 .text.loop     0x0000013c       0x2e Sketch.o
                0x0000013c                loop
 .text.Dummy_Handler
                0x0000016a        0x4 C:\Users\brian\DOCUME~1\VISUAL~4\Projects\CRANEC~2\Firmware\ADCTRA~1\ADCTRA~1\ARDUIN~1\Debug\libArduinoCore.a(cortex_handlers.o)
                0x0000016a                DMAC_Handler
                0x0000016a                HardFault_Handler
                0x0000016a                AC_Handler
                0x0000016a                PendSV_Handler
                0x0000016a                NMI_Handler
                0x0000016a                TC7_Handler
                0x0000016a                SERCOM1_Handler
                0x0000016a                ADC_Handler
                0x0000016a                TCC1_Handler
                0x0000016a                SERCOM2_Handler
                0x0000016a                TCC0_Handler
                0x0000016a                RTC_Handler
                0x0000016a                EIC_Handler
                0x0000016a                TC6_Handler
                0x0000016a                WDT_Handler
                0x0000016a                TC4_Handler
                0x0000016a                TC3_Handler
                0x0000016a                Dummy_Handler
                0x0000016a                PM_Handler
                0x0000016a                SVC_Handler
                0x0000016a                TCC2_Handler
                0x0000016a                EVSYS_Handler
                0x0000016a                SERCOM3_Handler
                0x0000016a                SERCOM4_Handler
                0x0000016a                I2S_Handler
                0x0000016a                NVMCTRL_Handler
                0x0000016a                DAC_Handler
                0x0000016a                PTC_Handler
                0x0000016a                SYSCTRL_Handler
 *fill*         0x0000016e        0x2 
 .text.USB_Handler
                0x00000170       0x14 C:\Users\brian\DOCUME~1\VISUAL~4\Projects\CRANEC~2\Firmware\ADCTRA~1\ADCTRA~1\ARDUIN~1\Debug\libArduinoCore.a(cortex_handlers.o)
                0x00000170                USB_Handler
 .text.Reset_Handler
                0x00000184       0x54 C:\Users\brian\DOCUME~1\VISUAL~4\Projects\CRANEC~2\Firmware\ADCTRA~1\ADCTRA~1\ARDUIN~1\Debug\libArduinoCore.a(cortex_handlers.o)
                0x00000184                Reset_Handler
 .text.SysTick_Handler
                0x000001d8       0x10 C:\Users\brian\DOCUME~1\VISUAL~4\Projects\CRANEC~2\Firmware\ADCTRA~1\ADCTRA~1\ARDUIN~1\Debug\libArduinoCore.a(cortex_handlers.o)
                0x000001d8                SysTick_Handler
 .text.USB_SetHandler
                0x000001e8        0xc C:\Users\brian\DOCUME~1\VISUAL~4\Projects\CRANEC~2\Firmware\ADCTRA~1\ADCTRA~1\ARDUIN~1\Debug\libArduinoCore.a(cortex_handlers.o)
                0x000001e8                USB_SetHandler
 .text.delay    0x000001f4       0x1c C:\Users\brian\DOCUME~1\VISUAL~4\Projects\CRANEC~2\Firmware\ADCTRA~1\ADCTRA~1\ARDUIN~1\Debug\libArduinoCore.a(delay.o)
                0x000001f4                delay
 .text.SysTick_DefaultHandler
                0x00000210       0x14 C:\Users\brian\DOCUME~1\VISUAL~4\Projects\CRANEC~2\Firmware\ADCTRA~1\ADCTRA~1\ARDUIN~1\Debug\libArduinoCore.a(delay.o)
                0x00000210                SysTick_DefaultHandler
 .text.__empty  0x00000224        0x2 C:\Users\brian\DOCUME~1\VISUAL~4\Projects\CRANEC~2\Firmware\ADCTRA~1\ADCTRA~1\ARDUIN~1\Debug\libArduinoCore.a(hooks.o)
                0x00000224                yield
 .text.__false  0x00000226        0x4 C:\Users\brian\DOCUME~1\VISUAL~4\Projects\CRANEC~2\Firmware\ADCTRA~1\ADCTRA~1\ARDUIN~1\Debug\libArduinoCore.a(hooks.o)
                0x00000226                sysTickHook
 .text._Z11initVariantv
                0x0000022a        0x2 C:\Users\brian\DOCUME~1\VISUAL~4\Projects\CRANEC~2\Firmware\ADCTRA~1\ADCTRA~1\ARDUIN~1\Debug\libArduinoCore.a(main.o)
                0x0000022a                initVariant()
 .text.startup.main
                0x0000022c       0x40 C:\Users\brian\DOCUME~1\VISUAL~4\Projects\CRANEC~2\Firmware\ADCTRA~1\ADCTRA~1\ARDUIN~1\Debug\libArduinoCore.a(main.o)
                0x0000022c                main
 .text._Znwj    0x0000026c        0x8 C:\Users\brian\DOCUME~1\VISUAL~4\Projects\CRANEC~2\Firmware\ADCTRA~1\ADCTRA~1\ARDUIN~1\Debug\libArduinoCore.a(new.o)
                0x0000026c                operator new(unsigned int)
 .text.initiateReset
                0x00000274        0xc C:\Users\brian\DOCUME~1\VISUAL~4\Projects\CRANEC~2\Firmware\ADCTRA~1\ADCTRA~1\ARDUIN~1\Debug\libArduinoCore.a(Reset.o)
                0x00000274                initiateReset
 .text.cancelReset
                0x00000280       0x10 C:\Users\brian\DOCUME~1\VISUAL~4\Projects\CRANEC~2\Firmware\ADCTRA~1\ADCTRA~1\ARDUIN~1\Debug\libArduinoCore.a(Reset.o)
                0x00000280                cancelReset
 .text.tickReset
                0x00000290       0x78 C:\Users\brian\DOCUME~1\VISUAL~4\Projects\CRANEC~2\Firmware\ADCTRA~1\ADCTRA~1\ARDUIN~1\Debug\libArduinoCore.a(Reset.o)
                0x00000290                tickReset
 .text.SystemInit
                0x00000308      0x160 C:\Users\brian\DOCUME~1\VISUAL~4\Projects\CRANEC~2\Firmware\ADCTRA~1\ADCTRA~1\ARDUIN~1\Debug\libArduinoCore.a(startup.o)
                0x00000308                SystemInit
 .text._ZL5utox8mPc
                0x00000468       0x24 C:\Users\brian\DOCUME~1\VISUAL~4\Projects\CRANEC~2\Firmware\ADCTRA~1\ADCTRA~1\ARDUIN~1\Debug\libArduinoCore.a(USBCore.o)
 .text._ZN14USBDeviceClass6initEPEmm.part.5
                0x0000048c       0x88 C:\Users\brian\DOCUME~1\VISUAL~4\Projects\CRANEC~2\Firmware\ADCTRA~1\ADCTRA~1\ARDUIN~1\Debug\libArduinoCore.a(USBCore.o)
 .text._ZN20USBDevice_SAMD21G18x5resetEv
                0x00000514       0x24 C:\Users\brian\DOCUME~1\VISUAL~4\Projects\CRANEC~2\Firmware\ADCTRA~1\ADCTRA~1\ARDUIN~1\Debug\libArduinoCore.a(USBCore.o)
                0x00000514                USBDevice_SAMD21G18x::reset()
 .text._ZN20USBDevice_SAMD21G18x9calibrateEv
                0x00000538       0x60 C:\Users\brian\DOCUME~1\VISUAL~4\Projects\CRANEC~2\Firmware\ADCTRA~1\ADCTRA~1\ARDUIN~1\Debug\libArduinoCore.a(USBCore.o)
                0x00000538                USBDevice_SAMD21G18x::calibrate()
 .text._ZN7__GuardC2Ev
                0x00000598        0xe C:\Users\brian\DOCUME~1\VISUAL~4\Projects\CRANEC~2\Firmware\ADCTRA~1\ADCTRA~1\ARDUIN~1\Debug\libArduinoCore.a(USBCore.o)
                0x00000598                __Guard::__Guard()
                0x00000598                __Guard::__Guard()
 .text._ZN7__GuardD2Ev
                0x000005a6        0xe C:\Users\brian\DOCUME~1\VISUAL~4\Projects\CRANEC~2\Firmware\ADCTRA~1\ADCTRA~1\ARDUIN~1\Debug\libArduinoCore.a(USBCore.o)
                0x000005a6                __Guard::~__Guard()
                0x000005a6                __Guard::~__Guard()
 .text._ZNK26DoubleBufferedEPOutHandler9availableEv
                0x000005b4       0x5e C:\Users\brian\DOCUME~1\VISUAL~4\Projects\CRANEC~2\Firmware\ADCTRA~1\ADCTRA~1\ARDUIN~1\Debug\libArduinoCore.a(USBCore.o)
                0x000005b4                DoubleBufferedEPOutHandler::available() const
 *fill*         0x00000612        0x2 
 .text._ZN26DoubleBufferedEPOutHandler7releaseEv
                0x00000614       0x44 C:\Users\brian\DOCUME~1\VISUAL~4\Projects\CRANEC~2\Firmware\ADCTRA~1\ADCTRA~1\ARDUIN~1\Debug\libArduinoCore.a(USBCore.o)
                0x00000614                DoubleBufferedEPOutHandler::release()
 .text._ZN26DoubleBufferedEPOutHandler4recvEPvm
                0x00000658      0x11e C:\Users\brian\DOCUME~1\VISUAL~4\Projects\CRANEC~2\Firmware\ADCTRA~1\ADCTRA~1\ARDUIN~1\Debug\libArduinoCore.a(USBCore.o)
                0x00000658                DoubleBufferedEPOutHandler::recv(void*, unsigned long)
 .text._ZN26DoubleBufferedEPOutHandler14handleEndpointEv
                0x00000776       0xba C:\Users\brian\DOCUME~1\VISUAL~4\Projects\CRANEC~2\Firmware\ADCTRA~1\ADCTRA~1\ARDUIN~1\Debug\libArduinoCore.a(USBCore.o)
                0x00000776                DoubleBufferedEPOutHandler::handleEndpoint()
 .text._ZN14USBDeviceClass14SendInterfacesEPm
                0x00000830       0x2c C:\Users\brian\DOCUME~1\VISUAL~4\Projects\CRANEC~2\Firmware\ADCTRA~1\ADCTRA~1\ARDUIN~1\Debug\libArduinoCore.a(USBCore.o)
                0x00000830                USBDeviceClass::SendInterfaces(unsigned long*)
 .text._ZN14USBDeviceClass14handleEndpointEh
                0x0000085c       0x44 C:\Users\brian\DOCUME~1\VISUAL~4\Projects\CRANEC~2\Firmware\ADCTRA~1\ADCTRA~1\ARDUIN~1\Debug\libArduinoCore.a(USBCore.o)
                0x0000085c                USBDeviceClass::handleEndpoint(unsigned char)
 .text._ZN14USBDeviceClass4initEv
                0x000008a0       0xf0 C:\Users\brian\DOCUME~1\VISUAL~4\Projects\CRANEC~2\Firmware\ADCTRA~1\ADCTRA~1\ARDUIN~1\Debug\libArduinoCore.a(USBCore.o)
                0x000008a0                USBDeviceClass::init()
 .text._ZN14USBDeviceClass6attachEv
                0x00000990       0x34 C:\Users\brian\DOCUME~1\VISUAL~4\Projects\CRANEC~2\Firmware\ADCTRA~1\ADCTRA~1\ARDUIN~1\Debug\libArduinoCore.a(USBCore.o)
                0x00000990                USBDeviceClass::attach()
 .text._ZN14USBDeviceClass10setAddressEm
                0x000009c4       0x48 C:\Users\brian\DOCUME~1\VISUAL~4\Projects\CRANEC~2\Firmware\ADCTRA~1\ADCTRA~1\ARDUIN~1\Debug\libArduinoCore.a(USBCore.o)
                0x000009c4                USBDeviceClass::setAddress(unsigned long)
 .text._ZN14USBDeviceClass25handleClassInterfaceSetupER8USBSetup
                0x00000a0c       0x44 C:\Users\brian\DOCUME~1\VISUAL~4\Projects\CRANEC~2\Firmware\ADCTRA~1\ADCTRA~1\ARDUIN~1\Debug\libArduinoCore.a(USBCore.o)
                0x00000a0c                USBDeviceClass::handleClassInterfaceSetup(USBSetup&)
 .text._ZN14USBDeviceClass6initEPEmm
                0x00000a50      0x120 C:\Users\brian\DOCUME~1\VISUAL~4\Projects\CRANEC~2\Firmware\ADCTRA~1\ADCTRA~1\ARDUIN~1\Debug\libArduinoCore.a(USBCore.o)
                0x00000a50                USBDeviceClass::initEP(unsigned long, unsigned long)
 .text._ZN14USBDeviceClass13initEndpointsEv
                0x00000b70       0x24 C:\Users\brian\DOCUME~1\VISUAL~4\Projects\CRANEC~2\Firmware\ADCTRA~1\ADCTRA~1\ARDUIN~1\Debug\libArduinoCore.a(USBCore.o)
                0x00000b70                USBDeviceClass::initEndpoints()
 .text._ZN14USBDeviceClass9availableEm
                0x00000b94       0x2c C:\Users\brian\DOCUME~1\VISUAL~4\Projects\CRANEC~2\Firmware\ADCTRA~1\ADCTRA~1\ARDUIN~1\Debug\libArduinoCore.a(USBCore.o)
                0x00000b94                USBDeviceClass::available(unsigned long)
 .text._ZN14USBDeviceClass5flushEm
                0x00000bc0       0x2c C:\Users\brian\DOCUME~1\VISUAL~4\Projects\CRANEC~2\Firmware\ADCTRA~1\ADCTRA~1\ARDUIN~1\Debug\libArduinoCore.a(USBCore.o)
                0x00000bc0                USBDeviceClass::flush(unsigned long)
 .text._ZN14USBDeviceClass14armRecvCtrlOUTEm
                0x00000bec       0x5c C:\Users\brian\DOCUME~1\VISUAL~4\Projects\CRANEC~2\Firmware\ADCTRA~1\ADCTRA~1\ARDUIN~1\Debug\libArduinoCore.a(USBCore.o)
                0x00000bec                USBDeviceClass::armRecvCtrlOUT(unsigned long)
 .text._ZN14USBDeviceClass11recvControlEPvm
                0x00000c48       0x3c C:\Users\brian\DOCUME~1\VISUAL~4\Projects\CRANEC~2\Firmware\ADCTRA~1\ADCTRA~1\ARDUIN~1\Debug\libArduinoCore.a(USBCore.o)
                0x00000c48                USBDeviceClass::recvControl(void*, unsigned long)
 .text._ZN14USBDeviceClass7armRecvEm
                0x00000c84       0x38 C:\Users\brian\DOCUME~1\VISUAL~4\Projects\CRANEC~2\Firmware\ADCTRA~1\ADCTRA~1\ARDUIN~1\Debug\libArduinoCore.a(USBCore.o)
                0x00000c84                USBDeviceClass::armRecv(unsigned long)
 .text._ZN14USBDeviceClass4recvEmPvm
                0x00000cbc       0xdc C:\Users\brian\DOCUME~1\VISUAL~4\Projects\CRANEC~2\Firmware\ADCTRA~1\ADCTRA~1\ARDUIN~1\Debug\libArduinoCore.a(USBCore.o)
                0x00000cbc                USBDeviceClass::recv(unsigned long, void*, unsigned long)
 .text._ZN14USBDeviceClass4recvEm
                0x00000d98       0x1c C:\Users\brian\DOCUME~1\VISUAL~4\Projects\CRANEC~2\Firmware\ADCTRA~1\ADCTRA~1\ARDUIN~1\Debug\libArduinoCore.a(USBCore.o)
                0x00000d98                USBDeviceClass::recv(unsigned long)
 .text._ZN14USBDeviceClass4sendEmPKvm
                0x00000db4      0x110 C:\Users\brian\DOCUME~1\VISUAL~4\Projects\CRANEC~2\Firmware\ADCTRA~1\ADCTRA~1\ARDUIN~1\Debug\libArduinoCore.a(USBCore.o)
                0x00000db4                USBDeviceClass::send(unsigned long, void const*, unsigned long)
 .text._ZN14USBDeviceClass7armSendEmPKvm
                0x00000ec4       0x48 C:\Users\brian\DOCUME~1\VISUAL~4\Projects\CRANEC~2\Firmware\ADCTRA~1\ADCTRA~1\ARDUIN~1\Debug\libArduinoCore.a(USBCore.o)
                0x00000ec4                USBDeviceClass::armSend(unsigned long, void const*, unsigned long)
 .text._ZN14USBDeviceClass11sendControlEPKvm
                0x00000f0c       0x54 C:\Users\brian\DOCUME~1\VISUAL~4\Projects\CRANEC~2\Firmware\ADCTRA~1\ADCTRA~1\ARDUIN~1\Debug\libArduinoCore.a(USBCore.o)
                0x00000f0c                USBDeviceClass::sendControl(void const*, unsigned long)
 .text._ZN14USBDeviceClass20sendStringDescriptorEPKhh
                0x00000f60       0x64 C:\Users\brian\DOCUME~1\VISUAL~4\Projects\CRANEC~2\Firmware\ADCTRA~1\ADCTRA~1\ARDUIN~1\Debug\libArduinoCore.a(USBCore.o)
                0x00000f60                USBDeviceClass::sendStringDescriptor(unsigned char const*, unsigned char)
 .text._ZN14USBDeviceClass17sendConfigurationEm
                0x00000fc4       0x94 C:\Users\brian\DOCUME~1\VISUAL~4\Projects\CRANEC~2\Firmware\ADCTRA~1\ADCTRA~1\ARDUIN~1\Debug\libArduinoCore.a(USBCore.o)
                0x00000fc4                USBDeviceClass::sendConfiguration(unsigned long)
 .text._ZN14USBDeviceClass14sendDescriptorER8USBSetup
                0x00001058       0xe4 C:\Users\brian\DOCUME~1\VISUAL~4\Projects\CRANEC~2\Firmware\ADCTRA~1\ADCTRA~1\ARDUIN~1\Debug\libArduinoCore.a(USBCore.o)
                0x00001058                USBDeviceClass::sendDescriptor(USBSetup&)
 .text._ZN14USBDeviceClass19handleStandardSetupER8USBSetup
                0x0000113c      0x108 C:\Users\brian\DOCUME~1\VISUAL~4\Projects\CRANEC~2\Firmware\ADCTRA~1\ADCTRA~1\ARDUIN~1\Debug\libArduinoCore.a(USBCore.o)
                0x0000113c                USBDeviceClass::handleStandardSetup(USBSetup&)
 .text._ZN14USBDeviceClass10ISRHandlerEv
                0x00001244      0x150 C:\Users\brian\DOCUME~1\VISUAL~4\Projects\CRANEC~2\Firmware\ADCTRA~1\ADCTRA~1\ARDUIN~1\Debug\libArduinoCore.a(USBCore.o)
                0x00001244                USBDeviceClass::ISRHandler()
 .text.UDD_Handler
                0x00001394       0x10 C:\Users\brian\DOCUME~1\VISUAL~4\Projects\CRANEC~2\Firmware\ADCTRA~1\ADCTRA~1\ARDUIN~1\Debug\libArduinoCore.a(USBCore.o)
                0x00001394                UDD_Handler
 .text.startup._GLOBAL__sub_I__ZN20USBDevice_SAMD21G18x5resetEv
                0x000013a4       0x10 C:\Users\brian\DOCUME~1\VISUAL~4\Projects\CRANEC~2\Firmware\ADCTRA~1\ADCTRA~1\ARDUIN~1\Debug\libArduinoCore.a(USBCore.o)
 .text.init     0x000013b4       0xf0 C:\Users\brian\DOCUME~1\VISUAL~4\Projects\CRANEC~2\Firmware\ADCTRA~1\ADCTRA~1\ARDUIN~1\Debug\libArduinoCore.a(wiring.o)
                0x000013b4                init
 .text.analogReference
                0x000014a4       0x64 C:\Users\brian\DOCUME~1\VISUAL~4\Projects\CRANEC~2\Firmware\ADCTRA~1\ADCTRA~1\ARDUIN~1\Debug\libArduinoCore.a(wiring_analog.o)
                0x000014a4                analogReference
 .text.pinMode  0x00001508       0x98 C:\Users\brian\DOCUME~1\VISUAL~4\Projects\CRANEC~2\Firmware\ADCTRA~1\ADCTRA~1\ARDUIN~1\Debug\libArduinoCore.a(wiring_digital.o)
                0x00001508                pinMode
 .text.digitalWrite
                0x000015a0       0x58 C:\Users\brian\DOCUME~1\VISUAL~4\Projects\CRANEC~2\Firmware\ADCTRA~1\ADCTRA~1\ARDUIN~1\Debug\libArduinoCore.a(wiring_digital.o)
                0x000015a0                digitalWrite
 .text.pinPeripheral
                0x000015f8       0xbc C:\Users\brian\DOCUME~1\VISUAL~4\Projects\CRANEC~2\Firmware\ADCTRA~1\ADCTRA~1\ARDUIN~1\Debug\libArduinoCore.a(wiring_private.o)
                0x000015f8                pinPeripheral
 .text.SERCOM0_Handler
                0x000016b4       0x10 C:\Users\brian\DOCUME~1\VISUAL~4\Projects\CRANEC~2\Firmware\ADCTRA~1\ADCTRA~1\ARDUIN~1\Debug\libArduinoCore.a(variant.o)
                0x000016b4                SERCOM0_Handler
 .text.SERCOM5_Handler
                0x000016c4       0x10 C:\Users\brian\DOCUME~1\VISUAL~4\Projects\CRANEC~2\Firmware\ADCTRA~1\ADCTRA~1\ARDUIN~1\Debug\libArduinoCore.a(variant.o)
                0x000016c4                SERCOM5_Handler
 .text.startup._GLOBAL__sub_I_g_APinDescription
                0x000016d4       0x94 C:\Users\brian\DOCUME~1\VISUAL~4\Projects\CRANEC~2\Firmware\ADCTRA~1\ADCTRA~1\ARDUIN~1\Debug\libArduinoCore.a(variant.o)
 .text._ZN6SERCOMC2EP6Sercom
                0x00001768        0x4 C:\Users\brian\DOCUME~1\VISUAL~4\Projects\CRANEC~2\Firmware\ADCTRA~1\ADCTRA~1\ARDUIN~1\Debug\libArduinoCore.a(SERCOM.o)
                0x00001768                SERCOM::SERCOM(Sercom*)
                0x00001768                SERCOM::SERCOM(Sercom*)
 .text._ZN6SERCOM9initFrameE18SercomUartCharSize15SercomDataOrder16SercomParityMode19SercomNumberStopBit
                0x0000176c       0x34 C:\Users\brian\DOCUME~1\VISUAL~4\Projects\CRANEC~2\Firmware\ADCTRA~1\ADCTRA~1\ARDUIN~1\Debug\libArduinoCore.a(SERCOM.o)
                0x0000176c                SERCOM::initFrame(SercomUartCharSize, SercomDataOrder, SercomParityMode, SercomNumberStopBit)
 .text._ZN6SERCOM8initPadsE15SercomUartTXPad11SercomRXPad
                0x000017a0       0x24 C:\Users\brian\DOCUME~1\VISUAL~4\Projects\CRANEC~2\Firmware\ADCTRA~1\ADCTRA~1\ARDUIN~1\Debug\libArduinoCore.a(SERCOM.o)
                0x000017a0                SERCOM::initPads(SercomUartTXPad, SercomRXPad)
 .text._ZN6SERCOM9resetUARTEv
                0x000017c4       0x18 C:\Users\brian\DOCUME~1\VISUAL~4\Projects\CRANEC~2\Firmware\ADCTRA~1\ADCTRA~1\ARDUIN~1\Debug\libArduinoCore.a(SERCOM.o)
                0x000017c4                SERCOM::resetUART()
 .text._ZN6SERCOM10enableUARTEv
                0x000017dc       0x12 C:\Users\brian\DOCUME~1\VISUAL~4\Projects\CRANEC~2\Firmware\ADCTRA~1\ADCTRA~1\ARDUIN~1\Debug\libArduinoCore.a(SERCOM.o)
                0x000017dc                SERCOM::enableUART()
 .text._ZN6SERCOM9flushUARTEv
                0x000017ee       0x10 C:\Users\brian\DOCUME~1\VISUAL~4\Projects\CRANEC~2\Firmware\ADCTRA~1\ADCTRA~1\ARDUIN~1\Debug\libArduinoCore.a(SERCOM.o)
                0x000017ee                SERCOM::flushUART()
 .text._ZN6SERCOM15clearStatusUARTEv
                0x000017fe        0x8 C:\Users\brian\DOCUME~1\VISUAL~4\Projects\CRANEC~2\Firmware\ADCTRA~1\ADCTRA~1\ARDUIN~1\Debug\libArduinoCore.a(SERCOM.o)
                0x000017fe                SERCOM::clearStatusUART()
 .text._ZN6SERCOM17availableDataUARTEv
                0x00001806        0xa C:\Users\brian\DOCUME~1\VISUAL~4\Projects\CRANEC~2\Firmware\ADCTRA~1\ADCTRA~1\ARDUIN~1\Debug\libArduinoCore.a(SERCOM.o)
                0x00001806                SERCOM::availableDataUART()
 .text._ZN6SERCOM11isUARTErrorEv
                0x00001810        0x8 C:\Users\brian\DOCUME~1\VISUAL~4\Projects\CRANEC~2\Firmware\ADCTRA~1\ADCTRA~1\ARDUIN~1\Debug\libArduinoCore.a(SERCOM.o)
                0x00001810                SERCOM::isUARTError()
 .text._ZN6SERCOM20acknowledgeUARTErrorEv
                0x00001818        0xe C:\Users\brian\DOCUME~1\VISUAL~4\Projects\CRANEC~2\Firmware\ADCTRA~1\ADCTRA~1\ARDUIN~1\Debug\libArduinoCore.a(SERCOM.o)
                0x00001818                SERCOM::acknowledgeUARTError()
 .text._ZN6SERCOM23isDataRegisterEmptyUARTEv
                0x00001826        0xa C:\Users\brian\DOCUME~1\VISUAL~4\Projects\CRANEC~2\Firmware\ADCTRA~1\ADCTRA~1\ARDUIN~1\Debug\libArduinoCore.a(SERCOM.o)
                0x00001826                SERCOM::isDataRegisterEmptyUART()
 .text._ZN6SERCOM12readDataUARTEv
                0x00001830        0x8 C:\Users\brian\DOCUME~1\VISUAL~4\Projects\CRANEC~2\Firmware\ADCTRA~1\ADCTRA~1\ARDUIN~1\Debug\libArduinoCore.a(SERCOM.o)
                0x00001830                SERCOM::readDataUART()
 .text._ZN6SERCOM13writeDataUARTEh
                0x00001838       0x10 C:\Users\brian\DOCUME~1\VISUAL~4\Projects\CRANEC~2\Firmware\ADCTRA~1\ADCTRA~1\ARDUIN~1\Debug\libArduinoCore.a(SERCOM.o)
                0x00001838                SERCOM::writeDataUART(unsigned char)
 .text._ZN6SERCOM36enableDataRegisterEmptyInterruptUARTEv
                0x00001848        0xc C:\Users\brian\DOCUME~1\VISUAL~4\Projects\CRANEC~2\Firmware\ADCTRA~1\ADCTRA~1\ARDUIN~1\Debug\libArduinoCore.a(SERCOM.o)
                0x00001848                SERCOM::enableDataRegisterEmptyInterruptUART()
 .text._ZN6SERCOM37disableDataRegisterEmptyInterruptUARTEv
                0x00001854        0x8 C:\Users\brian\DOCUME~1\VISUAL~4\Projects\CRANEC~2\Firmware\ADCTRA~1\ADCTRA~1\ARDUIN~1\Debug\libArduinoCore.a(SERCOM.o)
                0x00001854                SERCOM::disableDataRegisterEmptyInterruptUART()
 .text._ZN6SERCOM13initClockNVICEv
                0x0000185c       0xa8 C:\Users\brian\DOCUME~1\VISUAL~4\Projects\CRANEC~2\Firmware\ADCTRA~1\ADCTRA~1\ARDUIN~1\Debug\libArduinoCore.a(SERCOM.o)
                0x0000185c                SERCOM::initClockNVIC()
 .text._ZN6SERCOM8initUARTE14SercomUartMode20SercomUartSampleRatem
                0x00001904       0x64 C:\Users\brian\DOCUME~1\VISUAL~4\Projects\CRANEC~2\Firmware\ADCTRA~1\ADCTRA~1\ARDUIN~1\Debug\libArduinoCore.a(SERCOM.o)
                0x00001904                SERCOM::initUART(SercomUartMode, SercomUartSampleRate, unsigned long)
 .text._ZN4UartcvbEv
                0x00001968        0x4 C:\Users\brian\DOCUME~1\VISUAL~4\Projects\CRANEC~2\Firmware\ADCTRA~1\ADCTRA~1\ARDUIN~1\Debug\libArduinoCore.a(Uart.o)
                0x00001968                Uart::operator bool()
 .text._ZN4Uart5beginEm
                0x0000196c       0x10 C:\Users\brian\DOCUME~1\VISUAL~4\Projects\CRANEC~2\Firmware\ADCTRA~1\ADCTRA~1\ARDUIN~1\Debug\libArduinoCore.a(Uart.o)
                0x0000196c                Uart::begin(unsigned long)
 .text._ZN4Uart3endEv
                0x0000197c       0x1c C:\Users\brian\DOCUME~1\VISUAL~4\Projects\CRANEC~2\Firmware\ADCTRA~1\ADCTRA~1\ARDUIN~1\Debug\libArduinoCore.a(Uart.o)
                0x0000197c                Uart::end()
 .text._ZN4Uart9availableEv
                0x00001998        0xa C:\Users\brian\DOCUME~1\VISUAL~4\Projects\CRANEC~2\Firmware\ADCTRA~1\ADCTRA~1\ARDUIN~1\Debug\libArduinoCore.a(Uart.o)
                0x00001998                Uart::available()
 .text._ZN4Uart5flushEv
                0x000019a2       0x18 C:\Users\brian\DOCUME~1\VISUAL~4\Projects\CRANEC~2\Firmware\ADCTRA~1\ADCTRA~1\ARDUIN~1\Debug\libArduinoCore.a(Uart.o)
                0x000019a2                Uart::flush()
 .text._ZN4Uart17availableForWriteEv
                0x000019ba        0xa C:\Users\brian\DOCUME~1\VISUAL~4\Projects\CRANEC~2\Firmware\ADCTRA~1\ADCTRA~1\ARDUIN~1\Debug\libArduinoCore.a(Uart.o)
                0x000019ba                Uart::availableForWrite()
 .text._ZN4Uart4readEv
                0x000019c4       0x34 C:\Users\brian\DOCUME~1\VISUAL~4\Projects\CRANEC~2\Firmware\ADCTRA~1\ADCTRA~1\ARDUIN~1\Debug\libArduinoCore.a(Uart.o)
                0x000019c4                Uart::read()
 .text._ZN4Uart4peekEv
                0x000019f8        0xa C:\Users\brian\DOCUME~1\VISUAL~4\Projects\CRANEC~2\Firmware\ADCTRA~1\ADCTRA~1\ARDUIN~1\Debug\libArduinoCore.a(Uart.o)
                0x000019f8                Uart::peek()
 .text._ZN4Uart5writeEh
                0x00001a02       0x44 C:\Users\brian\DOCUME~1\VISUAL~4\Projects\CRANEC~2\Firmware\ADCTRA~1\ADCTRA~1\ARDUIN~1\Debug\libArduinoCore.a(Uart.o)
                0x00001a02                Uart::write(unsigned char)
 *fill*         0x00001a46        0x2 
 .text._ZN4UartC2EP6SERCOMhh11SercomRXPad15SercomUartTXPad
                0x00001a48       0x5c C:\Users\brian\DOCUME~1\VISUAL~4\Projects\CRANEC~2\Firmware\ADCTRA~1\ADCTRA~1\ARDUIN~1\Debug\libArduinoCore.a(Uart.o)
                0x00001a48                Uart::Uart(SERCOM*, unsigned char, unsigned char, SercomRXPad, SercomUartTXPad)
                0x00001a48                Uart::Uart(SERCOM*, unsigned char, unsigned char, SercomRXPad, SercomUartTXPad)
 .text._ZN4Uart10IrqHandlerEv
                0x00001aa4       0x88 C:\Users\brian\DOCUME~1\VISUAL~4\Projects\CRANEC~2\Firmware\ADCTRA~1\ADCTRA~1\ARDUIN~1\Debug\libArduinoCore.a(Uart.o)
                0x00001aa4                Uart::IrqHandler()
 .text._ZN4Uart16extractNbStopBitEt
                0x00001b2c        0xc C:\Users\brian\DOCUME~1\VISUAL~4\Projects\CRANEC~2\Firmware\ADCTRA~1\ADCTRA~1\ARDUIN~1\Debug\libArduinoCore.a(Uart.o)
                0x00001b2c                Uart::extractNbStopBit(unsigned short)
 .text._ZN4Uart15extractCharSizeEt
                0x00001b38       0x28 C:\Users\brian\DOCUME~1\VISUAL~4\Projects\CRANEC~2\Firmware\ADCTRA~1\ADCTRA~1\ARDUIN~1\Debug\libArduinoCore.a(Uart.o)
                0x00001b38                Uart::extractCharSize(unsigned short)
 .text._ZN4Uart13extractParityEt
                0x00001b60       0x14 C:\Users\brian\DOCUME~1\VISUAL~4\Projects\CRANEC~2\Firmware\ADCTRA~1\ADCTRA~1\ARDUIN~1\Debug\libArduinoCore.a(Uart.o)
                0x00001b60                Uart::extractParity(unsigned short)
 .text._ZN4Uart5beginEmt
                0x00001b74       0xf0 C:\Users\brian\DOCUME~1\VISUAL~4\Projects\CRANEC~2\Firmware\ADCTRA~1\ADCTRA~1\ARDUIN~1\Debug\libArduinoCore.a(Uart.o)
                0x00001b74                Uart::begin(unsigned long, unsigned short)
 .text._ZN7Serial_17availableForWriteEv
                0x00001c64        0x4 C:\Users\brian\DOCUME~1\VISUAL~4\Projects\CRANEC~2\Firmware\ADCTRA~1\ADCTRA~1\ARDUIN~1\Debug\libArduinoCore.a(CDC.o)
                0x00001c64                Serial_::availableForWrite()
 .text._ZN7Serial_5writeEh
                0x00001c68       0x14 C:\Users\brian\DOCUME~1\VISUAL~4\Projects\CRANEC~2\Firmware\ADCTRA~1\ADCTRA~1\ARDUIN~1\Debug\libArduinoCore.a(CDC.o)
                0x00001c68                Serial_::write(unsigned char)
 .text._ZN7Serial_9availableEv
                0x00001c7c        0xc C:\Users\brian\DOCUME~1\VISUAL~4\Projects\CRANEC~2\Firmware\ADCTRA~1\ADCTRA~1\ARDUIN~1\Debug\libArduinoCore.a(CDC.o)
                0x00001c7c                Serial_::available()
 .text._ZN7Serial_5flushEv
                0x00001c88        0xc C:\Users\brian\DOCUME~1\VISUAL~4\Projects\CRANEC~2\Firmware\ADCTRA~1\ADCTRA~1\ARDUIN~1\Debug\libArduinoCore.a(CDC.o)
                0x00001c88                Serial_::flush()
 .text._ZN7Serial_5writeEPKhj
                0x00001c94       0x1a C:\Users\brian\DOCUME~1\VISUAL~4\Projects\CRANEC~2\Firmware\ADCTRA~1\ADCTRA~1\ARDUIN~1\Debug\libArduinoCore.a(CDC.o)
                0x00001c94                Serial_::write(unsigned char const*, unsigned int)
 *fill*         0x00001cae        0x2 
 .text._ZN7Serial_4peekEv
                0x00001cb0       0x1c C:\Users\brian\DOCUME~1\VISUAL~4\Projects\CRANEC~2\Firmware\ADCTRA~1\ADCTRA~1\ARDUIN~1\Debug\libArduinoCore.a(CDC.o)
                0x00001cb0                Serial_::peek()
 .text._ZN7Serial_4readEv
                0x00001ccc       0x24 C:\Users\brian\DOCUME~1\VISUAL~4\Projects\CRANEC~2\Firmware\ADCTRA~1\ADCTRA~1\ARDUIN~1\Debug\libArduinoCore.a(CDC.o)
                0x00001ccc                Serial_::read()
 .text._Z16CDC_GetInterfacePh
                0x00001cf0       0x1c C:\Users\brian\DOCUME~1\VISUAL~4\Projects\CRANEC~2\Firmware\ADCTRA~1\ADCTRA~1\ARDUIN~1\Debug\libArduinoCore.a(CDC.o)
                0x00001cf0                CDC_GetInterface(unsigned char*)
 .text._Z9CDC_SetupR8USBSetup
                0x00001d0c       0x7c C:\Users\brian\DOCUME~1\VISUAL~4\Projects\CRANEC~2\Firmware\ADCTRA~1\ADCTRA~1\ARDUIN~1\Debug\libArduinoCore.a(CDC.o)
                0x00001d0c                CDC_Setup(USBSetup&)
 .text.startup._GLOBAL__sub_I__Z17_CDC_GetInterfacev
                0x00001d88       0x28 C:\Users\brian\DOCUME~1\VISUAL~4\Projects\CRANEC~2\Firmware\ADCTRA~1\ADCTRA~1\ARDUIN~1\Debug\libArduinoCore.a(CDC.o)
 .text._ZN13PluggableUSB_12getInterfaceEPh
                0x00001db0       0x28 C:\Users\brian\DOCUME~1\VISUAL~4\Projects\CRANEC~2\Firmware\ADCTRA~1\ADCTRA~1\ARDUIN~1\Debug\libArduinoCore.a(PluggableUSB.o)
                0x00001db0                PluggableUSB_::getInterface(unsigned char*)
 .text._ZN13PluggableUSB_13getDescriptorER8USBSetup
                0x00001dd8       0x20 C:\Users\brian\DOCUME~1\VISUAL~4\Projects\CRANEC~2\Firmware\ADCTRA~1\ADCTRA~1\ARDUIN~1\Debug\libArduinoCore.a(PluggableUSB.o)
                0x00001dd8                PluggableUSB_::getDescriptor(USBSetup&)
 .text._ZN13PluggableUSB_12getShortNameEPc
                0x00001df8       0x1e C:\Users\brian\DOCUME~1\VISUAL~4\Projects\CRANEC~2\Firmware\ADCTRA~1\ADCTRA~1\ARDUIN~1\Debug\libArduinoCore.a(PluggableUSB.o)
                0x00001df8                PluggableUSB_::getShortName(char*)
 .text._ZN13PluggableUSB_5setupER8USBSetup
                0x00001e16       0x20 C:\Users\brian\DOCUME~1\VISUAL~4\Projects\CRANEC~2\Firmware\ADCTRA~1\ADCTRA~1\ARDUIN~1\Debug\libArduinoCore.a(PluggableUSB.o)
                0x00001e16                PluggableUSB_::setup(USBSetup&)
 *fill*         0x00001e36        0x2 
 .text._Z12PluggableUSBv
                0x00001e38       0x24 C:\Users\brian\DOCUME~1\VISUAL~4\Projects\CRANEC~2\Firmware\ADCTRA~1\ADCTRA~1\ARDUIN~1\Debug\libArduinoCore.a(PluggableUSB.o)
                0x00001e38                PluggableUSB()
 .text._ZN5Print5writeEPKhj
                0x00001e5c       0x28 C:\Users\brian\DOCUME~1\VISUAL~4\Projects\CRANEC~2\Firmware\ADCTRA~1\ADCTRA~1\ARDUIN~1\Debug\libArduinoCore.a(Print.o)
                0x00001e5c                Print::write(unsigned char const*, unsigned int)
 .text._ZN10RingBufferC2Ev
                0x00001e84       0x16 C:\Users\brian\DOCUME~1\VISUAL~4\Projects\CRANEC~2\Firmware\ADCTRA~1\ADCTRA~1\ARDUIN~1\Debug\libArduinoCore.a(RingBuffer.o)
                0x00001e84                RingBuffer::RingBuffer()
                0x00001e84                RingBuffer::RingBuffer()
 .text._ZN10RingBuffer10store_charEh
                0x00001e9a       0x16 C:\Users\brian\DOCUME~1\VISUAL~4\Projects\CRANEC~2\Firmware\ADCTRA~1\ADCTRA~1\ARDUIN~1\Debug\libArduinoCore.a(RingBuffer.o)
                0x00001e9a                RingBuffer::store_char(unsigned char)
 .text._ZN10RingBuffer5clearEv
                0x00001eb0        0x8 C:\Users\brian\DOCUME~1\VISUAL~4\Projects\CRANEC~2\Firmware\ADCTRA~1\ADCTRA~1\ARDUIN~1\Debug\libArduinoCore.a(RingBuffer.o)
                0x00001eb0                RingBuffer::clear()
 .text._ZN10RingBuffer9read_charEv
                0x00001eb8       0x1c C:\Users\brian\DOCUME~1\VISUAL~4\Projects\CRANEC~2\Firmware\ADCTRA~1\ADCTRA~1\ARDUIN~1\Debug\libArduinoCore.a(RingBuffer.o)
                0x00001eb8                RingBuffer::read_char()
 .text._ZN10RingBuffer9availableEv
                0x00001ed4        0xc C:\Users\brian\DOCUME~1\VISUAL~4\Projects\CRANEC~2\Firmware\ADCTRA~1\ADCTRA~1\ARDUIN~1\Debug\libArduinoCore.a(RingBuffer.o)
                0x00001ed4                RingBuffer::available()
 .text._ZN10RingBuffer17availableForStoreEv
                0x00001ee0       0x14 C:\Users\brian\DOCUME~1\VISUAL~4\Projects\CRANEC~2\Firmware\ADCTRA~1\ADCTRA~1\ARDUIN~1\Debug\libArduinoCore.a(RingBuffer.o)
                0x00001ee0                RingBuffer::availableForStore()
 .text._ZN10RingBuffer4peekEv
                0x00001ef4       0x12 C:\Users\brian\DOCUME~1\VISUAL~4\Projects\CRANEC~2\Firmware\ADCTRA~1\ADCTRA~1\ARDUIN~1\Debug\libArduinoCore.a(RingBuffer.o)
                0x00001ef4                RingBuffer::peek()
 .text._ZN10RingBuffer6isFullEv
                0x00001f06       0x14 C:\Users\brian\DOCUME~1\VISUAL~4\Projects\CRANEC~2\Firmware\ADCTRA~1\ADCTRA~1\ARDUIN~1\Debug\libArduinoCore.a(RingBuffer.o)
                0x00001f06                RingBuffer::isFull()
 *fill*         0x00001f1a        0x2 
 .text          0x00001f1c       0x14 c:/program files (x86)/atmel/studio/7.0/toolchain/arm/arm-gnu-toolchain/bin/../lib/gcc/arm-none-eabi/6.2.1/thumb/v6-m\libgcc.a(_thumb1_case_uqi.o)
                0x00001f1c                __gnu_thumb1_case_uqi
 .text          0x00001f30      0x114 c:/program files (x86)/atmel/studio/7.0/toolchain/arm/arm-gnu-toolchain/bin/../lib/gcc/arm-none-eabi/6.2.1/thumb/v6-m\libgcc.a(_udivsi3.o)
                0x00001f30                __aeabi_uidiv
                0x00001f30                __udivsi3
                0x0000203c                __aeabi_uidivmod
 .text          0x00002044        0x4 c:/program files (x86)/atmel/studio/7.0/toolchain/arm/arm-gnu-toolchain/bin/../lib/gcc/arm-none-eabi/6.2.1/thumb/v6-m\libgcc.a(_dvmd_tls.o)
                0x00002044                __aeabi_idiv0
                0x00002044                __aeabi_ldiv0
 .text.__libc_init_array
                0x00002048       0x48 c:/program files (x86)/atmel/studio/7.0/toolchain/arm/arm-gnu-toolchain/bin/../lib/gcc/arm-none-eabi/6.2.1/../../../../arm-none-eabi/lib/thumb/v6-m\libc_nano.a(lib_a-init.o)
                0x00002048                __libc_init_array
 .text.malloc   0x00002090       0x14 c:/program files (x86)/atmel/studio/7.0/toolchain/arm/arm-gnu-toolchain/bin/../lib/gcc/arm-none-eabi/6.2.1/../../../../arm-none-eabi/lib/thumb/v6-m\libc_nano.a(lib_a-malloc.o)
                0x00002090                malloc
 .text.memcpy   0x000020a4       0x12 c:/program files (x86)/atmel/studio/7.0/toolchain/arm/arm-gnu-toolchain/bin/../lib/gcc/arm-none-eabi/6.2.1/../../../../arm-none-eabi/lib/thumb/v6-m\libc_nano.a(lib_a-memcpy-stub.o)
                0x000020a4                memcpy
 .text.memset   0x000020b6       0x10 c:/program files (x86)/atmel/studio/7.0/toolchain/arm/arm-gnu-toolchain/bin/../lib/gcc/arm-none-eabi/6.2.1/../../../../arm-none-eabi/lib/thumb/v6-m\libc_nano.a(lib_a-memset.o)
                0x000020b6                memset
 *fill*         0x000020c6        0x2 
 .text._malloc_r
                0x000020c8       0xbc c:/program files (x86)/atmel/studio/7.0/toolchain/arm/arm-gnu-toolchain/bin/../lib/gcc/arm-none-eabi/6.2.1/../../../../arm-none-eabi/lib/thumb/v6-m\libc_nano.a(lib_a-nano-mallocr.o)
                0x000020c8                _malloc_r
 .text._sbrk_r  0x00002184       0x24 c:/program files (x86)/atmel/studio/7.0/toolchain/arm/arm-gnu-toolchain/bin/../lib/gcc/arm-none-eabi/6.2.1/../../../../arm-none-eabi/lib/thumb/v6-m\libc_nano.a(lib_a-sbrkr.o)
                0x00002184                _sbrk_r
 .text          0x000021a8        0xe c:/program files (x86)/atmel/studio/7.0/toolchain/arm/arm-gnu-toolchain/bin/../lib/gcc/arm-none-eabi/6.2.1/../../../../arm-none-eabi/lib/thumb/v6-m\libc_nano.a(lib_a-strlen.o)
                0x000021a8                strlen
 .text.__malloc_lock
                0x000021b6        0x2 c:/program files (x86)/atmel/studio/7.0/toolchain/arm/arm-gnu-toolchain/bin/../lib/gcc/arm-none-eabi/6.2.1/../../../../arm-none-eabi/lib/thumb/v6-m\libc_nano.a(lib_a-mlock.o)
                0x000021b6                __malloc_lock
 .text.__malloc_unlock
                0x000021b8        0x2 c:/program files (x86)/atmel/studio/7.0/toolchain/arm/arm-gnu-toolchain/bin/../lib/gcc/arm-none-eabi/6.2.1/../../../../arm-none-eabi/lib/thumb/v6-m\libc_nano.a(lib_a-mlock.o)
                0x000021b8                __malloc_unlock
 *fill*         0x000021ba        0x2 
 .text._sbrk    0x000021bc       0x1c c:/program files (x86)/atmel/studio/7.0/toolchain/arm/arm-gnu-toolchain/bin/../lib/gcc/arm-none-eabi/6.2.1/../../../../arm-none-eabi/lib/thumb/v6-m\libnosys.a(sbrk.o)
                0x000021bc                _sbrk
 *(.init)
 .init          0x000021d8        0x4 c:/program files (x86)/atmel/studio/7.0/toolchain/arm/arm-gnu-toolchain/bin/../lib/gcc/arm-none-eabi/6.2.1/thumb/v6-m/crti.o
                0x000021d8                _init
 .init          0x000021dc        0x8 c:/program files (x86)/atmel/studio/7.0/toolchain/arm/arm-gnu-toolchain/bin/../lib/gcc/arm-none-eabi/6.2.1/thumb/v6-m/crtn.o
 *(.fini)
 .fini          0x000021e4        0x4 c:/program files (x86)/atmel/studio/7.0/toolchain/arm/arm-gnu-toolchain/bin/../lib/gcc/arm-none-eabi/6.2.1/thumb/v6-m/crti.o
                0x000021e4                _fini
 .fini          0x000021e8        0x8 c:/program files (x86)/atmel/studio/7.0/toolchain/arm/arm-gnu-toolchain/bin/../lib/gcc/arm-none-eabi/6.2.1/thumb/v6-m/crtn.o
 *crtbegin.o(.ctors)
 *crtbegin?.o(.ctors)
 *(EXCLUDE_FILE(*crtend.o *crtend?.o) .ctors)
 *(SORT(.ctors.*))
 *(.ctors)
 *crtbegin.o(.dtors)
 *crtbegin?.o(.dtors)
 *(EXCLUDE_FILE(*crtend.o *crtend?.o) .dtors)
 *(SORT(.dtors.*))
 *(.dtors)
 *(.rodata*)
 .rodata        0x000021f0        0x5 Sketch.o
 *fill*         0x000021f5        0x3 
 .rodata._ZTV26DoubleBufferedEPOutHandler
                0x000021f8       0x14 C:\Users\brian\DOCUME~1\VISUAL~4\Projects\CRANEC~2\Firmware\ADCTRA~1\ADCTRA~1\ARDUIN~1\Debug\libArduinoCore.a(USBCore.o)
                0x000021f8                vtable for DoubleBufferedEPOutHandler
 .rodata._ZL14STRING_PRODUCT
                0x0000220c        0xb C:\Users\brian\DOCUME~1\VISUAL~4\Projects\CRANEC~2\Firmware\ADCTRA~1\ADCTRA~1\ARDUIN~1\Debug\libArduinoCore.a(USBCore.o)
 *fill*         0x00002217        0x1 
 .rodata._ZL15STRING_LANGUAGE
                0x00002218        0x4 C:\Users\brian\DOCUME~1\VISUAL~4\Projects\CRANEC~2\Firmware\ADCTRA~1\ADCTRA~1\ARDUIN~1\Debug\libArduinoCore.a(USBCore.o)
 .rodata._ZL19STRING_MANUFACTURER
                0x0000221c        0x9 C:\Users\brian\DOCUME~1\VISUAL~4\Projects\CRANEC~2\Firmware\ADCTRA~1\ADCTRA~1\ARDUIN~1\Debug\libArduinoCore.a(USBCore.o)
 .rodata._ZL21USB_DeviceDescriptorB
                0x00002225       0x12 C:\Users\brian\DOCUME~1\VISUAL~4\Projects\CRANEC~2\Firmware\ADCTRA~1\ADCTRA~1\ARDUIN~1\Debug\libArduinoCore.a(USBCore.o)
 *fill*         0x00002237        0x1 
 .rodata.g_APinDescription
                0x00002238      0x420 C:\Users\brian\DOCUME~1\VISUAL~4\Projects\CRANEC~2\Firmware\ADCTRA~1\ADCTRA~1\ARDUIN~1\Debug\libArduinoCore.a(variant.o)
                0x00002238                g_APinDescription
 .rodata._ZTV4Uart
                0x00002658       0x34 C:\Users\brian\DOCUME~1\VISUAL~4\Projects\CRANEC~2\Firmware\ADCTRA~1\ADCTRA~1\ARDUIN~1\Debug\libArduinoCore.a(Uart.o)
                0x00002658                vtable for Uart
 .rodata._ZTV7Serial_
                0x0000268c       0x24 C:\Users\brian\DOCUME~1\VISUAL~4\Projects\CRANEC~2\Firmware\ADCTRA~1\ADCTRA~1\ARDUIN~1\Debug\libArduinoCore.a(CDC.o)
                0x0000268c                vtable for Serial_
 *(.eh_frame*)
 .eh_frame      0x000026b0        0x0 c:/program files (x86)/atmel/studio/7.0/toolchain/arm/arm-gnu-toolchain/bin/../lib/gcc/arm-none-eabi/6.2.1/thumb/v6-m/crtbegin.o
 .eh_frame      0x000026b0        0x4 c:/program files (x86)/atmel/studio/7.0/toolchain/arm/arm-gnu-toolchain/bin/../lib/gcc/arm-none-eabi/6.2.1/thumb/v6-m/crtend.o

.glue_7         0x000026b4        0x0
 .glue_7        0x000026b4        0x0 linker stubs

.glue_7t        0x000026b4        0x0
 .glue_7t       0x000026b4        0x0 linker stubs

.vfp11_veneer   0x000026b4        0x0
 .vfp11_veneer  0x000026b4        0x0 linker stubs

.v4_bx          0x000026b4        0x0
 .v4_bx         0x000026b4        0x0 linker stubs

.iplt           0x000026b4        0x0
 .iplt          0x000026b4        0x0 c:/program files (x86)/atmel/studio/7.0/toolchain/arm/arm-gnu-toolchain/bin/../lib/gcc/arm-none-eabi/6.2.1/thumb/v6-m/crtbegin.o

.rel.dyn        0x000026b4        0x0
 .rel.iplt      0x000026b4        0x0 c:/program files (x86)/atmel/studio/7.0/toolchain/arm/arm-gnu-toolchain/bin/../lib/gcc/arm-none-eabi/6.2.1/thumb/v6-m/crtbegin.o

.ARM.extab
 *(.ARM.extab* .gnu.linkonce.armextab.*)
                0x000026b4                __exidx_start = .

.ARM.exidx
 *(.ARM.exidx* .gnu.linkonce.armexidx.*)
                0x000026b4                __exidx_end = .
                0x000026b4                __etext = .

.data           0x20000000      0x100 load address 0x000026b4
                0x20000000                __data_start__ = .
 *(vtable)
 *(.data*)
 .data._ZL5ticks
                0x20000000        0x4 C:\Users\brian\DOCUME~1\VISUAL~4\Projects\CRANEC~2\Firmware\ADCTRA~1\ADCTRA~1\ARDUIN~1\Debug\libArduinoCore.a(Reset.o)
 .data.EndPoints
                0x20000004       0x28 C:\Users\brian\DOCUME~1\VISUAL~4\Projects\CRANEC~2\Firmware\ADCTRA~1\ADCTRA~1\ARDUIN~1\Debug\libArduinoCore.a(USBCore.o)
                0x20000004                EndPoints
 .data.SystemCoreClock
                0x2000002c        0x4 C:\Users\brian\DOCUME~1\VISUAL~4\Projects\CRANEC~2\Firmware\ADCTRA~1\ADCTRA~1\ARDUIN~1\Debug\libArduinoCore.a(wiring.o)
                0x2000002c                SystemCoreClock
 .data._ZL10breakValue
                0x20000030        0x4 C:\Users\brian\DOCUME~1\VISUAL~4\Projects\CRANEC~2\Firmware\ADCTRA~1\ADCTRA~1\ARDUIN~1\Debug\libArduinoCore.a(CDC.o)
 .data._ZL12_usbLineInfo
                0x20000034        0x8 C:\Users\brian\DOCUME~1\VISUAL~4\Projects\CRANEC~2\Firmware\ADCTRA~1\ADCTRA~1\ARDUIN~1\Debug\libArduinoCore.a(CDC.o)
 .data._ZL13_cdcInterface
                0x2000003c       0x42 C:\Users\brian\DOCUME~1\VISUAL~4\Projects\CRANEC~2\Firmware\ADCTRA~1\ADCTRA~1\ARDUIN~1\Debug\libArduinoCore.a(CDC.o)
 *fill*         0x2000007e        0x2 
 .data._serialPeek
                0x20000080        0x4 C:\Users\brian\DOCUME~1\VISUAL~4\Projects\CRANEC~2\Firmware\ADCTRA~1\ADCTRA~1\ARDUIN~1\Debug\libArduinoCore.a(CDC.o)
                0x20000080                _serialPeek
 .data._impure_ptr
                0x20000084        0x4 c:/program files (x86)/atmel/studio/7.0/toolchain/arm/arm-gnu-toolchain/bin/../lib/gcc/arm-none-eabi/6.2.1/../../../../arm-none-eabi/lib/thumb/v6-m\libc_nano.a(lib_a-impure.o)
                0x20000084                _impure_ptr
 .data.impure_data
                0x20000088       0x60 c:/program files (x86)/atmel/studio/7.0/toolchain/arm/arm-gnu-toolchain/bin/../lib/gcc/arm-none-eabi/6.2.1/../../../../arm-none-eabi/lib/thumb/v6-m\libc_nano.a(lib_a-impure.o)
                0x200000e8                . = ALIGN (0x4)
                0x200000e8                PROVIDE (__preinit_array_start, .)
 *(.preinit_array)
                0x200000e8                PROVIDE (__preinit_array_end, .)
                0x200000e8                . = ALIGN (0x4)
                0x200000e8                PROVIDE (__init_array_start, .)
 *(SORT(.init_array.*))
 *(.init_array)
 .init_array    0x200000e8        0x4 c:/program files (x86)/atmel/studio/7.0/toolchain/arm/arm-gnu-toolchain/bin/../lib/gcc/arm-none-eabi/6.2.1/thumb/v6-m/crtbegin.o
 .init_array    0x200000ec        0x4 C:\Users\brian\DOCUME~1\VISUAL~4\Projects\CRANEC~2\Firmware\ADCTRA~1\ADCTRA~1\ARDUIN~1\Debug\libArduinoCore.a(USBCore.o)
 .init_array    0x200000f0        0x4 C:\Users\brian\DOCUME~1\VISUAL~4\Projects\CRANEC~2\Firmware\ADCTRA~1\ADCTRA~1\ARDUIN~1\Debug\libArduinoCore.a(variant.o)
 .init_array    0x200000f4        0x4 C:\Users\brian\DOCUME~1\VISUAL~4\Projects\CRANEC~2\Firmware\ADCTRA~1\ADCTRA~1\ARDUIN~1\Debug\libArduinoCore.a(CDC.o)
                0x200000f8                PROVIDE (__init_array_end, .)
                0x200000f8                . = ALIGN (0x4)
                [!provide]                PROVIDE (__fini_array_start, .)
 *(SORT(.fini_array.*))
 *(.fini_array)
 .fini_array    0x200000f8        0x4 c:/program files (x86)/atmel/studio/7.0/toolchain/arm/arm-gnu-toolchain/bin/../lib/gcc/arm-none-eabi/6.2.1/thumb/v6-m/crtbegin.o
                [!provide]                PROVIDE (__fini_array_end, .)
 *(.jcr*)
 .jcr           0x200000fc        0x0 c:/program files (x86)/atmel/studio/7.0/toolchain/arm/arm-gnu-toolchain/bin/../lib/gcc/arm-none-eabi/6.2.1/thumb/v6-m/crtbegin.o
 .jcr           0x200000fc        0x4 c:/program files (x86)/atmel/studio/7.0/toolchain/arm/arm-gnu-toolchain/bin/../lib/gcc/arm-none-eabi/6.2.1/thumb/v6-m/crtend.o
                0x20000100                . = ALIGN (0x10)
                0x20000100                __data_end__ = .

.igot.plt       0x20000100        0x0 load address 0x000027b4
 .igot.plt      0x20000100        0x0 c:/program files (x86)/atmel/studio/7.0/toolchain/arm/arm-gnu-toolchain/bin/../lib/gcc/arm-none-eabi/6.2.1/thumb/v6-m/crtbegin.o

.bss            0x20000100      0x7a8 load address 0x000027b4
                0x20000100                . = ALIGN (0x4)
                0x20000100                __bss_start__ = .
 *(.bss*)
 .bss           0x20000100       0x1c c:/program files (x86)/atmel/studio/7.0/toolchain/arm/arm-gnu-toolchain/bin/../lib/gcc/arm-none-eabi/6.2.1/thumb/v6-m/crtbegin.o
 .bss.usb_isr   0x2000011c        0x4 C:\Users\brian\DOCUME~1\VISUAL~4\Projects\CRANEC~2\Firmware\ADCTRA~1\ADCTRA~1\ARDUIN~1\Debug\libArduinoCore.a(cortex_handlers.o)
 .bss._ulTickCount
                0x20000120        0x4 C:\Users\brian\DOCUME~1\VISUAL~4\Projects\CRANEC~2\Firmware\ADCTRA~1\ADCTRA~1\ARDUIN~1\Debug\libArduinoCore.a(delay.o)
 .bss.USBDevice
                0x20000124        0x1 C:\Users\brian\DOCUME~1\VISUAL~4\Projects\CRANEC~2\Firmware\ADCTRA~1\ADCTRA~1\ARDUIN~1\Debug\libArduinoCore.a(USBCore.o)
                0x20000124                USBDevice
 *fill*         0x20000125        0x3 
 .bss._ZL10epHandlers
                0x20000128       0x1c C:\Users\brian\DOCUME~1\VISUAL~4\Projects\CRANEC~2\Firmware\ADCTRA~1\ADCTRA~1\ARDUIN~1\Debug\libArduinoCore.a(USBCore.o)
 .bss._ZL10rxLEDPulse
                0x20000144        0x1 C:\Users\brian\DOCUME~1\VISUAL~4\Projects\CRANEC~2\Firmware\ADCTRA~1\ADCTRA~1\ARDUIN~1\Debug\libArduinoCore.a(USBCore.o)
 .bss._ZL10txLEDPulse
                0x20000145        0x1 C:\Users\brian\DOCUME~1\VISUAL~4\Projects\CRANEC~2\Firmware\ADCTRA~1\ADCTRA~1\ARDUIN~1\Debug\libArduinoCore.a(USBCore.o)
 .bss._ZL14isEndpointHalt
                0x20000146        0x1 C:\Users\brian\DOCUME~1\VISUAL~4\Projects\CRANEC~2\Firmware\ADCTRA~1\ADCTRA~1\ARDUIN~1\Debug\libArduinoCore.a(USBCore.o)
 .bss._ZL20LastTransmitTimedOut
                0x20000147        0x7 C:\Users\brian\DOCUME~1\VISUAL~4\Projects\CRANEC~2\Firmware\ADCTRA~1\ADCTRA~1\ARDUIN~1\Debug\libArduinoCore.a(USBCore.o)
 .bss._ZL21isRemoteWakeUpEnabled
                0x2000014e        0x1 C:\Users\brian\DOCUME~1\VISUAL~4\Projects\CRANEC~2\Firmware\ADCTRA~1\ADCTRA~1\ARDUIN~1\Debug\libArduinoCore.a(USBCore.o)
 *fill*         0x2000014f        0x1 
 .bss._ZL22udd_ep_in_cache_buffer
                0x20000150      0x1c0 C:\Users\brian\DOCUME~1\VISUAL~4\Projects\CRANEC~2\Firmware\ADCTRA~1\ADCTRA~1\ARDUIN~1\Debug\libArduinoCore.a(USBCore.o)
 .bss._ZL23udd_ep_out_cache_buffer
                0x20000310      0x1c0 C:\Users\brian\DOCUME~1\VISUAL~4\Projects\CRANEC~2\Firmware\ADCTRA~1\ADCTRA~1\ARDUIN~1\Debug\libArduinoCore.a(USBCore.o)
 .bss._dry_run  0x200004d0        0x1 C:\Users\brian\DOCUME~1\VISUAL~4\Projects\CRANEC~2\Firmware\ADCTRA~1\ADCTRA~1\ARDUIN~1\Debug\libArduinoCore.a(USBCore.o)
                0x200004d0                _dry_run
 .bss._pack_buffer
                0x200004d1      0x100 C:\Users\brian\DOCUME~1\VISUAL~4\Projects\CRANEC~2\Firmware\ADCTRA~1\ADCTRA~1\ARDUIN~1\Debug\libArduinoCore.a(USBCore.o)
                0x200004d1                _pack_buffer
 .bss._pack_message
                0x200005d1        0x1 C:\Users\brian\DOCUME~1\VISUAL~4\Projects\CRANEC~2\Firmware\ADCTRA~1\ADCTRA~1\ARDUIN~1\Debug\libArduinoCore.a(USBCore.o)
                0x200005d1                _pack_message
 .bss._pack_size
                0x200005d2        0x2 C:\Users\brian\DOCUME~1\VISUAL~4\Projects\CRANEC~2\Firmware\ADCTRA~1\ADCTRA~1\ARDUIN~1\Debug\libArduinoCore.a(USBCore.o)
                0x200005d2                _pack_size
 .bss._usbConfiguration
                0x200005d4        0x4 C:\Users\brian\DOCUME~1\VISUAL~4\Projects\CRANEC~2\Firmware\ADCTRA~1\ADCTRA~1\ARDUIN~1\Debug\libArduinoCore.a(USBCore.o)
                0x200005d4                _usbConfiguration
 .bss._usbSetInterface
                0x200005d8        0x4 C:\Users\brian\DOCUME~1\VISUAL~4\Projects\CRANEC~2\Firmware\ADCTRA~1\ADCTRA~1\ARDUIN~1\Debug\libArduinoCore.a(USBCore.o)
                0x200005d8                _usbSetInterface
 .bss.usbd      0x200005dc      0x104 C:\Users\brian\DOCUME~1\VISUAL~4\Projects\CRANEC~2\Firmware\ADCTRA~1\ADCTRA~1\ARDUIN~1\Debug\libArduinoCore.a(USBCore.o)
                0x200005dc                usbd
 .bss.Serial    0x200006e0       0xbc C:\Users\brian\DOCUME~1\VISUAL~4\Projects\CRANEC~2\Firmware\ADCTRA~1\ADCTRA~1\ARDUIN~1\Debug\libArduinoCore.a(variant.o)
                0x200006e0                Serial
 .bss.Serial1   0x2000079c       0xbc C:\Users\brian\DOCUME~1\VISUAL~4\Projects\CRANEC~2\Firmware\ADCTRA~1\ADCTRA~1\ARDUIN~1\Debug\libArduinoCore.a(variant.o)
                0x2000079c                Serial1
 .bss.sercom0   0x20000858        0x4 C:\Users\brian\DOCUME~1\VISUAL~4\Projects\CRANEC~2\Firmware\ADCTRA~1\ADCTRA~1\ARDUIN~1\Debug\libArduinoCore.a(variant.o)
                0x20000858                sercom0
 .bss.sercom1   0x2000085c        0x4 C:\Users\brian\DOCUME~1\VISUAL~4\Projects\CRANEC~2\Firmware\ADCTRA~1\ADCTRA~1\ARDUIN~1\Debug\libArduinoCore.a(variant.o)
                0x2000085c                sercom1
 .bss.sercom2   0x20000860        0x4 C:\Users\brian\DOCUME~1\VISUAL~4\Projects\CRANEC~2\Firmware\ADCTRA~1\ADCTRA~1\ARDUIN~1\Debug\libArduinoCore.a(variant.o)
                0x20000860                sercom2
 .bss.sercom3   0x20000864        0x4 C:\Users\brian\DOCUME~1\VISUAL~4\Projects\CRANEC~2\Firmware\ADCTRA~1\ADCTRA~1\ARDUIN~1\Debug\libArduinoCore.a(variant.o)
                0x20000864                sercom3
 .bss.sercom4   0x20000868        0x4 C:\Users\brian\DOCUME~1\VISUAL~4\Projects\CRANEC~2\Firmware\ADCTRA~1\ADCTRA~1\ARDUIN~1\Debug\libArduinoCore.a(variant.o)
                0x20000868                sercom4
 .bss.sercom5   0x2000086c        0x4 C:\Users\brian\DOCUME~1\VISUAL~4\Projects\CRANEC~2\Firmware\ADCTRA~1\ADCTRA~1\ARDUIN~1\Debug\libArduinoCore.a(variant.o)
                0x2000086c                sercom5
 .bss.SerialUSB
                0x20000870       0x1c C:\Users\brian\DOCUME~1\VISUAL~4\Projects\CRANEC~2\Firmware\ADCTRA~1\ADCTRA~1\ARDUIN~1\Debug\libArduinoCore.a(CDC.o)
                0x20000870                SerialUSB
 .bss._ZGVZ12PluggableUSBvE3obj
                0x2000088c        0x4 C:\Users\brian\DOCUME~1\VISUAL~4\Projects\CRANEC~2\Firmware\ADCTRA~1\ADCTRA~1\ARDUIN~1\Debug\libArduinoCore.a(PluggableUSB.o)
 .bss._ZZ12PluggableUSBvE3obj
                0x20000890        0x8 C:\Users\brian\DOCUME~1\VISUAL~4\Projects\CRANEC~2\Firmware\ADCTRA~1\ADCTRA~1\ARDUIN~1\Debug\libArduinoCore.a(PluggableUSB.o)
 .bss.__malloc_free_list
                0x20000898        0x4 c:/program files (x86)/atmel/studio/7.0/toolchain/arm/arm-gnu-toolchain/bin/../lib/gcc/arm-none-eabi/6.2.1/../../../../arm-none-eabi/lib/thumb/v6-m\libc_nano.a(lib_a-nano-mallocr.o)
                0x20000898                __malloc_free_list
 .bss.__malloc_sbrk_start
                0x2000089c        0x4 c:/program files (x86)/atmel/studio/7.0/toolchain/arm/arm-gnu-toolchain/bin/../lib/gcc/arm-none-eabi/6.2.1/../../../../arm-none-eabi/lib/thumb/v6-m\libc_nano.a(lib_a-nano-mallocr.o)
                0x2000089c                __malloc_sbrk_start
 .bss.heap_end.4116
                0x200008a0        0x4 c:/program files (x86)/atmel/studio/7.0/toolchain/arm/arm-gnu-toolchain/bin/../lib/gcc/arm-none-eabi/6.2.1/../../../../arm-none-eabi/lib/thumb/v6-m\libnosys.a(sbrk.o)
 *(COMMON)
 COMMON         0x200008a4        0x4 c:/program files (x86)/atmel/studio/7.0/toolchain/arm/arm-gnu-toolchain/bin/../lib/gcc/arm-none-eabi/6.2.1/../../../../arm-none-eabi/lib/thumb/v6-m\libc_nano.a(lib_a-reent.o)
                0x200008a4                errno
                0x200008a8                . = ALIGN (0x4)
                0x200008a8                __bss_end__ = .

.heap           0x200008a8        0x0
                0x200008a8                __end__ = .
                0x200008a8                PROVIDE (end, .)
 *(.heap*)
                0x200008a8                __HeapLimit = .

.stack_dummy    0x200008a8        0x0
 *(.stack*)
                0x20008000                __StackTop = (ORIGIN (RAM) + LENGTH (RAM))
                0x20008000                __StackLimit = (__StackTop - SIZEOF (.stack_dummy))
                0x20008000                PROVIDE (__stack, __StackTop)
                0x20007fff                __ram_end__ = ((ORIGIN (RAM) + LENGTH (RAM)) - 0x1)
                0x00000001                ASSERT ((__StackLimit >= __HeapLimit), region RAM overflowed with stack)
OUTPUT(ADCTrainLocator.elf elf32-littlearm)

.ARM.attributes
                0x00000000       0x28
 .ARM.attributes
                0x00000000       0x1e c:/program files (x86)/atmel/studio/7.0/toolchain/arm/arm-gnu-toolchain/bin/../lib/gcc/arm-none-eabi/6.2.1/thumb/v6-m/crti.o
 .ARM.attributes
                0x0000001e       0x2c c:/program files (x86)/atmel/studio/7.0/toolchain/arm/arm-gnu-toolchain/bin/../lib/gcc/arm-none-eabi/6.2.1/thumb/v6-m/crtbegin.o
 .ARM.attributes
                0x0000004a       0x32 Sketch.o
 .ARM.attributes
                0x0000007c       0x32 C:\Users\brian\DOCUME~1\VISUAL~4\Projects\CRANEC~2\Firmware\ADCTRA~1\ADCTRA~1\ARDUIN~1\Debug\libArduinoCore.a(cortex_handlers.o)
 .ARM.attributes
                0x000000ae       0x32 C:\Users\brian\DOCUME~1\VISUAL~4\Projects\CRANEC~2\Firmware\ADCTRA~1\ADCTRA~1\ARDUIN~1\Debug\libArduinoCore.a(delay.o)
 .ARM.attributes
                0x000000e0       0x32 C:\Users\brian\DOCUME~1\VISUAL~4\Projects\CRANEC~2\Firmware\ADCTRA~1\ADCTRA~1\ARDUIN~1\Debug\libArduinoCore.a(hooks.o)
 .ARM.attributes
                0x00000112       0x32 C:\Users\brian\DOCUME~1\VISUAL~4\Projects\CRANEC~2\Firmware\ADCTRA~1\ADCTRA~1\ARDUIN~1\Debug\libArduinoCore.a(main.o)
 .ARM.attributes
                0x00000144       0x32 C:\Users\brian\DOCUME~1\VISUAL~4\Projects\CRANEC~2\Firmware\ADCTRA~1\ADCTRA~1\ARDUIN~1\Debug\libArduinoCore.a(new.o)
 .ARM.attributes
                0x00000176       0x32 C:\Users\brian\DOCUME~1\VISUAL~4\Projects\CRANEC~2\Firmware\ADCTRA~1\ADCTRA~1\ARDUIN~1\Debug\libArduinoCore.a(Reset.o)
 .ARM.attributes
                0x000001a8       0x32 C:\Users\brian\DOCUME~1\VISUAL~4\Projects\CRANEC~2\Firmware\ADCTRA~1\ADCTRA~1\ARDUIN~1\Debug\libArduinoCore.a(startup.o)
 .ARM.attributes
                0x000001da       0x32 C:\Users\brian\DOCUME~1\VISUAL~4\Projects\CRANEC~2\Firmware\ADCTRA~1\ADCTRA~1\ARDUIN~1\Debug\libArduinoCore.a(USBCore.o)
 .ARM.attributes
                0x0000020c       0x32 C:\Users\brian\DOCUME~1\VISUAL~4\Projects\CRANEC~2\Firmware\ADCTRA~1\ADCTRA~1\ARDUIN~1\Debug\libArduinoCore.a(wiring.o)
 .ARM.attributes
                0x0000023e       0x32 C:\Users\brian\DOCUME~1\VISUAL~4\Projects\CRANEC~2\Firmware\ADCTRA~1\ADCTRA~1\ARDUIN~1\Debug\libArduinoCore.a(wiring_analog.o)
 .ARM.attributes
                0x00000270       0x32 C:\Users\brian\DOCUME~1\VISUAL~4\Projects\CRANEC~2\Firmware\ADCTRA~1\ADCTRA~1\ARDUIN~1\Debug\libArduinoCore.a(wiring_digital.o)
 .ARM.attributes
                0x000002a2       0x32 C:\Users\brian\DOCUME~1\VISUAL~4\Projects\CRANEC~2\Firmware\ADCTRA~1\ADCTRA~1\ARDUIN~1\Debug\libArduinoCore.a(wiring_private.o)
 .ARM.attributes
                0x000002d4       0x32 C:\Users\brian\DOCUME~1\VISUAL~4\Projects\CRANEC~2\Firmware\ADCTRA~1\ADCTRA~1\ARDUIN~1\Debug\libArduinoCore.a(variant.o)
 .ARM.attributes
                0x00000306       0x32 C:\Users\brian\DOCUME~1\VISUAL~4\Projects\CRANEC~2\Firmware\ADCTRA~1\ADCTRA~1\ARDUIN~1\Debug\libArduinoCore.a(SERCOM.o)
 .ARM.attributes
                0x00000338       0x32 C:\Users\brian\DOCUME~1\VISUAL~4\Projects\CRANEC~2\Firmware\ADCTRA~1\ADCTRA~1\ARDUIN~1\Debug\libArduinoCore.a(Uart.o)
 .ARM.attributes
                0x0000036a       0x32 C:\Users\brian\DOCUME~1\VISUAL~4\Projects\CRANEC~2\Firmware\ADCTRA~1\ADCTRA~1\ARDUIN~1\Debug\libArduinoCore.a(CDC.o)
 .ARM.attributes
                0x0000039c       0x32 C:\Users\brian\DOCUME~1\VISUAL~4\Projects\CRANEC~2\Firmware\ADCTRA~1\ADCTRA~1\ARDUIN~1\Debug\libArduinoCore.a(PluggableUSB.o)
 .ARM.attributes
                0x000003ce       0x32 C:\Users\brian\DOCUME~1\VISUAL~4\Projects\CRANEC~2\Firmware\ADCTRA~1\ADCTRA~1\ARDUIN~1\Debug\libArduinoCore.a(Print.o)
 .ARM.attributes
                0x00000400       0x32 C:\Users\brian\DOCUME~1\VISUAL~4\Projects\CRANEC~2\Firmware\ADCTRA~1\ADCTRA~1\ARDUIN~1\Debug\libArduinoCore.a(RingBuffer.o)
 .ARM.attributes
                0x00000432       0x1e c:/program files (x86)/atmel/studio/7.0/toolchain/arm/arm-gnu-toolchain/bin/../lib/gcc/arm-none-eabi/6.2.1/thumb/v6-m\libgcc.a(_thumb1_case_uqi.o)
 .ARM.attributes
                0x00000450       0x1e c:/program files (x86)/atmel/studio/7.0/toolchain/arm/arm-gnu-toolchain/bin/../lib/gcc/arm-none-eabi/6.2.1/thumb/v6-m\libgcc.a(_udivsi3.o)
 .ARM.attributes
                0x0000046e       0x1e c:/program files (x86)/atmel/studio/7.0/toolchain/arm/arm-gnu-toolchain/bin/../lib/gcc/arm-none-eabi/6.2.1/thumb/v6-m\libgcc.a(_dvmd_tls.o)
 .ARM.attributes
                0x0000048c       0x2c c:/program files (x86)/atmel/studio/7.0/toolchain/arm/arm-gnu-toolchain/bin/../lib/gcc/arm-none-eabi/6.2.1/../../../../arm-none-eabi/lib/thumb/v6-m\libc_nano.a(lib_a-impure.o)
 .ARM.attributes
                0x000004b8       0x2c c:/program files (x86)/atmel/studio/7.0/toolchain/arm/arm-gnu-toolchain/bin/../lib/gcc/arm-none-eabi/6.2.1/../../../../arm-none-eabi/lib/thumb/v6-m\libc_nano.a(lib_a-init.o)
 .ARM.attributes
                0x000004e4       0x2c c:/program files (x86)/atmel/studio/7.0/toolchain/arm/arm-gnu-toolchain/bin/../lib/gcc/arm-none-eabi/6.2.1/../../../../arm-none-eabi/lib/thumb/v6-m\libc_nano.a(lib_a-malloc.o)
 .ARM.attributes
                0x00000510       0x2c c:/program files (x86)/atmel/studio/7.0/toolchain/arm/arm-gnu-toolchain/bin/../lib/gcc/arm-none-eabi/6.2.1/../../../../arm-none-eabi/lib/thumb/v6-m\libc_nano.a(lib_a-memcpy-stub.o)
 .ARM.attributes
                0x0000053c       0x2c c:/program files (x86)/atmel/studio/7.0/toolchain/arm/arm-gnu-toolchain/bin/../lib/gcc/arm-none-eabi/6.2.1/../../../../arm-none-eabi/lib/thumb/v6-m\libc_nano.a(lib_a-memset.o)
 .ARM.attributes
                0x00000568       0x2c c:/program files (x86)/atmel/studio/7.0/toolchain/arm/arm-gnu-toolchain/bin/../lib/gcc/arm-none-eabi/6.2.1/../../../../arm-none-eabi/lib/thumb/v6-m\libc_nano.a(lib_a-nano-mallocr.o)
 .ARM.attributes
                0x00000594       0x2c c:/program files (x86)/atmel/studio/7.0/toolchain/arm/arm-gnu-toolchain/bin/../lib/gcc/arm-none-eabi/6.2.1/../../../../arm-none-eabi/lib/thumb/v6-m\libc_nano.a(lib_a-sbrkr.o)
 .ARM.attributes
                0x000005c0       0x1c c:/program files (x86)/atmel/studio/7.0/toolchain/arm/arm-gnu-toolchain/bin/../lib/gcc/arm-none-eabi/6.2.1/../../../../arm-none-eabi/lib/thumb/v6-m\libc_nano.a(lib_a-strlen.o)
 .ARM.attributes
                0x000005dc       0x2c c:/program files (x86)/atmel/studio/7.0/toolchain/arm/arm-gnu-toolchain/bin/../lib/gcc/arm-none-eabi/6.2.1/../../../../arm-none-eabi/lib/thumb/v6-m\libc_nano.a(lib_a-mlock.o)
 .ARM.attributes
                0x00000608       0x2c c:/program files (x86)/atmel/studio/7.0/toolchain/arm/arm-gnu-toolchain/bin/../lib/gcc/arm-none-eabi/6.2.1/../../../../arm-none-eabi/lib/thumb/v6-m\libc_nano.a(lib_a-reent.o)
 .ARM.attributes
                0x00000634       0x2c c:/program files (x86)/atmel/studio/7.0/toolchain/arm/arm-gnu-toolchain/bin/../lib/gcc/arm-none-eabi/6.2.1/../../../../arm-none-eabi/lib/thumb/v6-m\libnosys.a(sbrk.o)
 .ARM.attributes
                0x00000660       0x2c c:/program files (x86)/atmel/studio/7.0/toolchain/arm/arm-gnu-toolchain/bin/../lib/gcc/arm-none-eabi/6.2.1/thumb/v6-m/crtend.o
 .ARM.attributes
                0x0000068c       0x1e c:/program files (x86)/atmel/studio/7.0/toolchain/arm/arm-gnu-toolchain/bin/../lib/gcc/arm-none-eabi/6.2.1/thumb/v6-m/crtn.o

.comment        0x00000000       0x59
 .comment       0x00000000       0x59 Sketch.o
                                 0x5a (size before relaxing)
 .comment       0x00000059       0x5a C:\Users\brian\DOCUME~1\VISUAL~4\Projects\CRANEC~2\Firmware\ADCTRA~1\ADCTRA~1\ARDUIN~1\Debug\libArduinoCore.a(cortex_handlers.o)
 .comment       0x00000059       0x5a C:\Users\brian\DOCUME~1\VISUAL~4\Projects\CRANEC~2\Firmware\ADCTRA~1\ADCTRA~1\ARDUIN~1\Debug\libArduinoCore.a(delay.o)
 .comment       0x00000059       0x5a C:\Users\brian\DOCUME~1\VISUAL~4\Projects\CRANEC~2\Firmware\ADCTRA~1\ADCTRA~1\ARDUIN~1\Debug\libArduinoCore.a(hooks.o)
 .comment       0x00000059       0x5a C:\Users\brian\DOCUME~1\VISUAL~4\Projects\CRANEC~2\Firmware\ADCTRA~1\ADCTRA~1\ARDUIN~1\Debug\libArduinoCore.a(main.o)
 .comment       0x00000059       0x5a C:\Users\brian\DOCUME~1\VISUAL~4\Projects\CRANEC~2\Firmware\ADCTRA~1\ADCTRA~1\ARDUIN~1\Debug\libArduinoCore.a(new.o)
 .comment       0x00000059       0x5a C:\Users\brian\DOCUME~1\VISUAL~4\Projects\CRANEC~2\Firmware\ADCTRA~1\ADCTRA~1\ARDUIN~1\Debug\libArduinoCore.a(Reset.o)
 .comment       0x00000059       0x5a C:\Users\brian\DOCUME~1\VISUAL~4\Projects\CRANEC~2\Firmware\ADCTRA~1\ADCTRA~1\ARDUIN~1\Debug\libArduinoCore.a(startup.o)
 .comment       0x00000059       0x5a C:\Users\brian\DOCUME~1\VISUAL~4\Projects\CRANEC~2\Firmware\ADCTRA~1\ADCTRA~1\ARDUIN~1\Debug\libArduinoCore.a(USBCore.o)
 .comment       0x00000059       0x5a C:\Users\brian\DOCUME~1\VISUAL~4\Projects\CRANEC~2\Firmware\ADCTRA~1\ADCTRA~1\ARDUIN~1\Debug\libArduinoCore.a(wiring.o)
 .comment       0x00000059       0x5a C:\Users\brian\DOCUME~1\VISUAL~4\Projects\CRANEC~2\Firmware\ADCTRA~1\ADCTRA~1\ARDUIN~1\Debug\libArduinoCore.a(wiring_analog.o)
 .comment       0x00000059       0x5a C:\Users\brian\DOCUME~1\VISUAL~4\Projects\CRANEC~2\Firmware\ADCTRA~1\ADCTRA~1\ARDUIN~1\Debug\libArduinoCore.a(wiring_digital.o)
 .comment       0x00000059       0x5a C:\Users\brian\DOCUME~1\VISUAL~4\Projects\CRANEC~2\Firmware\ADCTRA~1\ADCTRA~1\ARDUIN~1\Debug\libArduinoCore.a(wiring_private.o)
 .comment       0x00000059       0x5a C:\Users\brian\DOCUME~1\VISUAL~4\Projects\CRANEC~2\Firmware\ADCTRA~1\ADCTRA~1\ARDUIN~1\Debug\libArduinoCore.a(variant.o)
 .comment       0x00000059       0x5a C:\Users\brian\DOCUME~1\VISUAL~4\Projects\CRANEC~2\Firmware\ADCTRA~1\ADCTRA~1\ARDUIN~1\Debug\libArduinoCore.a(SERCOM.o)
 .comment       0x00000059       0x5a C:\Users\brian\DOCUME~1\VISUAL~4\Projects\CRANEC~2\Firmware\ADCTRA~1\ADCTRA~1\ARDUIN~1\Debug\libArduinoCore.a(Uart.o)
 .comment       0x00000059       0x5a C:\Users\brian\DOCUME~1\VISUAL~4\Projects\CRANEC~2\Firmware\ADCTRA~1\ADCTRA~1\ARDUIN~1\Debug\libArduinoCore.a(CDC.o)
 .comment       0x00000059       0x5a C:\Users\brian\DOCUME~1\VISUAL~4\Projects\CRANEC~2\Firmware\ADCTRA~1\ADCTRA~1\ARDUIN~1\Debug\libArduinoCore.a(PluggableUSB.o)
 .comment       0x00000059       0x5a C:\Users\brian\DOCUME~1\VISUAL~4\Projects\CRANEC~2\Firmware\ADCTRA~1\ADCTRA~1\ARDUIN~1\Debug\libArduinoCore.a(Print.o)
 .comment       0x00000059       0x5a C:\Users\brian\DOCUME~1\VISUAL~4\Projects\CRANEC~2\Firmware\ADCTRA~1\ADCTRA~1\ARDUIN~1\Debug\libArduinoCore.a(RingBuffer.o)

.debug_info     0x00000000    0x502b3
 .debug_info    0x00000000     0x4875 Sketch.o
 .debug_info    0x00004875     0x1258 C:\Users\brian\DOCUME~1\VISUAL~4\Projects\CRANEC~2\Firmware\ADCTRA~1\ADCTRA~1\ARDUIN~1\Debug\libArduinoCore.a(cortex_handlers.o)
 .debug_info    0x00005acd     0x149f C:\Users\brian\DOCUME~1\VISUAL~4\Projects\CRANEC~2\Firmware\ADCTRA~1\ADCTRA~1\ARDUIN~1\Debug\libArduinoCore.a(delay.o)
 .debug_info    0x00006f6c       0x72 C:\Users\brian\DOCUME~1\VISUAL~4\Projects\CRANEC~2\Firmware\ADCTRA~1\ADCTRA~1\ARDUIN~1\Debug\libArduinoCore.a(hooks.o)
 .debug_info    0x00006fde     0x47d5 C:\Users\brian\DOCUME~1\VISUAL~4\Projects\CRANEC~2\Firmware\ADCTRA~1\ADCTRA~1\ARDUIN~1\Debug\libArduinoCore.a(main.o)
 .debug_info    0x0000b7b3     0x1071 C:\Users\brian\DOCUME~1\VISUAL~4\Projects\CRANEC~2\Firmware\ADCTRA~1\ADCTRA~1\ARDUIN~1\Debug\libArduinoCore.a(new.o)
 .debug_info    0x0000c824     0x4db6 C:\Users\brian\DOCUME~1\VISUAL~4\Projects\CRANEC~2\Firmware\ADCTRA~1\ADCTRA~1\ARDUIN~1\Debug\libArduinoCore.a(Reset.o)
 .debug_info    0x000115da     0x3866 C:\Users\brian\DOCUME~1\VISUAL~4\Projects\CRANEC~2\Firmware\ADCTRA~1\ADCTRA~1\ARDUIN~1\Debug\libArduinoCore.a(startup.o)
 .debug_info    0x00014e40     0xc4ee C:\Users\brian\DOCUME~1\VISUAL~4\Projects\CRANEC~2\Firmware\ADCTRA~1\ADCTRA~1\ARDUIN~1\Debug\libArduinoCore.a(USBCore.o)
 .debug_info    0x0002132e     0x302b C:\Users\brian\DOCUME~1\VISUAL~4\Projects\CRANEC~2\Firmware\ADCTRA~1\ADCTRA~1\ARDUIN~1\Debug\libArduinoCore.a(wiring.o)
 .debug_info    0x00024359     0x545e C:\Users\brian\DOCUME~1\VISUAL~4\Projects\CRANEC~2\Firmware\ADCTRA~1\ADCTRA~1\ARDUIN~1\Debug\libArduinoCore.a(wiring_analog.o)
 .debug_info    0x000297b7     0x194c C:\Users\brian\DOCUME~1\VISUAL~4\Projects\CRANEC~2\Firmware\ADCTRA~1\ADCTRA~1\ARDUIN~1\Debug\libArduinoCore.a(wiring_digital.o)
 .debug_info    0x0002b103     0x192f C:\Users\brian\DOCUME~1\VISUAL~4\Projects\CRANEC~2\Firmware\ADCTRA~1\ADCTRA~1\ARDUIN~1\Debug\libArduinoCore.a(wiring_private.o)
 .debug_info    0x0002ca32     0x6aaf C:\Users\brian\DOCUME~1\VISUAL~4\Projects\CRANEC~2\Firmware\ADCTRA~1\ADCTRA~1\ARDUIN~1\Debug\libArduinoCore.a(variant.o)
 .debug_info    0x000334e1     0x5285 C:\Users\brian\DOCUME~1\VISUAL~4\Projects\CRANEC~2\Firmware\ADCTRA~1\ADCTRA~1\ARDUIN~1\Debug\libArduinoCore.a(SERCOM.o)
 .debug_info    0x00038766     0x726b C:\Users\brian\DOCUME~1\VISUAL~4\Projects\CRANEC~2\Firmware\ADCTRA~1\ADCTRA~1\ARDUIN~1\Debug\libArduinoCore.a(Uart.o)
 .debug_info    0x0003f9d1     0x6f9a C:\Users\brian\DOCUME~1\VISUAL~4\Projects\CRANEC~2\Firmware\ADCTRA~1\ADCTRA~1\ARDUIN~1\Debug\libArduinoCore.a(CDC.o)
 .debug_info    0x0004696b     0x1bd4 C:\Users\brian\DOCUME~1\VISUAL~4\Projects\CRANEC~2\Firmware\ADCTRA~1\ADCTRA~1\ARDUIN~1\Debug\libArduinoCore.a(PluggableUSB.o)
 .debug_info    0x0004853f     0x6f93 C:\Users\brian\DOCUME~1\VISUAL~4\Projects\CRANEC~2\Firmware\ADCTRA~1\ADCTRA~1\ARDUIN~1\Debug\libArduinoCore.a(Print.o)
 .debug_info    0x0004f4d2      0xde1 C:\Users\brian\DOCUME~1\VISUAL~4\Projects\CRANEC~2\Firmware\ADCTRA~1\ADCTRA~1\ARDUIN~1\Debug\libArduinoCore.a(RingBuffer.o)

.debug_abbrev   0x00000000     0x5e30
 .debug_abbrev  0x00000000      0x4dc Sketch.o
 .debug_abbrev  0x000004dc      0x298 C:\Users\brian\DOCUME~1\VISUAL~4\Projects\CRANEC~2\Firmware\ADCTRA~1\ADCTRA~1\ARDUIN~1\Debug\libArduinoCore.a(cortex_handlers.o)
 .debug_abbrev  0x00000774      0x2bc C:\Users\brian\DOCUME~1\VISUAL~4\Projects\CRANEC~2\Firmware\ADCTRA~1\ADCTRA~1\ARDUIN~1\Debug\libArduinoCore.a(delay.o)
 .debug_abbrev  0x00000a30       0x4e C:\Users\brian\DOCUME~1\VISUAL~4\Projects\CRANEC~2\Firmware\ADCTRA~1\ADCTRA~1\ARDUIN~1\Debug\libArduinoCore.a(hooks.o)
 .debug_abbrev  0x00000a7e      0x4c2 C:\Users\brian\DOCUME~1\VISUAL~4\Projects\CRANEC~2\Firmware\ADCTRA~1\ADCTRA~1\ARDUIN~1\Debug\libArduinoCore.a(main.o)
 .debug_abbrev  0x00000f40      0x2e5 C:\Users\brian\DOCUME~1\VISUAL~4\Projects\CRANEC~2\Firmware\ADCTRA~1\ADCTRA~1\ARDUIN~1\Debug\libArduinoCore.a(new.o)
 .debug_abbrev  0x00001225      0x56e C:\Users\brian\DOCUME~1\VISUAL~4\Projects\CRANEC~2\Firmware\ADCTRA~1\ADCTRA~1\ARDUIN~1\Debug\libArduinoCore.a(Reset.o)
 .debug_abbrev  0x00001793      0x28f C:\Users\brian\DOCUME~1\VISUAL~4\Projects\CRANEC~2\Firmware\ADCTRA~1\ADCTRA~1\ARDUIN~1\Debug\libArduinoCore.a(startup.o)
 .debug_abbrev  0x00001a22      0xb6b C:\Users\brian\DOCUME~1\VISUAL~4\Projects\CRANEC~2\Firmware\ADCTRA~1\ADCTRA~1\ARDUIN~1\Debug\libArduinoCore.a(USBCore.o)
 .debug_abbrev  0x0000258d      0x35c C:\Users\brian\DOCUME~1\VISUAL~4\Projects\CRANEC~2\Firmware\ADCTRA~1\ADCTRA~1\ARDUIN~1\Debug\libArduinoCore.a(wiring.o)
 .debug_abbrev  0x000028e9      0x45f C:\Users\brian\DOCUME~1\VISUAL~4\Projects\CRANEC~2\Firmware\ADCTRA~1\ADCTRA~1\ARDUIN~1\Debug\libArduinoCore.a(wiring_analog.o)
 .debug_abbrev  0x00002d48      0x2fd C:\Users\brian\DOCUME~1\VISUAL~4\Projects\CRANEC~2\Firmware\ADCTRA~1\ADCTRA~1\ARDUIN~1\Debug\libArduinoCore.a(wiring_digital.o)
 .debug_abbrev  0x00003045      0x2ea C:\Users\brian\DOCUME~1\VISUAL~4\Projects\CRANEC~2\Firmware\ADCTRA~1\ADCTRA~1\ARDUIN~1\Debug\libArduinoCore.a(wiring_private.o)
 .debug_abbrev  0x0000332f      0x4f2 C:\Users\brian\DOCUME~1\VISUAL~4\Projects\CRANEC~2\Firmware\ADCTRA~1\ADCTRA~1\ARDUIN~1\Debug\libArduinoCore.a(variant.o)
 .debug_abbrev  0x00003821      0x6c5 C:\Users\brian\DOCUME~1\VISUAL~4\Projects\CRANEC~2\Firmware\ADCTRA~1\ADCTRA~1\ARDUIN~1\Debug\libArduinoCore.a(SERCOM.o)
 .debug_abbrev  0x00003ee6      0x764 C:\Users\brian\DOCUME~1\VISUAL~4\Projects\CRANEC~2\Firmware\ADCTRA~1\ADCTRA~1\ARDUIN~1\Debug\libArduinoCore.a(Uart.o)
 .debug_abbrev  0x0000464a      0x876 C:\Users\brian\DOCUME~1\VISUAL~4\Projects\CRANEC~2\Firmware\ADCTRA~1\ADCTRA~1\ARDUIN~1\Debug\libArduinoCore.a(CDC.o)
 .debug_abbrev  0x00004ec0      0x4d7 C:\Users\brian\DOCUME~1\VISUAL~4\Projects\CRANEC~2\Firmware\ADCTRA~1\ADCTRA~1\ARDUIN~1\Debug\libArduinoCore.a(PluggableUSB.o)
 .debug_abbrev  0x00005397      0x78f C:\Users\brian\DOCUME~1\VISUAL~4\Projects\CRANEC~2\Firmware\ADCTRA~1\ADCTRA~1\ARDUIN~1\Debug\libArduinoCore.a(Print.o)
 .debug_abbrev  0x00005b26      0x30a C:\Users\brian\DOCUME~1\VISUAL~4\Projects\CRANEC~2\Firmware\ADCTRA~1\ADCTRA~1\ARDUIN~1\Debug\libArduinoCore.a(RingBuffer.o)

.debug_loc      0x00000000     0x715c
 .debug_loc     0x00000000       0x9c Sketch.o
 .debug_loc     0x0000009c       0x9c C:\Users\brian\DOCUME~1\VISUAL~4\Projects\CRANEC~2\Firmware\ADCTRA~1\ADCTRA~1\ARDUIN~1\Debug\libArduinoCore.a(cortex_handlers.o)
 .debug_loc     0x00000138      0x169 C:\Users\brian\DOCUME~1\VISUAL~4\Projects\CRANEC~2\Firmware\ADCTRA~1\ADCTRA~1\ARDUIN~1\Debug\libArduinoCore.a(delay.o)
 .debug_loc     0x000002a1       0x20 C:\Users\brian\DOCUME~1\VISUAL~4\Projects\CRANEC~2\Firmware\ADCTRA~1\ADCTRA~1\ARDUIN~1\Debug\libArduinoCore.a(main.o)
 .debug_loc     0x000002c1       0x82 C:\Users\brian\DOCUME~1\VISUAL~4\Projects\CRANEC~2\Firmware\ADCTRA~1\ADCTRA~1\ARDUIN~1\Debug\libArduinoCore.a(new.o)
 .debug_loc     0x00000343       0x20 C:\Users\brian\DOCUME~1\VISUAL~4\Projects\CRANEC~2\Firmware\ADCTRA~1\ADCTRA~1\ARDUIN~1\Debug\libArduinoCore.a(Reset.o)
 .debug_loc     0x00000363       0x4e C:\Users\brian\DOCUME~1\VISUAL~4\Projects\CRANEC~2\Firmware\ADCTRA~1\ADCTRA~1\ARDUIN~1\Debug\libArduinoCore.a(startup.o)
 .debug_loc     0x000003b1     0x2b5e C:\Users\brian\DOCUME~1\VISUAL~4\Projects\CRANEC~2\Firmware\ADCTRA~1\ADCTRA~1\ARDUIN~1\Debug\libArduinoCore.a(USBCore.o)
 .debug_loc     0x00002f0f       0xcb C:\Users\brian\DOCUME~1\VISUAL~4\Projects\CRANEC~2\Firmware\ADCTRA~1\ADCTRA~1\ARDUIN~1\Debug\libArduinoCore.a(wiring.o)
 .debug_loc     0x00002fda      0x5a6 C:\Users\brian\DOCUME~1\VISUAL~4\Projects\CRANEC~2\Firmware\ADCTRA~1\ADCTRA~1\ARDUIN~1\Debug\libArduinoCore.a(wiring_analog.o)
 .debug_loc     0x00003580      0x18c C:\Users\brian\DOCUME~1\VISUAL~4\Projects\CRANEC~2\Firmware\ADCTRA~1\ADCTRA~1\ARDUIN~1\Debug\libArduinoCore.a(wiring_digital.o)
 .debug_loc     0x0000370c      0x14e C:\Users\brian\DOCUME~1\VISUAL~4\Projects\CRANEC~2\Firmware\ADCTRA~1\ADCTRA~1\ARDUIN~1\Debug\libArduinoCore.a(wiring_private.o)
 .debug_loc     0x0000385a       0x8a C:\Users\brian\DOCUME~1\VISUAL~4\Projects\CRANEC~2\Firmware\ADCTRA~1\ADCTRA~1\ARDUIN~1\Debug\libArduinoCore.a(variant.o)
 .debug_loc     0x000038e4      0xd02 C:\Users\brian\DOCUME~1\VISUAL~4\Projects\CRANEC~2\Firmware\ADCTRA~1\ADCTRA~1\ARDUIN~1\Debug\libArduinoCore.a(SERCOM.o)
 .debug_loc     0x000045e6      0x8ab C:\Users\brian\DOCUME~1\VISUAL~4\Projects\CRANEC~2\Firmware\ADCTRA~1\ADCTRA~1\ARDUIN~1\Debug\libArduinoCore.a(Uart.o)
 .debug_loc     0x00004e91      0x6ce C:\Users\brian\DOCUME~1\VISUAL~4\Projects\CRANEC~2\Firmware\ADCTRA~1\ADCTRA~1\ARDUIN~1\Debug\libArduinoCore.a(CDC.o)
 .debug_loc     0x0000555f      0x300 C:\Users\brian\DOCUME~1\VISUAL~4\Projects\CRANEC~2\Firmware\ADCTRA~1\ADCTRA~1\ARDUIN~1\Debug\libArduinoCore.a(PluggableUSB.o)
 .debug_loc     0x0000585f     0x16fb C:\Users\brian\DOCUME~1\VISUAL~4\Projects\CRANEC~2\Firmware\ADCTRA~1\ADCTRA~1\ARDUIN~1\Debug\libArduinoCore.a(Print.o)
 .debug_loc     0x00006f5a      0x202 C:\Users\brian\DOCUME~1\VISUAL~4\Projects\CRANEC~2\Firmware\ADCTRA~1\ADCTRA~1\ARDUIN~1\Debug\libArduinoCore.a(RingBuffer.o)

.debug_aranges  0x00000000      0x8c0
 .debug_aranges
                0x00000000       0x30 Sketch.o
 .debug_aranges
                0x00000030       0x40 C:\Users\brian\DOCUME~1\VISUAL~4\Projects\CRANEC~2\Firmware\ADCTRA~1\ADCTRA~1\ARDUIN~1\Debug\libArduinoCore.a(cortex_handlers.o)
 .debug_aranges
                0x00000070       0x38 C:\Users\brian\DOCUME~1\VISUAL~4\Projects\CRANEC~2\Firmware\ADCTRA~1\ADCTRA~1\ARDUIN~1\Debug\libArduinoCore.a(delay.o)
 .debug_aranges
                0x000000a8       0x30 C:\Users\brian\DOCUME~1\VISUAL~4\Projects\CRANEC~2\Firmware\ADCTRA~1\ADCTRA~1\ARDUIN~1\Debug\libArduinoCore.a(hooks.o)
 .debug_aranges
                0x000000d8       0x28 C:\Users\brian\DOCUME~1\VISUAL~4\Projects\CRANEC~2\Firmware\ADCTRA~1\ADCTRA~1\ARDUIN~1\Debug\libArduinoCore.a(main.o)
 .debug_aranges
                0x00000100       0x28 C:\Users\brian\DOCUME~1\VISUAL~4\Projects\CRANEC~2\Firmware\ADCTRA~1\ADCTRA~1\ARDUIN~1\Debug\libArduinoCore.a(new.o)
 .debug_aranges
                0x00000128       0x30 C:\Users\brian\DOCUME~1\VISUAL~4\Projects\CRANEC~2\Firmware\ADCTRA~1\ADCTRA~1\ARDUIN~1\Debug\libArduinoCore.a(Reset.o)
 .debug_aranges
                0x00000158       0x20 C:\Users\brian\DOCUME~1\VISUAL~4\Projects\CRANEC~2\Firmware\ADCTRA~1\ADCTRA~1\ARDUIN~1\Debug\libArduinoCore.a(startup.o)
 .debug_aranges
                0x00000178      0x168 C:\Users\brian\DOCUME~1\VISUAL~4\Projects\CRANEC~2\Firmware\ADCTRA~1\ADCTRA~1\ARDUIN~1\Debug\libArduinoCore.a(USBCore.o)
 .debug_aranges
                0x000002e0       0x20 C:\Users\brian\DOCUME~1\VISUAL~4\Projects\CRANEC~2\Firmware\ADCTRA~1\ADCTRA~1\ARDUIN~1\Debug\libArduinoCore.a(wiring.o)
 .debug_aranges
                0x00000300       0x48 C:\Users\brian\DOCUME~1\VISUAL~4\Projects\CRANEC~2\Firmware\ADCTRA~1\ADCTRA~1\ARDUIN~1\Debug\libArduinoCore.a(wiring_analog.o)
 .debug_aranges
                0x00000348       0x30 C:\Users\brian\DOCUME~1\VISUAL~4\Projects\CRANEC~2\Firmware\ADCTRA~1\ADCTRA~1\ARDUIN~1\Debug\libArduinoCore.a(wiring_digital.o)
 .debug_aranges
                0x00000378       0x20 C:\Users\brian\DOCUME~1\VISUAL~4\Projects\CRANEC~2\Firmware\ADCTRA~1\ADCTRA~1\ARDUIN~1\Debug\libArduinoCore.a(wiring_private.o)
 .debug_aranges
                0x00000398       0x30 C:\Users\brian\DOCUME~1\VISUAL~4\Projects\CRANEC~2\Firmware\ADCTRA~1\ADCTRA~1\ARDUIN~1\Debug\libArduinoCore.a(variant.o)
 .debug_aranges
                0x000003c8      0x1d8 C:\Users\brian\DOCUME~1\VISUAL~4\Projects\CRANEC~2\Firmware\ADCTRA~1\ADCTRA~1\ARDUIN~1\Debug\libArduinoCore.a(SERCOM.o)
 .debug_aranges
                0x000005a0       0x98 C:\Users\brian\DOCUME~1\VISUAL~4\Projects\CRANEC~2\Firmware\ADCTRA~1\ADCTRA~1\ARDUIN~1\Debug\libArduinoCore.a(Uart.o)
 .debug_aranges
                0x00000638       0xd8 C:\Users\brian\DOCUME~1\VISUAL~4\Projects\CRANEC~2\Firmware\ADCTRA~1\ADCTRA~1\ARDUIN~1\Debug\libArduinoCore.a(CDC.o)
 .debug_aranges
                0x00000710       0x50 C:\Users\brian\DOCUME~1\VISUAL~4\Projects\CRANEC~2\Firmware\ADCTRA~1\ADCTRA~1\ARDUIN~1\Debug\libArduinoCore.a(PluggableUSB.o)
 .debug_aranges
                0x00000760      0x100 C:\Users\brian\DOCUME~1\VISUAL~4\Projects\CRANEC~2\Firmware\ADCTRA~1\ADCTRA~1\ARDUIN~1\Debug\libArduinoCore.a(Print.o)
 .debug_aranges
                0x00000860       0x60 C:\Users\brian\DOCUME~1\VISUAL~4\Projects\CRANEC~2\Firmware\ADCTRA~1\ADCTRA~1\ARDUIN~1\Debug\libArduinoCore.a(RingBuffer.o)

.debug_ranges   0x00000000     0x1098
 .debug_ranges  0x00000000       0x20 Sketch.o
 .debug_ranges  0x00000020       0x30 C:\Users\brian\DOCUME~1\VISUAL~4\Projects\CRANEC~2\Firmware\ADCTRA~1\ADCTRA~1\ARDUIN~1\Debug\libArduinoCore.a(cortex_handlers.o)
 .debug_ranges  0x00000050       0x28 C:\Users\brian\DOCUME~1\VISUAL~4\Projects\CRANEC~2\Firmware\ADCTRA~1\ADCTRA~1\ARDUIN~1\Debug\libArduinoCore.a(delay.o)
 .debug_ranges  0x00000078       0x20 C:\Users\brian\DOCUME~1\VISUAL~4\Projects\CRANEC~2\Firmware\ADCTRA~1\ADCTRA~1\ARDUIN~1\Debug\libArduinoCore.a(hooks.o)
 .debug_ranges  0x00000098       0x18 C:\Users\brian\DOCUME~1\VISUAL~4\Projects\CRANEC~2\Firmware\ADCTRA~1\ADCTRA~1\ARDUIN~1\Debug\libArduinoCore.a(main.o)
 .debug_ranges  0x000000b0       0x18 C:\Users\brian\DOCUME~1\VISUAL~4\Projects\CRANEC~2\Firmware\ADCTRA~1\ADCTRA~1\ARDUIN~1\Debug\libArduinoCore.a(new.o)
 .debug_ranges  0x000000c8       0x38 C:\Users\brian\DOCUME~1\VISUAL~4\Projects\CRANEC~2\Firmware\ADCTRA~1\ADCTRA~1\ARDUIN~1\Debug\libArduinoCore.a(Reset.o)
 .debug_ranges  0x00000100       0x10 C:\Users\brian\DOCUME~1\VISUAL~4\Projects\CRANEC~2\Firmware\ADCTRA~1\ADCTRA~1\ARDUIN~1\Debug\libArduinoCore.a(startup.o)
 .debug_ranges  0x00000110      0x7c8 C:\Users\brian\DOCUME~1\VISUAL~4\Projects\CRANEC~2\Firmware\ADCTRA~1\ADCTRA~1\ARDUIN~1\Debug\libArduinoCore.a(USBCore.o)
 .debug_ranges  0x000008d8       0x28 C:\Users\brian\DOCUME~1\VISUAL~4\Projects\CRANEC~2\Firmware\ADCTRA~1\ADCTRA~1\ARDUIN~1\Debug\libArduinoCore.a(wiring.o)
 .debug_ranges  0x00000900       0x98 C:\Users\brian\DOCUME~1\VISUAL~4\Projects\CRANEC~2\Firmware\ADCTRA~1\ADCTRA~1\ARDUIN~1\Debug\libArduinoCore.a(wiring_analog.o)
 .debug_ranges  0x00000998       0x20 C:\Users\brian\DOCUME~1\VISUAL~4\Projects\CRANEC~2\Firmware\ADCTRA~1\ADCTRA~1\ARDUIN~1\Debug\libArduinoCore.a(wiring_digital.o)
 .debug_ranges  0x000009b8       0x30 C:\Users\brian\DOCUME~1\VISUAL~4\Projects\CRANEC~2\Firmware\ADCTRA~1\ADCTRA~1\ARDUIN~1\Debug\libArduinoCore.a(wiring_private.o)
 .debug_ranges  0x000009e8       0x20 C:\Users\brian\DOCUME~1\VISUAL~4\Projects\CRANEC~2\Firmware\ADCTRA~1\ADCTRA~1\ARDUIN~1\Debug\libArduinoCore.a(variant.o)
 .debug_ranges  0x00000a08      0x268 C:\Users\brian\DOCUME~1\VISUAL~4\Projects\CRANEC~2\Firmware\ADCTRA~1\ADCTRA~1\ARDUIN~1\Debug\libArduinoCore.a(SERCOM.o)
 .debug_ranges  0x00000c70       0xa8 C:\Users\brian\DOCUME~1\VISUAL~4\Projects\CRANEC~2\Firmware\ADCTRA~1\ADCTRA~1\ARDUIN~1\Debug\libArduinoCore.a(Uart.o)
 .debug_ranges  0x00000d18       0xf8 C:\Users\brian\DOCUME~1\VISUAL~4\Projects\CRANEC~2\Firmware\ADCTRA~1\ADCTRA~1\ARDUIN~1\Debug\libArduinoCore.a(CDC.o)
 .debug_ranges  0x00000e10       0x58 C:\Users\brian\DOCUME~1\VISUAL~4\Projects\CRANEC~2\Firmware\ADCTRA~1\ADCTRA~1\ARDUIN~1\Debug\libArduinoCore.a(PluggableUSB.o)
 .debug_ranges  0x00000e68      0x180 C:\Users\brian\DOCUME~1\VISUAL~4\Projects\CRANEC~2\Firmware\ADCTRA~1\ADCTRA~1\ARDUIN~1\Debug\libArduinoCore.a(Print.o)
 .debug_ranges  0x00000fe8       0xb0 C:\Users\brian\DOCUME~1\VISUAL~4\Projects\CRANEC~2\Firmware\ADCTRA~1\ADCTRA~1\ARDUIN~1\Debug\libArduinoCore.a(RingBuffer.o)

.debug_macro    0x00000000    0x1c6c8
 .debug_macro   0x00000000      0x69a Sketch.o
 .debug_macro   0x0000069a      0x970 Sketch.o
 .debug_macro   0x0000100a       0x16 Sketch.o
 .debug_macro   0x00001020       0x1c Sketch.o
 .debug_macro   0x0000103c       0x22 Sketch.o
 .debug_macro   0x0000105e       0x87 Sketch.o
 .debug_macro   0x000010e5       0x51 Sketch.o
 .debug_macro   0x00001136       0xef Sketch.o
 .debug_macro   0x00001225       0x6a Sketch.o
 .debug_macro   0x0000128f      0x1df Sketch.o
 .debug_macro   0x0000146e      0x143 Sketch.o
 .debug_macro   0x000015b1       0x10 Sketch.o
 .debug_macro   0x000015c1      0x3c3 Sketch.o
 .debug_macro   0x00001984       0x10 Sketch.o
 .debug_macro   0x00001994       0x52 Sketch.o
 .debug_macro   0x000019e6       0x35 Sketch.o
 .debug_macro   0x00001a1b       0x9c Sketch.o
 .debug_macro   0x00001ab7       0x16 Sketch.o
 .debug_macro   0x00001acd      0x10e Sketch.o
 .debug_macro   0x00001bdb       0x94 Sketch.o
 .debug_macro   0x00001c6f       0x52 Sketch.o
 .debug_macro   0x00001cc1       0x1f Sketch.o
 .debug_macro   0x00001ce0       0x43 Sketch.o
 .debug_macro   0x00001d23       0x20 Sketch.o
 .debug_macro   0x00001d43      0x187 Sketch.o
 .debug_macro   0x00001eca      0x337 Sketch.o
 .debug_macro   0x00002201       0x16 Sketch.o
 .debug_macro   0x00002217       0x29 Sketch.o
 .debug_macro   0x00002240       0xea Sketch.o
 .debug_macro   0x0000232a       0x16 Sketch.o
 .debug_macro   0x00002340       0x35 Sketch.o
 .debug_macro   0x00002375       0x18 Sketch.o
 .debug_macro   0x0000238d      0x1da Sketch.o
 .debug_macro   0x00002567      0x3d3 Sketch.o
 .debug_macro   0x0000293a       0x10 Sketch.o
 .debug_macro   0x0000294a      0x45d Sketch.o
 .debug_macro   0x00002da7      0x190 Sketch.o
 .debug_macro   0x00002f37       0x1c Sketch.o
 .debug_macro   0x00002f53      0xd93 Sketch.o
 .debug_macro   0x00003ce6       0x46 Sketch.o
 .debug_macro   0x00003d2c       0x28 Sketch.o
 .debug_macro   0x00003d54       0x85 Sketch.o
 .debug_macro   0x00003dd9      0x375 Sketch.o
 .debug_macro   0x0000414e      0x67e Sketch.o
 .debug_macro   0x000047cc      0x8b1 Sketch.o
 .debug_macro   0x0000507d      0x22e Sketch.o
 .debug_macro   0x000052ab      0xd5c Sketch.o
 .debug_macro   0x00006007      0x4dc Sketch.o
 .debug_macro   0x000064e3      0x9f6 Sketch.o
 .debug_macro   0x00006ed9      0x82b Sketch.o
 .debug_macro   0x00007704      0x45f Sketch.o
 .debug_macro   0x00007b63       0x5e Sketch.o
 .debug_macro   0x00007bc1      0x8f9 Sketch.o
 .debug_macro   0x000084ba      0x21c Sketch.o
 .debug_macro   0x000086d6      0x735 Sketch.o
 .debug_macro   0x00008e0b       0x5e Sketch.o
 .debug_macro   0x00008e69      0x632 Sketch.o
 .debug_macro   0x0000949b      0x3ac Sketch.o
 .debug_macro   0x00009847      0xc76 Sketch.o
 .debug_macro   0x0000a4bd     0x1092 Sketch.o
 .debug_macro   0x0000b54f      0xc4a Sketch.o
 .debug_macro   0x0000c199      0x6ba Sketch.o
 .debug_macro   0x0000c853     0x1b3d Sketch.o
 .debug_macro   0x0000e390     0x143c Sketch.o
 .debug_macro   0x0000f7cc      0x340 Sketch.o
 .debug_macro   0x0000fb0c       0x7c Sketch.o
 .debug_macro   0x0000fb88       0xa0 Sketch.o
 .debug_macro   0x0000fc28       0x4c Sketch.o
 .debug_macro   0x0000fc74       0xca Sketch.o
 .debug_macro   0x0000fd3e       0x94 Sketch.o
 .debug_macro   0x0000fdd2       0x58 Sketch.o
 .debug_macro   0x0000fe2a      0x341 Sketch.o
 .debug_macro   0x0001016b       0x82 Sketch.o
 .debug_macro   0x000101ed      0x189 Sketch.o
 .debug_macro   0x00010376       0xb8 Sketch.o
 .debug_macro   0x0001042e       0xa0 Sketch.o
 .debug_macro   0x000104ce       0xb2 Sketch.o
 .debug_macro   0x00010580       0x1c Sketch.o
 .debug_macro   0x0001059c       0x1c Sketch.o
 .debug_macro   0x000105b8       0x1c Sketch.o
 .debug_macro   0x000105d4       0x7c Sketch.o
 .debug_macro   0x00010650      0x15a Sketch.o
 .debug_macro   0x000107aa       0xdc Sketch.o
 .debug_macro   0x00010886      0x124 Sketch.o
 .debug_macro   0x000109aa      0x124 Sketch.o
 .debug_macro   0x00010ace      0x124 Sketch.o
 .debug_macro   0x00010bf2      0x124 Sketch.o
 .debug_macro   0x00010d16      0x124 Sketch.o
 .debug_macro   0x00010e3a      0x124 Sketch.o
 .debug_macro   0x00010f5e      0x124 Sketch.o
 .debug_macro   0x00011082       0xe2 Sketch.o
 .debug_macro   0x00011164       0xe2 Sketch.o
 .debug_macro   0x00011246       0xe2 Sketch.o
 .debug_macro   0x00011328      0x12a Sketch.o
 .debug_macro   0x00011452      0x100 Sketch.o
 .debug_macro   0x00011552       0xf4 Sketch.o
 .debug_macro   0x00011646      0x40f Sketch.o
 .debug_macro   0x00011a55       0x40 Sketch.o
 .debug_macro   0x00011a95      0x376 Sketch.o
 .debug_macro   0x00011e0b     0x17df Sketch.o
 .debug_macro   0x000135ea       0x6d Sketch.o
 .debug_macro   0x00013657       0x5e Sketch.o
 .debug_macro   0x000136b5       0x16 Sketch.o
 .debug_macro   0x000136cb      0x151 Sketch.o
 .debug_macro   0x0001381c       0x4c Sketch.o
 .debug_macro   0x00013868       0x10 Sketch.o
 .debug_macro   0x00013878       0x1c Sketch.o
 .debug_macro   0x00013894       0x10 Sketch.o
 .debug_macro   0x000138a4       0x10 Sketch.o
 .debug_macro   0x000138b4       0x1c Sketch.o
 .debug_macro   0x000138d0       0x52 Sketch.o
 .debug_macro   0x00013922       0x40 Sketch.o
 .debug_macro   0x00013962       0x10 Sketch.o
 .debug_macro   0x00013972       0x40 Sketch.o
 .debug_macro   0x000139b2       0xd7 Sketch.o
 .debug_macro   0x00013a89       0x16 Sketch.o
 .debug_macro   0x00013a9f      0x18b Sketch.o
 .debug_macro   0x00013c2a       0x1c Sketch.o
 .debug_macro   0x00013c46       0x11 Sketch.o
 .debug_macro   0x00013c57       0xe2 Sketch.o
 .debug_macro   0x00013d39       0x1c Sketch.o
 .debug_macro   0x00013d55       0x10 Sketch.o
 .debug_macro   0x00013d65       0x10 Sketch.o
 .debug_macro   0x00013d75       0x28 Sketch.o
 .debug_macro   0x00013d9d      0x185 Sketch.o
 .debug_macro   0x00013f22       0x28 Sketch.o
 .debug_macro   0x00013f4a       0x70 Sketch.o
 .debug_macro   0x00013fba       0x6a Sketch.o
 .debug_macro   0x00014024      0x1d9 Sketch.o
 .debug_macro   0x000141fd       0x2e Sketch.o
 .debug_macro   0x0001422b      0x17e Sketch.o
 .debug_macro   0x000143a9       0x22 Sketch.o
 .debug_macro   0x000143cb      0x448 C:\Users\brian\DOCUME~1\VISUAL~4\Projects\CRANEC~2\Firmware\ADCTRA~1\ADCTRA~1\ARDUIN~1\Debug\libArduinoCore.a(cortex_handlers.o)
 .debug_macro   0x00014813      0x8d4 C:\Users\brian\DOCUME~1\VISUAL~4\Projects\CRANEC~2\Firmware\ADCTRA~1\ADCTRA~1\ARDUIN~1\Debug\libArduinoCore.a(cortex_handlers.o)
 .debug_macro   0x000150e7       0x40 C:\Users\brian\DOCUME~1\VISUAL~4\Projects\CRANEC~2\Firmware\ADCTRA~1\ADCTRA~1\ARDUIN~1\Debug\libArduinoCore.a(cortex_handlers.o)
 .debug_macro   0x00015127      0x375 C:\Users\brian\DOCUME~1\VISUAL~4\Projects\CRANEC~2\Firmware\ADCTRA~1\ADCTRA~1\ARDUIN~1\Debug\libArduinoCore.a(cortex_handlers.o)
 .debug_macro   0x0001549c       0x9c C:\Users\brian\DOCUME~1\VISUAL~4\Projects\CRANEC~2\Firmware\ADCTRA~1\ADCTRA~1\ARDUIN~1\Debug\libArduinoCore.a(cortex_handlers.o)
 .debug_macro   0x00015538       0x16 C:\Users\brian\DOCUME~1\VISUAL~4\Projects\CRANEC~2\Firmware\ADCTRA~1\ADCTRA~1\ARDUIN~1\Debug\libArduinoCore.a(cortex_handlers.o)
 .debug_macro   0x0001554e       0x97 C:\Users\brian\DOCUME~1\VISUAL~4\Projects\CRANEC~2\Firmware\ADCTRA~1\ADCTRA~1\ARDUIN~1\Debug\libArduinoCore.a(cortex_handlers.o)
 .debug_macro   0x000155e5      0x30d C:\Users\brian\DOCUME~1\VISUAL~4\Projects\CRANEC~2\Firmware\ADCTRA~1\ADCTRA~1\ARDUIN~1\Debug\libArduinoCore.a(cortex_handlers.o)
 .debug_macro   0x000158f2       0xfd C:\Users\brian\DOCUME~1\VISUAL~4\Projects\CRANEC~2\Firmware\ADCTRA~1\ADCTRA~1\ARDUIN~1\Debug\libArduinoCore.a(cortex_handlers.o)
 .debug_macro   0x000159ef       0x43 C:\Users\brian\DOCUME~1\VISUAL~4\Projects\CRANEC~2\Firmware\ADCTRA~1\ADCTRA~1\ARDUIN~1\Debug\libArduinoCore.a(cortex_handlers.o)
 .debug_macro   0x00015a32      0x4c1 C:\Users\brian\DOCUME~1\VISUAL~4\Projects\CRANEC~2\Firmware\ADCTRA~1\ADCTRA~1\ARDUIN~1\Debug\libArduinoCore.a(delay.o)
 .debug_macro   0x00015ef3       0x22 C:\Users\brian\DOCUME~1\VISUAL~4\Projects\CRANEC~2\Firmware\ADCTRA~1\ADCTRA~1\ARDUIN~1\Debug\libArduinoCore.a(delay.o)
 .debug_macro   0x00015f15      0x10e C:\Users\brian\DOCUME~1\VISUAL~4\Projects\CRANEC~2\Firmware\ADCTRA~1\ADCTRA~1\ARDUIN~1\Debug\libArduinoCore.a(delay.o)
 .debug_macro   0x00016023       0x8d C:\Users\brian\DOCUME~1\VISUAL~4\Projects\CRANEC~2\Firmware\ADCTRA~1\ADCTRA~1\ARDUIN~1\Debug\libArduinoCore.a(delay.o)
 .debug_macro   0x000160b0       0x35 C:\Users\brian\DOCUME~1\VISUAL~4\Projects\CRANEC~2\Firmware\ADCTRA~1\ADCTRA~1\ARDUIN~1\Debug\libArduinoCore.a(delay.o)
 .debug_macro   0x000160e5      0x1e1 C:\Users\brian\DOCUME~1\VISUAL~4\Projects\CRANEC~2\Firmware\ADCTRA~1\ADCTRA~1\ARDUIN~1\Debug\libArduinoCore.a(delay.o)
 .debug_macro   0x000162c6       0x11 C:\Users\brian\DOCUME~1\VISUAL~4\Projects\CRANEC~2\Firmware\ADCTRA~1\ADCTRA~1\ARDUIN~1\Debug\libArduinoCore.a(hooks.o)
 .debug_macro   0x000162d7      0x6a0 C:\Users\brian\DOCUME~1\VISUAL~4\Projects\CRANEC~2\Firmware\ADCTRA~1\ADCTRA~1\ARDUIN~1\Debug\libArduinoCore.a(main.o)
 .debug_macro   0x00016977      0x976 C:\Users\brian\DOCUME~1\VISUAL~4\Projects\CRANEC~2\Firmware\ADCTRA~1\ADCTRA~1\ARDUIN~1\Debug\libArduinoCore.a(main.o)
 .debug_macro   0x000172ed      0x132 C:\Users\brian\DOCUME~1\VISUAL~4\Projects\CRANEC~2\Firmware\ADCTRA~1\ADCTRA~1\ARDUIN~1\Debug\libArduinoCore.a(new.o)
 .debug_macro   0x0001741f       0x4c C:\Users\brian\DOCUME~1\VISUAL~4\Projects\CRANEC~2\Firmware\ADCTRA~1\ADCTRA~1\ARDUIN~1\Debug\libArduinoCore.a(new.o)
 .debug_macro   0x0001746b       0x8d C:\Users\brian\DOCUME~1\VISUAL~4\Projects\CRANEC~2\Firmware\ADCTRA~1\ADCTRA~1\ARDUIN~1\Debug\libArduinoCore.a(new.o)
 .debug_macro   0x000174f8       0x57 C:\Users\brian\DOCUME~1\VISUAL~4\Projects\CRANEC~2\Firmware\ADCTRA~1\ADCTRA~1\ARDUIN~1\Debug\libArduinoCore.a(new.o)
 .debug_macro   0x0001754f      0x6ab C:\Users\brian\DOCUME~1\VISUAL~4\Projects\CRANEC~2\Firmware\ADCTRA~1\ADCTRA~1\ARDUIN~1\Debug\libArduinoCore.a(Reset.o)
 .debug_macro   0x00017bfa      0x46c C:\Users\brian\DOCUME~1\VISUAL~4\Projects\CRANEC~2\Firmware\ADCTRA~1\ADCTRA~1\ARDUIN~1\Debug\libArduinoCore.a(startup.o)
 .debug_macro   0x00018066      0x713 C:\Users\brian\DOCUME~1\VISUAL~4\Projects\CRANEC~2\Firmware\ADCTRA~1\ADCTRA~1\ARDUIN~1\Debug\libArduinoCore.a(USBCore.o)
 .debug_macro   0x00018779       0x2b C:\Users\brian\DOCUME~1\VISUAL~4\Projects\CRANEC~2\Firmware\ADCTRA~1\ADCTRA~1\ARDUIN~1\Debug\libArduinoCore.a(USBCore.o)
 .debug_macro   0x000187a4       0xee C:\Users\brian\DOCUME~1\VISUAL~4\Projects\CRANEC~2\Firmware\ADCTRA~1\ADCTRA~1\ARDUIN~1\Debug\libArduinoCore.a(USBCore.o)
 .debug_macro   0x00018892      0x4b4 C:\Users\brian\DOCUME~1\VISUAL~4\Projects\CRANEC~2\Firmware\ADCTRA~1\ADCTRA~1\ARDUIN~1\Debug\libArduinoCore.a(wiring.o)
 .debug_macro   0x00018d46      0x19d C:\Users\brian\DOCUME~1\VISUAL~4\Projects\CRANEC~2\Firmware\ADCTRA~1\ADCTRA~1\ARDUIN~1\Debug\libArduinoCore.a(wiring.o)
 .debug_macro   0x00018ee3      0x578 C:\Users\brian\DOCUME~1\VISUAL~4\Projects\CRANEC~2\Firmware\ADCTRA~1\ADCTRA~1\ARDUIN~1\Debug\libArduinoCore.a(wiring_analog.o)
 .debug_macro   0x0001945b       0x4c C:\Users\brian\DOCUME~1\VISUAL~4\Projects\CRANEC~2\Firmware\ADCTRA~1\ADCTRA~1\ARDUIN~1\Debug\libArduinoCore.a(wiring_analog.o)
 .debug_macro   0x000194a7      0x4b4 C:\Users\brian\DOCUME~1\VISUAL~4\Projects\CRANEC~2\Firmware\ADCTRA~1\ADCTRA~1\ARDUIN~1\Debug\libArduinoCore.a(wiring_digital.o)
 .debug_macro   0x0001995b      0x578 C:\Users\brian\DOCUME~1\VISUAL~4\Projects\CRANEC~2\Firmware\ADCTRA~1\ADCTRA~1\ARDUIN~1\Debug\libArduinoCore.a(wiring_private.o)
 .debug_macro   0x00019ed3      0x573 C:\Users\brian\DOCUME~1\VISUAL~4\Projects\CRANEC~2\Firmware\ADCTRA~1\ADCTRA~1\ARDUIN~1\Debug\libArduinoCore.a(variant.o)