Archive member included to satisfy reference by file (symbol)

C:\Users\brian\DOCUME~1\VISUAL~1\Projects\CRANEC~2\Firmware\SERIAL~1\SERIAL~1\ARDUIN~1\Debug\libArduinoCore.a(cortex_handlers.o)
                              (Reset_Handler)
C:\Users\brian\DOCUME~1\VISUAL~1\Projects\CRANEC~2\Firmware\SERIAL~1\SERIAL~1\ARDUIN~1\Debug\libArduinoCore.a(delay.o)
                              C:\Users\brian\DOCUME~1\VISUAL~1\Projects\CRANEC~2\Firmware\SERIAL~1\SERIAL~1\ARDUIN~1\Debug\libArduinoCore.a(cortex_handlers.o) (SysTick_DefaultHandler)
C:\Users\brian\DOCUME~1\VISUAL~1\Projects\CRANEC~2\Firmware\SERIAL~1\SERIAL~1\ARDUIN~1\Debug\libArduinoCore.a(hooks.o)
                              C:\Users\brian\DOCUME~1\VISUAL~1\Projects\CRANEC~2\Firmware\SERIAL~1\SERIAL~1\ARDUIN~1\Debug\libArduinoCore.a(delay.o) (yield)
C:\Users\brian\DOCUME~1\VISUAL~1\Projects\CRANEC~2\Firmware\SERIAL~1\SERIAL~1\ARDUIN~1\Debug\libArduinoCore.a(main.o)
                              c:/program files (x86)/atmel/studio/7.0/toolchain/arm/arm-gnu-toolchain/bin/../lib/gcc/arm-none-eabi/6.2.1/../../../../arm-none-eabi/lib/thumb/v6-m/crt0.o (main)
C:\Users\brian\DOCUME~1\VISUAL~1\Projects\CRANEC~2\Firmware\SERIAL~1\SERIAL~1\ARDUIN~1\Debug\libArduinoCore.a(Reset.o)
                              C:\Users\brian\DOCUME~1\VISUAL~1\Projects\CRANEC~2\Firmware\SERIAL~1\SERIAL~1\ARDUIN~1\Debug\libArduinoCore.a(delay.o) (tickReset)
C:\Users\brian\DOCUME~1\VISUAL~1\Projects\CRANEC~2\Firmware\SERIAL~1\SERIAL~1\ARDUIN~1\Debug\libArduinoCore.a(startup.o)
                              C:\Users\brian\DOCUME~1\VISUAL~1\Projects\CRANEC~2\Firmware\SERIAL~1\SERIAL~1\ARDUIN~1\Debug\libArduinoCore.a(cortex_handlers.o) (SystemInit)
C:\Users\brian\DOCUME~1\VISUAL~1\Projects\CRANEC~2\Firmware\SERIAL~1\SERIAL~1\ARDUIN~1\Debug\libArduinoCore.a(CDC.o)
                              Sketch.o (Serial_::available())
C:\Users\brian\DOCUME~1\VISUAL~1\Projects\CRANEC~2\Firmware\SERIAL~1\SERIAL~1\ARDUIN~1\Debug\libArduinoCore.a(USBCore.o)
                              C:\Users\brian\DOCUME~1\VISUAL~1\Projects\CRANEC~2\Firmware\SERIAL~1\SERIAL~1\ARDUIN~1\Debug\libArduinoCore.a(main.o) (USBDeviceClass::init())
C:\Users\brian\DOCUME~1\VISUAL~1\Projects\CRANEC~2\Firmware\SERIAL~1\SERIAL~1\ARDUIN~1\Debug\libArduinoCore.a(wiring.o)
                              C:\Users\brian\DOCUME~1\VISUAL~1\Projects\CRANEC~2\Firmware\SERIAL~1\SERIAL~1\ARDUIN~1\Debug\libArduinoCore.a(main.o) (init)
C:\Users\brian\DOCUME~1\VISUAL~1\Projects\CRANEC~2\Firmware\SERIAL~1\SERIAL~1\ARDUIN~1\Debug\libArduinoCore.a(wiring_analog.o)
                              C:\Users\brian\DOCUME~1\VISUAL~1\Projects\CRANEC~2\Firmware\SERIAL~1\SERIAL~1\ARDUIN~1\Debug\libArduinoCore.a(wiring.o) (analogReference)
C:\Users\brian\DOCUME~1\VISUAL~1\Projects\CRANEC~2\Firmware\SERIAL~1\SERIAL~1\ARDUIN~1\Debug\libArduinoCore.a(wiring_digital.o)
                              C:\Users\brian\DOCUME~1\VISUAL~1\Projects\CRANEC~2\Firmware\SERIAL~1\SERIAL~1\ARDUIN~1\Debug\libArduinoCore.a(USBCore.o) (pinMode)
C:\Users\brian\DOCUME~1\VISUAL~1\Projects\CRANEC~2\Firmware\SERIAL~1\SERIAL~1\ARDUIN~1\Debug\libArduinoCore.a(wiring_private.o)
                              C:\Users\brian\DOCUME~1\VISUAL~1\Projects\CRANEC~2\Firmware\SERIAL~1\SERIAL~1\ARDUIN~1\Debug\libArduinoCore.a(wiring_analog.o) (pinPeripheral)
C:\Users\brian\DOCUME~1\VISUAL~1\Projects\CRANEC~2\Firmware\SERIAL~1\SERIAL~1\ARDUIN~1\Debug\libArduinoCore.a(wiring_shift.o)
                              Sketch.o (shiftOut)
C:\Users\brian\DOCUME~1\VISUAL~1\Projects\CRANEC~2\Firmware\SERIAL~1\SERIAL~1\ARDUIN~1\Debug\libArduinoCore.a(variant.o)
                              C:\Users\brian\DOCUME~1\VISUAL~1\Projects\CRANEC~2\Firmware\SERIAL~1\SERIAL~1\ARDUIN~1\Debug\libArduinoCore.a(wiring_analog.o) (g_apTCInstances)
C:\Users\brian\DOCUME~1\VISUAL~1\Projects\CRANEC~2\Firmware\SERIAL~1\SERIAL~1\ARDUIN~1\Debug\libArduinoCore.a(new.o)
                              C:\Users\brian\DOCUME~1\VISUAL~1\Projects\CRANEC~2\Firmware\SERIAL~1\SERIAL~1\ARDUIN~1\Debug\libArduinoCore.a(USBCore.o) (operator new(unsigned int))
C:\Users\brian\DOCUME~1\VISUAL~1\Projects\CRANEC~2\Firmware\SERIAL~1\SERIAL~1\ARDUIN~1\Debug\libArduinoCore.a(SERCOM.o)
                              C:\Users\brian\DOCUME~1\VISUAL~1\Projects\CRANEC~2\Firmware\SERIAL~1\SERIAL~1\ARDUIN~1\Debug\libArduinoCore.a(variant.o) (SERCOM::SERCOM(Sercom*))
C:\Users\brian\DOCUME~1\VISUAL~1\Projects\CRANEC~2\Firmware\SERIAL~1\SERIAL~1\ARDUIN~1\Debug\libArduinoCore.a(Uart.o)
                              C:\Users\brian\DOCUME~1\VISUAL~1\Projects\CRANEC~2\Firmware\SERIAL~1\SERIAL~1\ARDUIN~1\Debug\libArduinoCore.a(variant.o) (Uart::Uart(SERCOM*, unsigned char, unsigned char, SercomRXPad, SercomUartTXPad))
C:\Users\brian\DOCUME~1\VISUAL~1\Projects\CRANEC~2\Firmware\SERIAL~1\SERIAL~1\ARDUIN~1\Debug\libArduinoCore.a(PluggableUSB.o)
[...]
Memory Configuration

Name             Origin             Length             Attributes
FLASH            0x00000000         0x00040000         xr
RAM              0x20000000         0x00008000         xrw
*default*        0x00000000         0xffffffff

Linker script and memory map

LOAD c:/program files (x86)/atmel/studio/7.0/toolchain/arm/arm-gnu-toolchain/bin/../lib/gcc/arm-none-eabi/6.2.1/thumb/v6-m/crti.o
LOAD c:/program files (x86)/atmel/studio/7.0/toolchain/arm/arm-gnu-toolchain/bin/../lib/gcc/arm-none-eabi/6.2.1/thumb/v6-m/crtbegin.o
LOAD c:/program files (x86)/atmel/studio/7.0/toolchain/arm/arm-gnu-toolchain/bin/../lib/gcc/arm-none-eabi/6.2.1/../../../../arm-none-eabi/lib/thumb/v6-m/crt0.o
LOAD Sketch.o
START GROUP
LOAD C:\Users\brian\DOCUME~1\VISUAL~1\Projects\CRANEC~2\Firmware\SERIAL~1\SERIAL~1\ARDUIN~1\Debug\libArduinoCore.a
END GROUP
LOAD c:/program files (x86)/atmel/studio/7.0/toolchain/arm/arm-gnu-toolchain/bin/../lib/gcc/arm-none-eabi/6.2.1/../../../../arm-none-eabi/lib/thumb/v6-m\libstdc++_nano.a
LOAD c:/program files (x86)/atmel/studio/7.0/toolchain/arm/arm-gnu-toolchain/bin/../lib/gcc/arm-none-eabi/6.2.1/../../../../arm-none-eabi/lib/thumb/v6-m\libm.a
START GROUP
LOAD c:/program files (x86)/atmel/studio/7.0/toolchain/arm/arm-gnu-toolchain/bin/../lib/gcc/arm-none-eabi/6.2.1/thumb/v6-m\libgcc.a
LOAD c:/program files (x86)/atmel/studio/7.0/toolchain/arm/arm-gnu-toolchain/bin/../lib/gcc/arm-none-eabi/6.2.1/../../../../arm-none-eabi/lib/thumb/v6-m\libc_nano.a
END GROUP
START GROUP
LOAD c:/program files (x86)/atmel/studio/7.0/toolchain/arm/arm-gnu-toolchain/bin/../lib/gcc/arm-none-eabi/6.2.1/thumb/v6-m\libgcc.a
LOAD c:/program files (x86)/atmel/studio/7.0/toolchain/arm/arm-gnu-toolchain/bin/../lib/gcc/arm-none-eabi/6.2.1/../../../../arm-none-eabi/lib/thumb/v6-m\libc_nano.a
LOAD c:/program files (x86)/atmel/studio/7.0/toolchain/arm/arm-gnu-toolchain/bin/../lib/gcc/arm-none-eabi/6.2.1/../../../../arm-none-eabi/lib/thumb/v6-m\libnosys.a
END GROUP
START GROUP
LOAD c:/program files (x86)/atmel/studio/7.0/toolchain/arm/arm-gnu-toolchain/bin/../lib/gcc/arm-none-eabi/6.2.1/thumb/v6-m\libgcc.a
LOAD c:/program files (x86)/atmel/studio/7.0/toolchain/arm/arm-gnu-toolchain/bin/../lib/gcc/arm-none-eabi/6.2.1/../../../../arm-none-eabi/lib/thumb/v6-m\libc_nano.a
LOAD c:/program files (x86)/atmel/studio/7.0/toolchain/arm/arm-gnu-toolchain/bin/../lib/gcc/arm-none-eabi/6.2.1/../../../../arm-none-eabi/lib/thumb/v6-m\libnosys.a
END GROUP
LOAD c:/program files (x86)/atmel/studio/7.0/toolchain/arm/arm-gnu-toolchain/bin/../lib/gcc/arm-none-eabi/6.2.1/thumb/v6-m/crtend.o
LOAD c:/program files (x86)/atmel/studio/7.0/toolchain/arm/arm-gnu-toolchain/bin/../lib/gcc/arm-none-eabi/6.2.1/thumb/v6-m/crtn.o

.text           0x00000000     0x25c8
                0x00000000                __text_start__ = .
 *(.isr_vector)
 .isr_vector    0x00000000       0xb4 C:\Users\brian\DOCUME~1\VISUAL~1\Projects\CRANEC~2\Firmware\SERIAL~1\SERIAL~1\ARDUIN~1\Debug\libArduinoCore.a(cortex_handlers.o)
                0x00000000                exception_table
 *(.text*)
 .text          0x000000b4       0x60 c:/program files (x86)/atmel/studio/7.0/toolchain/arm/arm-gnu-toolchain/bin/../lib/gcc/arm-none-eabi/6.2.1/thumb/v6-m/crtbegin.o
 .text.setup    0x00000114       0x14 Sketch.o
                0x00000114                setup
 .text._Z5Shiftii
                0x00000128       0x30 Sketch.o
                0x00000128                Shift(int, int)
 .text.loop     0x00000158       0x2c Sketch.o
                0x00000158                loop
 .text.Dummy_Handler
                0x00000184        0x4 C:\Users\brian\DOCUME~1\VISUAL~1\Projects\CRANEC~2\Firmware\SERIAL~1\SERIAL~1\ARDUIN~1\Debug\libArduinoCore.a(cortex_handlers.o)
                0x00000184                DMAC_Handler
                0x00000184                HardFault_Handler
                0x00000184                AC_Handler
                0x00000184                PendSV_Handler
                0x00000184                NMI_Handler
                0x00000184                TC7_Handler
                0x00000184                SERCOM1_Handler
                0x00000184                ADC_Handler
                0x00000184                TCC1_Handler
                0x00000184                SERCOM2_Handler
                0x00000184                TCC0_Handler
                0x00000184                RTC_Handler
                0x00000184                EIC_Handler
                0x00000184                TC6_Handler
                0x00000184                WDT_Handler
                0x00000184                TC4_Handler
                0x00000184                TC3_Handler
                0x00000184                Dummy_Handler
                0x00000184                PM_Handler
                0x00000184                SVC_Handler
                0x00000184                TCC2_Handler
                0x00000184                EVSYS_Handler
                0x00000184                SERCOM3_Handler
                0x00000184                SERCOM4_Handler
                0x00000184                I2S_Handler
                0x00000184                NVMCTRL_Handler
                0x00000184                DAC_Handler
                0x00000184                PTC_Handler
                0x00000184                SYSCTRL_Handler
 .text.USB_Handler
                0x00000188       0x14 C:\Users\brian\DOCUME~1\VISUAL~1\Projects\CRANEC~2\Firmware\SERIAL~1\SERIAL~1\ARDUIN~1\Debug\libArduinoCore.a(cortex_handlers.o)
                0x00000188                USB_Handler
 .text.Reset_Handler
                0x0000019c       0x54 C:\Users\brian\DOCUME~1\VISUAL~1\Projects\CRANEC~2\Firmware\SERIAL~1\SERIAL~1\ARDUIN~1\Debug\libArduinoCore.a(cortex_handlers.o)
                0x0000019c                Reset_Handler
 .text.SysTick_Handler
                0x000001f0       0x10 C:\Users\brian\DOCUME~1\VISUAL~1\Projects\CRANEC~2\Firmware\SERIAL~1\SERIAL~1\ARDUIN~1\Debug\libArduinoCore.a(cortex_handlers.o)
                0x000001f0                SysTick_Handler
 .text.USB_SetHandler
                0x00000200        0xc C:\Users\brian\DOCUME~1\VISUAL~1\Projects\CRANEC~2\Firmware\SERIAL~1\SERIAL~1\ARDUIN~1\Debug\libArduinoCore.a(cortex_handlers.o)
                0x00000200                USB_SetHandler
 .text.millis   0x0000020c        0xc C:\Users\brian\DOCUME~1\VISUAL~1\Projects\CRANEC~2\Firmware\SERIAL~1\SERIAL~1\ARDUIN~1\Debug\libArduinoCore.a(delay.o)
                0x0000020c                millis
 .text.delay    0x00000218       0x1c C:\Users\brian\DOCUME~1\VISUAL~1\Projects\CRANEC~2\Firmware\SERIAL~1\SERIAL~1\ARDUIN~1\Debug\libArduinoCore.a(delay.o)
                0x00000218                delay
 .text.SysTick_DefaultHandler
                0x00000234       0x14 C:\Users\brian\DOCUME~1\VISUAL~1\Projects\CRANEC~2\Firmware\SERIAL~1\SERIAL~1\ARDUIN~1\Debug\libArduinoCore.a(delay.o)
                0x00000234                SysTick_DefaultHandler
 .text.__empty  0x00000248        0x2 C:\Users\brian\DOCUME~1\VISUAL~1\Projects\CRANEC~2\Firmware\SERIAL~1\SERIAL~1\ARDUIN~1\Debug\libArduinoCore.a(hooks.o)
                0x00000248                yield
 .text.__false  0x0000024a        0x4 C:\Users\brian\DOCUME~1\VISUAL~1\Projects\CRANEC~2\Firmware\SERIAL~1\SERIAL~1\ARDUIN~1\Debug\libArduinoCore.a(hooks.o)
                0x0000024a                sysTickHook
 .text._Z11initVariantv
                0x0000024e        0x2 C:\Users\brian\DOCUME~1\VISUAL~1\Projects\CRANEC~2\Firmware\SERIAL~1\SERIAL~1\ARDUIN~1\Debug\libArduinoCore.a(main.o)
                0x0000024e                initVariant()
 .text.startup.main
                0x00000250       0x40 C:\Users\brian\DOCUME~1\VISUAL~1\Projects\CRANEC~2\Firmware\SERIAL~1\SERIAL~1\ARDUIN~1\Debug\libArduinoCore.a(main.o)
                0x00000250                main
 .text.initiateReset
                0x00000290        0xc C:\Users\brian\DOCUME~1\VISUAL~1\Projects\CRANEC~2\Firmware\SERIAL~1\SERIAL~1\ARDUIN~1\Debug\libArduinoCore.a(Reset.o)
                0x00000290                initiateReset
 .text.cancelReset
                0x0000029c       0x10 C:\Users\brian\DOCUME~1\VISUAL~1\Projects\CRANEC~2\Firmware\SERIAL~1\SERIAL~1\ARDUIN~1\Debug\libArduinoCore.a(Reset.o)
                0x0000029c                cancelReset
 .text.tickReset
                0x000002ac       0x78 C:\Users\brian\DOCUME~1\VISUAL~1\Projects\CRANEC~2\Firmware\SERIAL~1\SERIAL~1\ARDUIN~1\Debug\libArduinoCore.a(Reset.o)
                0x000002ac                tickReset
 .text.SystemInit
                0x00000324      0x160 C:\Users\brian\DOCUME~1\VISUAL~1\Projects\CRANEC~2\Firmware\SERIAL~1\SERIAL~1\ARDUIN~1\Debug\libArduinoCore.a(startup.o)
                0x00000324                SystemInit
 .text._ZN7Serial_17availableForWriteEv
                0x00000484        0x4 C:\Users\brian\DOCUME~1\VISUAL~1\Projects\CRANEC~2\Firmware\SERIAL~1\SERIAL~1\ARDUIN~1\Debug\libArduinoCore.a(CDC.o)
                0x00000484                Serial_::availableForWrite()
 .text._ZN7Serial_5writeEh
                0x00000488       0x14 C:\Users\brian\DOCUME~1\VISUAL~1\Projects\CRANEC~2\Firmware\SERIAL~1\SERIAL~1\ARDUIN~1\Debug\libArduinoCore.a(CDC.o)
                0x00000488                Serial_::write(unsigned char)
 .text._ZN7Serial_9availableEv
                0x0000049c        0xc C:\Users\brian\DOCUME~1\VISUAL~1\Projects\CRANEC~2\Firmware\SERIAL~1\SERIAL~1\ARDUIN~1\Debug\libArduinoCore.a(CDC.o)
                0x0000049c                Serial_::available()
 .text._ZN7Serial_5flushEv
                0x000004a8        0xc C:\Users\brian\DOCUME~1\VISUAL~1\Projects\CRANEC~2\Firmware\SERIAL~1\SERIAL~1\ARDUIN~1\Debug\libArduinoCore.a(CDC.o)
                0x000004a8                Serial_::flush()
 .text._ZN7Serial_5writeEPKhj
                0x000004b4       0x1a C:\Users\brian\DOCUME~1\VISUAL~1\Projects\CRANEC~2\Firmware\SERIAL~1\SERIAL~1\ARDUIN~1\Debug\libArduinoCore.a(CDC.o)
                0x000004b4                Serial_::write(unsigned char const*, unsigned int)
 *fill*         0x000004ce        0x2 
 .text._ZN7Serial_4peekEv
                0x000004d0       0x1c C:\Users\brian\DOCUME~1\VISUAL~1\Projects\CRANEC~2\Firmware\SERIAL~1\SERIAL~1\ARDUIN~1\Debug\libArduinoCore.a(CDC.o)
                0x000004d0                Serial_::peek()
 .text._ZN7Serial_4readEv
                0x000004ec       0x24 C:\Users\brian\DOCUME~1\VISUAL~1\Projects\CRANEC~2\Firmware\SERIAL~1\SERIAL~1\ARDUIN~1\Debug\libArduinoCore.a(CDC.o)
                0x000004ec                Serial_::read()
 .text._Z16CDC_GetInterfacePh
                0x00000510       0x1c C:\Users\brian\DOCUME~1\VISUAL~1\Projects\CRANEC~2\Firmware\SERIAL~1\SERIAL~1\ARDUIN~1\Debug\libArduinoCore.a(CDC.o)
                0x00000510                CDC_GetInterface(unsigned char*)
 .text._Z9CDC_SetupR8USBSetup
                0x0000052c       0x7c C:\Users\brian\DOCUME~1\VISUAL~1\Projects\CRANEC~2\Firmware\SERIAL~1\SERIAL~1\ARDUIN~1\Debug\libArduinoCore.a(CDC.o)
                0x0000052c                CDC_Setup(USBSetup&)
 .text._ZN7Serial_5beginEm
                0x000005a8        0x2 C:\Users\brian\DOCUME~1\VISUAL~1\Projects\CRANEC~2\Firmware\SERIAL~1\SERIAL~1\ARDUIN~1\Debug\libArduinoCore.a(CDC.o)
                0x000005a8                Serial_::begin(unsigned long)
 .text._ZN7Serial_9readBytesEPcj
                0x000005aa       0x3c C:\Users\brian\DOCUME~1\VISUAL~1\Projects\CRANEC~2\Firmware\SERIAL~1\SERIAL~1\ARDUIN~1\Debug\libArduinoCore.a(CDC.o)
                0x000005aa                Serial_::readBytes(char*, unsigned int)
 *fill*         0x000005e6        0x2 
 .text.startup._GLOBAL__sub_I__Z17_CDC_GetInterfacev
                0x000005e8       0x28 C:\Users\brian\DOCUME~1\VISUAL~1\Projects\CRANEC~2\Firmware\SERIAL~1\SERIAL~1\ARDUIN~1\Debug\libArduinoCore.a(CDC.o)
 .text._ZN14USBDeviceClass6initEPEmm.part.5
                0x00000610       0x88 C:\Users\brian\DOCUME~1\VISUAL~1\Projects\CRANEC~2\Firmware\SERIAL~1\SERIAL~1\ARDUIN~1\Debug\libArduinoCore.a(USBCore.o)
 .text._ZN20USBDevice_SAMD21G18x5resetEv
                0x00000698       0x24 C:\Users\brian\DOCUME~1\VISUAL~1\Projects\CRANEC~2\Firmware\SERIAL~1\SERIAL~1\ARDUIN~1\Debug\libArduinoCore.a(USBCore.o)
                0x00000698                USBDevice_SAMD21G18x::reset()
 .text._ZN20USBDevice_SAMD21G18x9calibrateEv
                0x000006bc       0x60 C:\Users\brian\DOCUME~1\VISUAL~1\Projects\CRANEC~2\Firmware\SERIAL~1\SERIAL~1\ARDUIN~1\Debug\libArduinoCore.a(USBCore.o)
                0x000006bc                USBDevice_SAMD21G18x::calibrate()
 .text._ZN7__GuardC2Ev
                0x0000071c        0xe C:\Users\brian\DOCUME~1\VISUAL~1\Projects\CRANEC~2\Firmware\SERIAL~1\SERIAL~1\ARDUIN~1\Debug\libArduinoCore.a(USBCore.o)
                0x0000071c                __Guard::__Guard()
                0x0000071c                __Guard::__Guard()
 .text._ZN7__GuardD2Ev
                0x0000072a        0xe C:\Users\brian\DOCUME~1\VISUAL~1\Projects\CRANEC~2\Firmware\SERIAL~1\SERIAL~1\ARDUIN~1\Debug\libArduinoCore.a(USBCore.o)
                0x0000072a                __Guard::~__Guard()
                0x0000072a                __Guard::~__Guard()
 .text._ZNK26DoubleBufferedEPOutHandler9availableEv
                0x00000738       0x5e C:\Users\brian\DOCUME~1\VISUAL~1\Projects\CRANEC~2\Firmware\SERIAL~1\SERIAL~1\ARDUIN~1\Debug\libArduinoCore.a(USBCore.o)
                0x00000738                DoubleBufferedEPOutHandler::available() const
 *fill*         0x00000796        0x2 
 .text._ZN26DoubleBufferedEPOutHandler7releaseEv
                0x00000798       0x44 C:\Users\brian\DOCUME~1\VISUAL~1\Projects\CRANEC~2\Firmware\SERIAL~1\SERIAL~1\ARDUIN~1\Debug\libArduinoCore.a(USBCore.o)
                0x00000798                DoubleBufferedEPOutHandler::release()
 .text._ZN26DoubleBufferedEPOutHandler4recvEPvm
                0x000007dc      0x11e C:\Users\brian\DOCUME~1\VISUAL~1\Projects\CRANEC~2\Firmware\SERIAL~1\SERIAL~1\ARDUIN~1\Debug\libArduinoCore.a(USBCore.o)
                0x000007dc                DoubleBufferedEPOutHandler::recv(void*, unsigned long)
 .text._ZN26DoubleBufferedEPOutHandler14handleEndpointEv
                0x000008fa       0xb6 C:\Users\brian\DOCUME~1\VISUAL~1\Projects\CRANEC~2\Firmware\SERIAL~1\SERIAL~1\ARDUIN~1\Debug\libArduinoCore.a(USBCore.o)
                0x000008fa                DoubleBufferedEPOutHandler::handleEndpoint()
 .text._ZN14USBDeviceClass14SendInterfacesEPm
                0x000009b0       0x2c C:\Users\brian\DOCUME~1\VISUAL~1\Projects\CRANEC~2\Firmware\SERIAL~1\SERIAL~1\ARDUIN~1\Debug\libArduinoCore.a(USBCore.o)
                0x000009b0                USBDeviceClass::SendInterfaces(unsigned long*)
 .text._ZN14USBDeviceClass14handleEndpointEh
                0x000009dc       0x44 C:\Users\brian\DOCUME~1\VISUAL~1\Projects\CRANEC~2\Firmware\SERIAL~1\SERIAL~1\ARDUIN~1\Debug\libArduinoCore.a(USBCore.o)
                0x000009dc                USBDeviceClass::handleEndpoint(unsigned char)
 .text._ZN14USBDeviceClass4initEv
                0x00000a20       0xf0 C:\Users\brian\DOCUME~1\VISUAL~1\Projects\CRANEC~2\Firmware\SERIAL~1\SERIAL~1\ARDUIN~1\Debug\libArduinoCore.a(USBCore.o)
                0x00000a20                USBDeviceClass::init()
 .text._ZN14USBDeviceClass6attachEv
                0x00000b10       0x34 C:\Users\brian\DOCUME~1\VISUAL~1\Projects\CRANEC~2\Firmware\SERIAL~1\SERIAL~1\ARDUIN~1\Debug\libArduinoCore.a(USBCore.o)
                0x00000b10                USBDeviceClass::attach()
 .text._ZN14USBDeviceClass10setAddressEm
                0x00000b44       0x48 C:\Users\brian\DOCUME~1\VISUAL~1\Projects\CRANEC~2\Firmware\SERIAL~1\SERIAL~1\ARDUIN~1\Debug\libArduinoCore.a(USBCore.o)
                0x00000b44                USBDeviceClass::setAddress(unsigned long)
 .text._ZN14USBDeviceClass25handleClassInterfaceSetupER8USBSetup
                0x00000b8c       0x44 C:\Users\brian\DOCUME~1\VISUAL~1\Projects\CRANEC~2\Firmware\SERIAL~1\SERIAL~1\ARDUIN~1\Debug\libArduinoCore.a(USBCore.o)
                0x00000b8c                USBDeviceClass::handleClassInterfaceSetup(USBSetup&)
 .text._ZN14USBDeviceClass6initEPEmm
                0x00000bd0      0x120 C:\Users\brian\DOCUME~1\VISUAL~1\Projects\CRANEC~2\Firmware\SERIAL~1\SERIAL~1\ARDUIN~1\Debug\libArduinoCore.a(USBCore.o)
                0x00000bd0                USBDeviceClass::initEP(unsigned long, unsigned long)
 .text._ZN14USBDeviceClass13initEndpointsEv
                0x00000cf0       0x24 C:\Users\brian\DOCUME~1\VISUAL~1\Projects\CRANEC~2\Firmware\SERIAL~1\SERIAL~1\ARDUIN~1\Debug\libArduinoCore.a(USBCore.o)
                0x00000cf0                USBDeviceClass::initEndpoints()
 .text._ZN14USBDeviceClass9availableEm
                0x00000d14       0x2c C:\Users\brian\DOCUME~1\VISUAL~1\Projects\CRANEC~2\Firmware\SERIAL~1\SERIAL~1\ARDUIN~1\Debug\libArduinoCore.a(USBCore.o)
                0x00000d14                USBDeviceClass::available(unsigned long)
 .text._ZN14USBDeviceClass5flushEm
                0x00000d40       0x2c C:\Users\brian\DOCUME~1\VISUAL~1\Projects\CRANEC~2\Firmware\SERIAL~1\SERIAL~1\ARDUIN~1\Debug\libArduinoCore.a(USBCore.o)
                0x00000d40                USBDeviceClass::flush(unsigned long)
 .text._ZN14USBDeviceClass14armRecvCtrlOUTEm
                0x00000d6c       0x5c C:\Users\brian\DOCUME~1\VISUAL~1\Projects\CRANEC~2\Firmware\SERIAL~1\SERIAL~1\ARDUIN~1\Debug\libArduinoCore.a(USBCore.o)
                0x00000d6c                USBDeviceClass::armRecvCtrlOUT(unsigned long)
 .text._ZN14USBDeviceClass11recvControlEPvm
                0x00000dc8       0x3c C:\Users\brian\DOCUME~1\VISUAL~1\Projects\CRANEC~2\Firmware\SERIAL~1\SERIAL~1\ARDUIN~1\Debug\libArduinoCore.a(USBCore.o)
                0x00000dc8                USBDeviceClass::recvControl(void*, unsigned long)
 .text._ZN14USBDeviceClass7armRecvEm
                0x00000e04       0x38 C:\Users\brian\DOCUME~1\VISUAL~1\Projects\CRANEC~2\Firmware\SERIAL~1\SERIAL~1\ARDUIN~1\Debug\libArduinoCore.a(USBCore.o)
                0x00000e04                USBDeviceClass::armRecv(unsigned long)
 .text._ZN14USBDeviceClass4recvEmPvm
                0x00000e3c       0xdc C:\Users\brian\DOCUME~1\VISUAL~1\Projects\CRANEC~2\Firmware\SERIAL~1\SERIAL~1\ARDUIN~1\Debug\libArduinoCore.a(USBCore.o)
                0x00000e3c                USBDeviceClass::recv(unsigned long, void*, unsigned long)
 .text._ZN14USBDeviceClass4recvEm
                0x00000f18       0x1c C:\Users\brian\DOCUME~1\VISUAL~1\Projects\CRANEC~2\Firmware\SERIAL~1\SERIAL~1\ARDUIN~1\Debug\libArduinoCore.a(USBCore.o)
                0x00000f18                USBDeviceClass::recv(unsigned long)
 .text._ZN14USBDeviceClass4sendEmPKvm
                0x00000f34      0x110 C:\Users\brian\DOCUME~1\VISUAL~1\Projects\CRANEC~2\Firmware\SERIAL~1\SERIAL~1\ARDUIN~1\Debug\libArduinoCore.a(USBCore.o)
                0x00000f34                USBDeviceClass::send(unsigned long, void const*, unsigned long)
 .text._ZN14USBDeviceClass7armSendEmPKvm
                0x00001044       0x48 C:\Users\brian\DOCUME~1\VISUAL~1\Projects\CRANEC~2\Firmware\SERIAL~1\SERIAL~1\ARDUIN~1\Debug\libArduinoCore.a(USBCore.o)
                0x00001044                USBDeviceClass::armSend(unsigned long, void const*, unsigned long)
 .text._ZN14USBDeviceClass11sendControlEPKvm
                0x0000108c       0x54 C:\Users\brian\DOCUME~1\VISUAL~1\Projects\CRANEC~2\Firmware\SERIAL~1\SERIAL~1\ARDUIN~1\Debug\libArduinoCore.a(USBCore.o)
                0x0000108c                USBDeviceClass::sendControl(void const*, unsigned long)
 .text._ZN14USBDeviceClass20sendStringDescriptorEPKhh
                0x000010e0       0x64 C:\Users\brian\DOCUME~1\VISUAL~1\Projects\CRANEC~2\Firmware\SERIAL~1\SERIAL~1\ARDUIN~1\Debug\libArduinoCore.a(USBCore.o)
                0x000010e0                USBDeviceClass::sendStringDescriptor(unsigned char const*, unsigned char)
 .text._ZN14USBDeviceClass17sendConfigurationEm
                0x00001144       0x94 C:\Users\brian\DOCUME~1\VISUAL~1\Projects\CRANEC~2\Firmware\SERIAL~1\SERIAL~1\ARDUIN~1\Debug\libArduinoCore.a(USBCore.o)
                0x00001144                USBDeviceClass::sendConfiguration(unsigned long)
 .text._ZN14USBDeviceClass14sendDescriptorER8USBSetup
                0x000011d8       0xac C:\Users\brian\DOCUME~1\VISUAL~1\Projects\CRANEC~2\Firmware\SERIAL~1\SERIAL~1\ARDUIN~1\Debug\libArduinoCore.a(USBCore.o)
                0x000011d8                USBDeviceClass::sendDescriptor(USBSetup&)
 .text._ZN14USBDeviceClass19handleStandardSetupER8USBSetup
                0x00001284      0x108 C:\Users\brian\DOCUME~1\VISUAL~1\Projects\CRANEC~2\Firmware\SERIAL~1\SERIAL~1\ARDUIN~1\Debug\libArduinoCore.a(USBCore.o)
                0x00001284                USBDeviceClass::handleStandardSetup(USBSetup&)
 .text._ZN14USBDeviceClass10ISRHandlerEv
                0x0000138c      0x150 C:\Users\brian\DOCUME~1\VISUAL~1\Projects\CRANEC~2\Firmware\SERIAL~1\SERIAL~1\ARDUIN~1\Debug\libArduinoCore.a(USBCore.o)
                0x0000138c                USBDeviceClass::ISRHandler()
 .text.UDD_Handler
                0x000014dc       0x10 C:\Users\brian\DOCUME~1\VISUAL~1\Projects\CRANEC~2\Firmware\SERIAL~1\SERIAL~1\ARDUIN~1\Debug\libArduinoCore.a(USBCore.o)
                0x000014dc                UDD_Handler
 .text.startup._GLOBAL__sub_I__ZN20USBDevice_SAMD21G18x5resetEv
                0x000014ec       0x10 C:\Users\brian\DOCUME~1\VISUAL~1\Projects\CRANEC~2\Firmware\SERIAL~1\SERIAL~1\ARDUIN~1\Debug\libArduinoCore.a(USBCore.o)
 .text.init     0x000014fc       0xf0 C:\Users\brian\DOCUME~1\VISUAL~1\Projects\CRANEC~2\Firmware\SERIAL~1\SERIAL~1\ARDUIN~1\Debug\libArduinoCore.a(wiring.o)
                0x000014fc                init
 .text.analogReference
                0x000015ec       0x64 C:\Users\brian\DOCUME~1\VISUAL~1\Projects\CRANEC~2\Firmware\SERIAL~1\SERIAL~1\ARDUIN~1\Debug\libArduinoCore.a(wiring_analog.o)
                0x000015ec                analogReference
 .text.pinMode  0x00001650       0x98 C:\Users\brian\DOCUME~1\VISUAL~1\Projects\CRANEC~2\Firmware\SERIAL~1\SERIAL~1\ARDUIN~1\Debug\libArduinoCore.a(wiring_digital.o)
                0x00001650                pinMode
 .text.digitalWrite
                0x000016e8       0x58 C:\Users\brian\DOCUME~1\VISUAL~1\Projects\CRANEC~2\Firmware\SERIAL~1\SERIAL~1\ARDUIN~1\Debug\libArduinoCore.a(wiring_digital.o)
                0x000016e8                digitalWrite
 .text.pinPeripheral
                0x00001740       0xbc C:\Users\brian\DOCUME~1\VISUAL~1\Projects\CRANEC~2\Firmware\SERIAL~1\SERIAL~1\ARDUIN~1\Debug\libArduinoCore.a(wiring_private.o)
                0x00001740                pinPeripheral
 .text.shiftOut
                0x000017fc       0x46 C:\Users\brian\DOCUME~1\VISUAL~1\Projects\CRANEC~2\Firmware\SERIAL~1\SERIAL~1\ARDUIN~1\Debug\libArduinoCore.a(wiring_shift.o)
                0x000017fc                shiftOut
 *fill*         0x00001842        0x2 
 .text.SERCOM0_Handler
                0x00001844       0x10 C:\Users\brian\DOCUME~1\VISUAL~1\Projects\CRANEC~2\Firmware\SERIAL~1\SERIAL~1\ARDUIN~1\Debug\libArduinoCore.a(variant.o)
                0x00001844                SERCOM0_Handler
 .text.SERCOM5_Handler
                0x00001854       0x10 C:\Users\brian\DOCUME~1\VISUAL~1\Projects\CRANEC~2\Firmware\SERIAL~1\SERIAL~1\ARDUIN~1\Debug\libArduinoCore.a(variant.o)
                0x00001854                SERCOM5_Handler
 .text.startup._GLOBAL__sub_I_g_APinDescription
                0x00001864       0x94 C:\Users\brian\DOCUME~1\VISUAL~1\Projects\CRANEC~2\Firmware\SERIAL~1\SERIAL~1\ARDUIN~1\Debug\libArduinoCore.a(variant.o)
 .text._Znwj    0x000018f8        0x8 C:\Users\brian\DOCUME~1\VISUAL~1\Projects\CRANEC~2\Firmware\SERIAL~1\SERIAL~1\ARDUIN~1\Debug\libArduinoCore.a(new.o)
                0x000018f8                operator new(unsigned int)
 .text._ZN6SERCOMC2EP6Sercom
                0x00001900        0x4 C:\Users\brian\DOCUME~1\VISUAL~1\Projects\CRANEC~2\Firmware\SERIAL~1\SERIAL~1\ARDUIN~1\Debug\libArduinoCore.a(SERCOM.o)
                0x00001900                SERCOM::SERCOM(Sercom*)
                0x00001900                SERCOM::SERCOM(Sercom*)
 .text._ZN6SERCOM9initFrameE18SercomUartCharSize15SercomDataOrder16SercomParityMode19SercomNumberStopBit
                0x00001904       0x34 C:\Users\brian\DOCUME~1\VISUAL~1\Projects\CRANEC~2\Firmware\SERIAL~1\SERIAL~1\ARDUIN~1\Debug\libArduinoCore.a(SERCOM.o)
                0x00001904                SERCOM::initFrame(SercomUartCharSize, SercomDataOrder, SercomParityMode, SercomNumberStopBit)
 .text._ZN6SERCOM8initPadsE15SercomUartTXPad11SercomRXPad
                0x00001938       0x24 C:\Users\brian\DOCUME~1\VISUAL~1\Projects\CRANEC~2\Firmware\SERIAL~1\SERIAL~1\ARDUIN~1\Debug\libArduinoCore.a(SERCOM.o)
                0x00001938                SERCOM::initPads(SercomUartTXPad, SercomRXPad)
 .text._ZN6SERCOM9resetUARTEv
                0x0000195c       0x18 C:\Users\brian\DOCUME~1\VISUAL~1\Projects\CRANEC~2\Firmware\SERIAL~1\SERIAL~1\ARDUIN~1\Debug\libArduinoCore.a(SERCOM.o)
                0x0000195c                SERCOM::resetUART()
 .text._ZN6SERCOM10enableUARTEv
                0x00001974       0x12 C:\Users\brian\DOCUME~1\VISUAL~1\Projects\CRANEC~2\Firmware\SERIAL~1\SERIAL~1\ARDUIN~1\Debug\libArduinoCore.a(SERCOM.o)
                0x00001974                SERCOM::enableUART()
 .text._ZN6SERCOM9flushUARTEv
                0x00001986       0x10 C:\Users\brian\DOCUME~1\VISUAL~1\Projects\CRANEC~2\Firmware\SERIAL~1\SERIAL~1\ARDUIN~1\Debug\libArduinoCore.a(SERCOM.o)
                0x00001986                SERCOM::flushUART()
 .text._ZN6SERCOM15clearStatusUARTEv
                0x00001996        0x8 C:\Users\brian\DOCUME~1\VISUAL~1\Projects\CRANEC~2\Firmware\SERIAL~1\SERIAL~1\ARDUIN~1\Debug\libArduinoCore.a(SERCOM.o)
                0x00001996                SERCOM::clearStatusUART()
 .text._ZN6SERCOM17availableDataUARTEv
                0x0000199e        0xa C:\Users\brian\DOCUME~1\VISUAL~1\Projects\CRANEC~2\Firmware\SERIAL~1\SERIAL~1\ARDUIN~1\Debug\libArduinoCore.a(SERCOM.o)
                0x0000199e                SERCOM::availableDataUART()
 .text._ZN6SERCOM11isUARTErrorEv
                0x000019a8        0x8 C:\Users\brian\DOCUME~1\VISUAL~1\Projects\CRANEC~2\Firmware\SERIAL~1\SERIAL~1\ARDUIN~1\Debug\libArduinoCore.a(SERCOM.o)
                0x000019a8                SERCOM::isUARTError()
 .text._ZN6SERCOM20acknowledgeUARTErrorEv
                0x000019b0        0xe C:\Users\brian\DOCUME~1\VISUAL~1\Projects\CRANEC~2\Firmware\SERIAL~1\SERIAL~1\ARDUIN~1\Debug\libArduinoCore.a(SERCOM.o)
                0x000019b0                SERCOM::acknowledgeUARTError()
 .text._ZN6SERCOM12readDataUARTEv
                0x000019be        0x8 C:\Users\brian\DOCUME~1\VISUAL~1\Projects\CRANEC~2\Firmware\SERIAL~1\SERIAL~1\ARDUIN~1\Debug\libArduinoCore.a(SERCOM.o)
                0x000019be                SERCOM::readDataUART()
 .text._ZN6SERCOM13writeDataUARTEh
                0x000019c6       0x10 C:\Users\brian\DOCUME~1\VISUAL~1\Projects\CRANEC~2\Firmware\SERIAL~1\SERIAL~1\ARDUIN~1\Debug\libArduinoCore.a(SERCOM.o)
                0x000019c6                SERCOM::writeDataUART(unsigned char)
 *fill*         0x000019d6        0x2 
 .text._ZN6SERCOM13initClockNVICEv
                0x000019d8       0xa8 C:\Users\brian\DOCUME~1\VISUAL~1\Projects\CRANEC~2\Firmware\SERIAL~1\SERIAL~1\ARDUIN~1\Debug\libArduinoCore.a(SERCOM.o)
                0x000019d8                SERCOM::initClockNVIC()
 .text._ZN6SERCOM8initUARTE14SercomUartMode20SercomUartSampleRatem
                0x00001a80       0x64 C:\Users\brian\DOCUME~1\VISUAL~1\Projects\CRANEC~2\Firmware\SERIAL~1\SERIAL~1\ARDUIN~1\Debug\libArduinoCore.a(SERCOM.o)
                0x00001a80                SERCOM::initUART(SercomUartMode, SercomUartSampleRate, unsigned long)
 .text._ZN4UartcvbEv
                0x00001ae4        0x4 C:\Users\brian\DOCUME~1\VISUAL~1\Projects\CRANEC~2\Firmware\SERIAL~1\SERIAL~1\ARDUIN~1\Debug\libArduinoCore.a(Uart.o)
                0x00001ae4                Uart::operator bool()
 .text._ZN4Uart5beginEm
                0x00001ae8       0x10 C:\Users\brian\DOCUME~1\VISUAL~1\Projects\CRANEC~2\Firmware\SERIAL~1\SERIAL~1\ARDUIN~1\Debug\libArduinoCore.a(Uart.o)
                0x00001ae8                Uart::begin(unsigned long)
 .text._ZN4Uart3endEv
                0x00001af8       0x14 C:\Users\brian\DOCUME~1\VISUAL~1\Projects\CRANEC~2\Firmware\SERIAL~1\SERIAL~1\ARDUIN~1\Debug\libArduinoCore.a(Uart.o)
                0x00001af8                Uart::end()
 .text._ZN4Uart5flushEv
                0x00001b0c        0xa C:\Users\brian\DOCUME~1\VISUAL~1\Projects\CRANEC~2\Firmware\SERIAL~1\SERIAL~1\ARDUIN~1\Debug\libArduinoCore.a(Uart.o)
                0x00001b0c                Uart::flush()
 .text._ZN4Uart9availableEv
                0x00001b16        0xa C:\Users\brian\DOCUME~1\VISUAL~1\Projects\CRANEC~2\Firmware\SERIAL~1\SERIAL~1\ARDUIN~1\Debug\libArduinoCore.a(Uart.o)
                0x00001b16                Uart::available()
 .text._ZN4Uart4peekEv
                0x00001b20        0xa C:\Users\brian\DOCUME~1\VISUAL~1\Projects\CRANEC~2\Firmware\SERIAL~1\SERIAL~1\ARDUIN~1\Debug\libArduinoCore.a(Uart.o)
                0x00001b20                Uart::peek()
 .text._ZN4Uart4readEv
                0x00001b2a        0xa C:\Users\brian\DOCUME~1\VISUAL~1\Projects\CRANEC~2\Firmware\SERIAL~1\SERIAL~1\ARDUIN~1\Debug\libArduinoCore.a(Uart.o)
                0x00001b2a                Uart::read()
 .text._ZN4Uart5writeEh
                0x00001b34        0xc C:\Users\brian\DOCUME~1\VISUAL~1\Projects\CRANEC~2\Firmware\SERIAL~1\SERIAL~1\ARDUIN~1\Debug\libArduinoCore.a(Uart.o)
                0x00001b34                Uart::write(unsigned char)
 .text._ZN4UartC2EP6SERCOMhh11SercomRXPad15SercomUartTXPad
                0x00001b40       0x4c C:\Users\brian\DOCUME~1\VISUAL~1\Projects\CRANEC~2\Firmware\SERIAL~1\SERIAL~1\ARDUIN~1\Debug\libArduinoCore.a(Uart.o)
                0x00001b40                Uart::Uart(SERCOM*, unsigned char, unsigned char, SercomRXPad, SercomUartTXPad)
                0x00001b40                Uart::Uart(SERCOM*, unsigned char, unsigned char, SercomRXPad, SercomUartTXPad)
 .text._ZN4Uart10IrqHandlerEv
                0x00001b8c       0x36 C:\Users\brian\DOCUME~1\VISUAL~1\Projects\CRANEC~2\Firmware\SERIAL~1\SERIAL~1\ARDUIN~1\Debug\libArduinoCore.a(Uart.o)
                0x00001b8c                Uart::IrqHandler()
 .text._ZN4Uart16extractNbStopBitEt
                0x00001bc2        0xc C:\Users\brian\DOCUME~1\VISUAL~1\Projects\CRANEC~2\Firmware\SERIAL~1\SERIAL~1\ARDUIN~1\Debug\libArduinoCore.a(Uart.o)
                0x00001bc2                Uart::extractNbStopBit(unsigned short)
 .text._ZN4Uart15extractCharSizeEt
                0x00001bce       0x28 C:\Users\brian\DOCUME~1\VISUAL~1\Projects\CRANEC~2\Firmware\SERIAL~1\SERIAL~1\ARDUIN~1\Debug\libArduinoCore.a(Uart.o)
                0x00001bce                Uart::extractCharSize(unsigned short)
 .text._ZN4Uart13extractParityEt
                0x00001bf6       0x14 C:\Users\brian\DOCUME~1\VISUAL~1\Projects\CRANEC~2\Firmware\SERIAL~1\SERIAL~1\ARDUIN~1\Debug\libArduinoCore.a(Uart.o)
                0x00001bf6                Uart::extractParity(unsigned short)
 *fill*         0x00001c0a        0x2 
 .text._ZN4Uart5beginEmt
                0x00001c0c       0x88 C:\Users\brian\DOCUME~1\VISUAL~1\Projects\CRANEC~2\Firmware\SERIAL~1\SERIAL~1\ARDUIN~1\Debug\libArduinoCore.a(Uart.o)
                0x00001c0c                Uart::begin(unsigned long, unsigned short)
 .text._ZN13PluggableUSB_12getInterfaceEPh
                0x00001c94       0x28 C:\Users\brian\DOCUME~1\VISUAL~1\Projects\CRANEC~2\Firmware\SERIAL~1\SERIAL~1\ARDUIN~1\Debug\libArduinoCore.a(PluggableUSB.o)
                0x00001c94                PluggableUSB_::getInterface(unsigned char*)
 .text._ZN13PluggableUSB_13getDescriptorER8USBSetup
                0x00001cbc       0x20 C:\Users\brian\DOCUME~1\VISUAL~1\Projects\CRANEC~2\Firmware\SERIAL~1\SERIAL~1\ARDUIN~1\Debug\libArduinoCore.a(PluggableUSB.o)
                0x00001cbc                PluggableUSB_::getDescriptor(USBSetup&)
 .text._ZN13PluggableUSB_12getShortNameEPc
                0x00001cdc       0x1e C:\Users\brian\DOCUME~1\VISUAL~1\Projects\CRANEC~2\Firmware\SERIAL~1\SERIAL~1\ARDUIN~1\Debug\libArduinoCore.a(PluggableUSB.o)
                0x00001cdc                PluggableUSB_::getShortName(char*)
 .text._ZN13PluggableUSB_5setupER8USBSetup
                0x00001cfa       0x20 C:\Users\brian\DOCUME~1\VISUAL~1\Projects\CRANEC~2\Firmware\SERIAL~1\SERIAL~1\ARDUIN~1\Debug\libArduinoCore.a(PluggableUSB.o)
                0x00001cfa                PluggableUSB_::setup(USBSetup&)
 *fill*         0x00001d1a        0x2 
 .text._Z12PluggableUSBv
                0x00001d1c       0x24 C:\Users\brian\DOCUME~1\VISUAL~1\Projects\CRANEC~2\Firmware\SERIAL~1\SERIAL~1\ARDUIN~1\Debug\libArduinoCore.a(PluggableUSB.o)
                0x00001d1c                PluggableUSB()
 .text._ZN5Print5writeEPKhj
                0x00001d40       0x28 C:\Users\brian\DOCUME~1\VISUAL~1\Projects\CRANEC~2\Firmware\SERIAL~1\SERIAL~1\ARDUIN~1\Debug\libArduinoCore.a(Print.o)
                0x00001d40                Print::write(unsigned char const*, unsigned int)
 .text._ZN10RingBufferC2Ev
                0x00001d68       0x1a C:\Users\brian\DOCUME~1\VISUAL~1\Projects\CRANEC~2\Firmware\SERIAL~1\SERIAL~1\ARDUIN~1\Debug\libArduinoCore.a(RingBuffer.o)
                0x00001d68                RingBuffer::RingBuffer()
                0x00001d68                RingBuffer::RingBuffer()
 .text._ZN10RingBuffer10store_charEh
                0x00001d82       0x24 C:\Users\brian\DOCUME~1\VISUAL~1\Projects\CRANEC~2\Firmware\SERIAL~1\SERIAL~1\ARDUIN~1\Debug\libArduinoCore.a(RingBuffer.o)
                0x00001d82                RingBuffer::store_char(unsigned char)
 .text._ZN10RingBuffer5clearEv
                0x00001da6        0xe C:\Users\brian\DOCUME~1\VISUAL~1\Projects\CRANEC~2\Firmware\SERIAL~1\SERIAL~1\ARDUIN~1\Debug\libArduinoCore.a(RingBuffer.o)
                0x00001da6                RingBuffer::clear()
 .text._ZN10RingBuffer9read_charEv
                0x00001db4       0x28 C:\Users\brian\DOCUME~1\VISUAL~1\Projects\CRANEC~2\Firmware\SERIAL~1\SERIAL~1\ARDUIN~1\Debug\libArduinoCore.a(RingBuffer.o)
                0x00001db4                RingBuffer::read_char()
 .text._ZN10RingBuffer9availableEv
                0x00001ddc       0x14 C:\Users\brian\DOCUME~1\VISUAL~1\Projects\CRANEC~2\Firmware\SERIAL~1\SERIAL~1\ARDUIN~1\Debug\libArduinoCore.a(RingBuffer.o)
                0x00001ddc                RingBuffer::available()
 .text._ZN10RingBuffer4peekEv
                0x00001df0       0x1a C:\Users\brian\DOCUME~1\VISUAL~1\Projects\CRANEC~2\Firmware\SERIAL~1\SERIAL~1\ARDUIN~1\Debug\libArduinoCore.a(RingBuffer.o)
                0x00001df0                RingBuffer::peek()
 *fill*         0x00001e0a        0x2 
 .text          0x00001e0c       0x14 c:/program files (x86)/atmel/studio/7.0/toolchain/arm/arm-gnu-toolchain/bin/../lib/gcc/arm-none-eabi/6.2.1/thumb/v6-m\libgcc.a(_thumb1_case_uqi.o)
                0x00001e0c                __gnu_thumb1_case_uqi
 .text          0x00001e20      0x114 c:/program files (x86)/atmel/studio/7.0/toolchain/arm/arm-gnu-toolchain/bin/../lib/gcc/arm-none-eabi/6.2.1/thumb/v6-m\libgcc.a(_udivsi3.o)
                0x00001e20                __aeabi_uidiv
                0x00001e20                __udivsi3
                0x00001f2c                __aeabi_uidivmod
 .text          0x00001f34        0x4 c:/program files (x86)/atmel/studio/7.0/toolchain/arm/arm-gnu-toolchain/bin/../lib/gcc/arm-none-eabi/6.2.1/thumb/v6-m\libgcc.a(_dvmd_tls.o)
                0x00001f34                __aeabi_idiv0
                0x00001f34                __aeabi_ldiv0
 .text.__libc_init_array
                0x00001f38       0x48 c:/program files (x86)/atmel/studio/7.0/toolchain/arm/arm-gnu-toolchain/bin/../lib/gcc/arm-none-eabi/6.2.1/../../../../arm-none-eabi/lib/thumb/v6-m\libc_nano.a(lib_a-init.o)
                0x00001f38                __libc_init_array
 .text.malloc   0x00001f80       0x14 c:/program files (x86)/atmel/studio/7.0/toolchain/arm/arm-gnu-toolchain/bin/../lib/gcc/arm-none-eabi/6.2.1/../../../../arm-none-eabi/lib/thumb/v6-m\libc_nano.a(lib_a-malloc.o)
                0x00001f80                malloc
 .text.memcpy   0x00001f94       0x12 c:/program files (x86)/atmel/studio/7.0/toolchain/arm/arm-gnu-toolchain/bin/../lib/gcc/arm-none-eabi/6.2.1/../../../../arm-none-eabi/lib/thumb/v6-m\libc_nano.a(lib_a-memcpy-stub.o)
                0x00001f94                memcpy
 .text.memset   0x00001fa6       0x10 c:/program files (x86)/atmel/studio/7.0/toolchain/arm/arm-gnu-toolchain/bin/../lib/gcc/arm-none-eabi/6.2.1/../../../../arm-none-eabi/lib/thumb/v6-m\libc_nano.a(lib_a-memset.o)
                0x00001fa6                memset
 *fill*         0x00001fb6        0x2 
 .text._malloc_r
                0x00001fb8       0xbc c:/program files (x86)/atmel/studio/7.0/toolchain/arm/arm-gnu-toolchain/bin/../lib/gcc/arm-none-eabi/6.2.1/../../../../arm-none-eabi/lib/thumb/v6-m\libc_nano.a(lib_a-nano-mallocr.o)
                0x00001fb8                _malloc_r
 .text._sbrk_r  0x00002074       0x24 c:/program files (x86)/atmel/studio/7.0/toolchain/arm/arm-gnu-toolchain/bin/../lib/gcc/arm-none-eabi/6.2.1/../../../../arm-none-eabi/lib/thumb/v6-m\libc_nano.a(lib_a-sbrkr.o)
                0x00002074                _sbrk_r
 .text          0x00002098        0xe c:/program files (x86)/atmel/studio/7.0/toolchain/arm/arm-gnu-toolchain/bin/../lib/gcc/arm-none-eabi/6.2.1/../../../../arm-none-eabi/lib/thumb/v6-m\libc_nano.a(lib_a-strlen.o)
                0x00002098                strlen
 .text.__malloc_lock
                0x000020a6        0x2 c:/program files (x86)/atmel/studio/7.0/toolchain/arm/arm-gnu-toolchain/bin/../lib/gcc/arm-none-eabi/6.2.1/../../../../arm-none-eabi/lib/thumb/v6-m\libc_nano.a(lib_a-mlock.o)
                0x000020a6                __malloc_lock
 .text.__malloc_unlock
                0x000020a8        0x2 c:/program files (x86)/atmel/studio/7.0/toolchain/arm/arm-gnu-toolchain/bin/../lib/gcc/arm-none-eabi/6.2.1/../../../../arm-none-eabi/lib/thumb/v6-m\libc_nano.a(lib_a-mlock.o)
                0x000020a8                __malloc_unlock
 *fill*         0x000020aa        0x2 
 .text._sbrk    0x000020ac       0x1c c:/program files (x86)/atmel/studio/7.0/toolchain/arm/arm-gnu-toolchain/bin/../lib/gcc/arm-none-eabi/6.2.1/../../../../arm-none-eabi/lib/thumb/v6-m\libnosys.a(sbrk.o)
                0x000020ac                _sbrk
 *(.init)
 .init          0x000020c8        0x4 c:/program files (x86)/atmel/studio/7.0/toolchain/arm/arm-gnu-toolchain/bin/../lib/gcc/arm-none-eabi/6.2.1/thumb/v6-m/crti.o
                0x000020c8                _init
 .init          0x000020cc        0x8 c:/program files (x86)/atmel/studio/7.0/toolchain/arm/arm-gnu-toolchain/bin/../lib/gcc/arm-none-eabi/6.2.1/thumb/v6-m/crtn.o
 *(.fini)
 .fini          0x000020d4        0x4 c:/program files (x86)/atmel/studio/7.0/toolchain/arm/arm-gnu-toolchain/bin/../lib/gcc/arm-none-eabi/6.2.1/thumb/v6-m/crti.o
                0x000020d4                _fini
 .fini          0x000020d8        0x8 c:/program files (x86)/atmel/studio/7.0/toolchain/arm/arm-gnu-toolchain/bin/../lib/gcc/arm-none-eabi/6.2.1/thumb/v6-m/crtn.o
 *crtbegin.o(.ctors)
 *crtbegin?.o(.ctors)
 *(EXCLUDE_FILE(*crtend.o *crtend?.o) .ctors)
 *(SORT(.ctors.*))
 *(.ctors)
 *crtbegin.o(.dtors)
 *crtbegin?.o(.dtors)
 *(EXCLUDE_FILE(*crtend.o *crtend?.o) .dtors)
 *(SORT(.dtors.*))
 *(.dtors)
 *(.rodata*)
 .rodata._ZTV7Serial_
                0x000020e0       0x24 C:\Users\brian\DOCUME~1\VISUAL~1\Projects\CRANEC~2\Firmware\SERIAL~1\SERIAL~1\ARDUIN~1\Debug\libArduinoCore.a(CDC.o)
                0x000020e0                vtable for Serial_
 .rodata._ZTV26DoubleBufferedEPOutHandler
                0x00002104       0x14 C:\Users\brian\DOCUME~1\VISUAL~1\Projects\CRANEC~2\Firmware\SERIAL~1\SERIAL~1\ARDUIN~1\Debug\libArduinoCore.a(USBCore.o)
                0x00002104                vtable for DoubleBufferedEPOutHandler
 .rodata._ZL14STRING_PRODUCT
                0x00002118        0xb C:\Users\brian\DOCUME~1\VISUAL~1\Projects\CRANEC~2\Firmware\SERIAL~1\SERIAL~1\ARDUIN~1\Debug\libArduinoCore.a(USBCore.o)
 *fill*         0x00002123        0x1 
 .rodata._ZL15STRING_LANGUAGE
                0x00002124        0x4 C:\Users\brian\DOCUME~1\VISUAL~1\Projects\CRANEC~2\Firmware\SERIAL~1\SERIAL~1\ARDUIN~1\Debug\libArduinoCore.a(USBCore.o)
 .rodata._ZL19STRING_MANUFACTURER
                0x00002128        0x9 C:\Users\brian\DOCUME~1\VISUAL~1\Projects\CRANEC~2\Firmware\SERIAL~1\SERIAL~1\ARDUIN~1\Debug\libArduinoCore.a(USBCore.o)
 .rodata._ZL21USB_DeviceDescriptorB
                0x00002131       0x12 C:\Users\brian\DOCUME~1\VISUAL~1\Projects\CRANEC~2\Firmware\SERIAL~1\SERIAL~1\ARDUIN~1\Debug\libArduinoCore.a(USBCore.o)
 *fill*         0x00002143        0x1 
 .rodata.g_APinDescription
                0x00002144      0x450 C:\Users\brian\DOCUME~1\VISUAL~1\Projects\CRANEC~2\Firmware\SERIAL~1\SERIAL~1\ARDUIN~1\Debug\libArduinoCore.a(variant.o)
                0x00002144                g_APinDescription
 .rodata._ZTV4Uart
                0x00002594       0x30 C:\Users\brian\DOCUME~1\VISUAL~1\Projects\CRANEC~2\Firmware\SERIAL~1\SERIAL~1\ARDUIN~1\Debug\libArduinoCore.a(Uart.o)
                0x00002594                vtable for Uart
 *(.eh_frame*)
 .eh_frame      0x000025c4        0x0 c:/program files (x86)/atmel/studio/7.0/toolchain/arm/arm-gnu-toolchain/bin/../lib/gcc/arm-none-eabi/6.2.1/thumb/v6-m/crtbegin.o
 .eh_frame      0x000025c4        0x4 c:/program files (x86)/atmel/studio/7.0/toolchain/arm/arm-gnu-toolchain/bin/../lib/gcc/arm-none-eabi/6.2.1/thumb/v6-m/crtend.o

.glue_7         0x000025c8        0x0
 .glue_7        0x000025c8        0x0 linker stubs

.glue_7t        0x000025c8        0x0
 .glue_7t       0x000025c8        0x0 linker stubs

.vfp11_veneer   0x000025c8        0x0
 .vfp11_veneer  0x000025c8        0x0 linker stubs

.v4_bx          0x000025c8        0x0
 .v4_bx         0x000025c8        0x0 linker stubs

.iplt           0x000025c8        0x0
 .iplt          0x000025c8        0x0 c:/program files (x86)/atmel/studio/7.0/toolchain/arm/arm-gnu-toolchain/bin/../lib/gcc/arm-none-eabi/6.2.1/thumb/v6-m/crtbegin.o

.rel.dyn        0x000025c8        0x0
 .rel.iplt      0x000025c8        0x0 c:/program files (x86)/atmel/studio/7.0/toolchain/arm/arm-gnu-toolchain/bin/../lib/gcc/arm-none-eabi/6.2.1/thumb/v6-m/crtbegin.o

.ARM.extab
 *(.ARM.extab* .gnu.linkonce.armextab.*)
                0x000025c8                __exidx_start = .

.ARM.exidx
 *(.ARM.exidx* .gnu.linkonce.armexidx.*)
                0x000025c8                __exidx_end = .
                0x000025c8                __etext = .

.data           0x20000000      0x100 load address 0x000025c8
                0x20000000                __data_start__ = .
 *(vtable)
 *(.data*)
 .data._ZL5ticks
                0x20000000        0x4 C:\Users\brian\DOCUME~1\VISUAL~1\Projects\CRANEC~2\Firmware\SERIAL~1\SERIAL~1\ARDUIN~1\Debug\libArduinoCore.a(Reset.o)
 .data._ZL10breakValue
                0x20000004        0x4 C:\Users\brian\DOCUME~1\VISUAL~1\Projects\CRANEC~2\Firmware\SERIAL~1\SERIAL~1\ARDUIN~1\Debug\libArduinoCore.a(CDC.o)
 .data._ZL12_usbLineInfo
                0x20000008        0x8 C:\Users\brian\DOCUME~1\VISUAL~1\Projects\CRANEC~2\Firmware\SERIAL~1\SERIAL~1\ARDUIN~1\Debug\libArduinoCore.a(CDC.o)
 .data._ZL13_cdcInterface
                0x20000010       0x42 C:\Users\brian\DOCUME~1\VISUAL~1\Projects\CRANEC~2\Firmware\SERIAL~1\SERIAL~1\ARDUIN~1\Debug\libArduinoCore.a(CDC.o)
 *fill*         0x20000052        0x2 
 .data._serialPeek
                0x20000054        0x4 C:\Users\brian\DOCUME~1\VISUAL~1\Projects\CRANEC~2\Firmware\SERIAL~1\SERIAL~1\ARDUIN~1\Debug\libArduinoCore.a(CDC.o)
                0x20000054                _serialPeek
 .data.EndPoints
                0x20000058       0x28 C:\Users\brian\DOCUME~1\VISUAL~1\Projects\CRANEC~2\Firmware\SERIAL~1\SERIAL~1\ARDUIN~1\Debug\libArduinoCore.a(USBCore.o)
                0x20000058                EndPoints
 .data.SystemCoreClock
                0x20000080        0x4 C:\Users\brian\DOCUME~1\VISUAL~1\Projects\CRANEC~2\Firmware\SERIAL~1\SERIAL~1\ARDUIN~1\Debug\libArduinoCore.a(wiring.o)
                0x20000080                SystemCoreClock
 .data._impure_ptr
                0x20000084        0x4 c:/program files (x86)/atmel/studio/7.0/toolchain/arm/arm-gnu-toolchain/bin/../lib/gcc/arm-none-eabi/6.2.1/../../../../arm-none-eabi/lib/thumb/v6-m\libc_nano.a(lib_a-impure.o)
                0x20000084                _impure_ptr
 .data.impure_data
                0x20000088       0x60 c:/program files (x86)/atmel/studio/7.0/toolchain/arm/arm-gnu-toolchain/bin/../lib/gcc/arm-none-eabi/6.2.1/../../../../arm-none-eabi/lib/thumb/v6-m\libc_nano.a(lib_a-impure.o)
                0x200000e8                . = ALIGN (0x4)
                0x200000e8                PROVIDE (__preinit_array_start, .)
 *(.preinit_array)
                0x200000e8                PROVIDE (__preinit_array_end, .)
                0x200000e8                . = ALIGN (0x4)
                0x200000e8                PROVIDE (__init_array_start, .)
 *(SORT(.init_array.*))
 *(.init_array)
 .init_array    0x200000e8        0x4 c:/program files (x86)/atmel/studio/7.0/toolchain/arm/arm-gnu-toolchain/bin/../lib/gcc/arm-none-eabi/6.2.1/thumb/v6-m/crtbegin.o
 .init_array    0x200000ec        0x4 C:\Users\brian\DOCUME~1\VISUAL~1\Projects\CRANEC~2\Firmware\SERIAL~1\SERIAL~1\ARDUIN~1\Debug\libArduinoCore.a(CDC.o)
 .init_array    0x200000f0        0x4 C:\Users\brian\DOCUME~1\VISUAL~1\Projects\CRANEC~2\Firmware\SERIAL~1\SERIAL~1\ARDUIN~1\Debug\libArduinoCore.a(USBCore.o)
 .init_array    0x200000f4        0x4 C:\Users\brian\DOCUME~1\VISUAL~1\Projects\CRANEC~2\Firmware\SERIAL~1\SERIAL~1\ARDUIN~1\Debug\libArduinoCore.a(variant.o)
                0x200000f8                PROVIDE (__init_array_end, .)
                0x200000f8                . = ALIGN (0x4)
                [!provide]                PROVIDE (__fini_array_start, .)
 *(SORT(.fini_array.*))
 *(.fini_array)
 .fini_array    0x200000f8        0x4 c:/program files (x86)/atmel/studio/7.0/toolchain/arm/arm-gnu-toolchain/bin/../lib/gcc/arm-none-eabi/6.2.1/thumb/v6-m/crtbegin.o
                [!provide]                PROVIDE (__fini_array_end, .)
 *(.jcr*)
 .jcr           0x200000fc        0x0 c:/program files (x86)/atmel/studio/7.0/toolchain/arm/arm-gnu-toolchain/bin/../lib/gcc/arm-none-eabi/6.2.1/thumb/v6-m/crtbegin.o
 .jcr           0x200000fc        0x4 c:/program files (x86)/atmel/studio/7.0/toolchain/arm/arm-gnu-toolchain/bin/../lib/gcc/arm-none-eabi/6.2.1/thumb/v6-m/crtend.o
                0x20000100                . = ALIGN (0x10)
                0x20000100                __data_end__ = .

.igot.plt       0x20000100        0x0 load address 0x000026c8
 .igot.plt      0x20000100        0x0 c:/program files (x86)/atmel/studio/7.0/toolchain/arm/arm-gnu-toolchain/bin/../lib/gcc/arm-none-eabi/6.2.1/thumb/v6-m/crtbegin.o

.bss            0x20000100      0x7b8 load address 0x000026c8
                0x20000100                . = ALIGN (0x4)
                0x20000100                __bss_start__ = .
 *(.bss*)
 .bss           0x20000100       0x1c c:/program files (x86)/atmel/studio/7.0/toolchain/arm/arm-gnu-toolchain/bin/../lib/gcc/arm-none-eabi/6.2.1/thumb/v6-m/crtbegin.o
 .bss.usb_isr   0x2000011c        0x4 C:\Users\brian\DOCUME~1\VISUAL~1\Projects\CRANEC~2\Firmware\SERIAL~1\SERIAL~1\ARDUIN~1\Debug\libArduinoCore.a(cortex_handlers.o)
 .bss._ulTickCount
                0x20000120        0x4 C:\Users\brian\DOCUME~1\VISUAL~1\Projects\CRANEC~2\Firmware\SERIAL~1\SERIAL~1\ARDUIN~1\Debug\libArduinoCore.a(delay.o)
 .bss.Serial    0x20000124       0x1c C:\Users\brian\DOCUME~1\VISUAL~1\Projects\CRANEC~2\Firmware\SERIAL~1\SERIAL~1\ARDUIN~1\Debug\libArduinoCore.a(CDC.o)
                0x20000124                Serial
 .bss.USBDevice
                0x20000140        0x1 C:\Users\brian\DOCUME~1\VISUAL~1\Projects\CRANEC~2\Firmware\SERIAL~1\SERIAL~1\ARDUIN~1\Debug\libArduinoCore.a(USBCore.o)
                0x20000140                USBDevice
 *fill*         0x20000141        0x3 
 .bss._ZL10epHandlers
                0x20000144       0x1c C:\Users\brian\DOCUME~1\VISUAL~1\Projects\CRANEC~2\Firmware\SERIAL~1\SERIAL~1\ARDUIN~1\Debug\libArduinoCore.a(USBCore.o)
 .bss._ZL10rxLEDPulse
                0x20000160        0x1 C:\Users\brian\DOCUME~1\VISUAL~1\Projects\CRANEC~2\Firmware\SERIAL~1\SERIAL~1\ARDUIN~1\Debug\libArduinoCore.a(USBCore.o)
 .bss._ZL10txLEDPulse
                0x20000161        0x1 C:\Users\brian\DOCUME~1\VISUAL~1\Projects\CRANEC~2\Firmware\SERIAL~1\SERIAL~1\ARDUIN~1\Debug\libArduinoCore.a(USBCore.o)
 .bss._ZL14isEndpointHalt
                0x20000162        0x1 C:\Users\brian\DOCUME~1\VISUAL~1\Projects\CRANEC~2\Firmware\SERIAL~1\SERIAL~1\ARDUIN~1\Debug\libArduinoCore.a(USBCore.o)
 .bss._ZL20LastTransmitTimedOut
                0x20000163        0x7 C:\Users\brian\DOCUME~1\VISUAL~1\Projects\CRANEC~2\Firmware\SERIAL~1\SERIAL~1\ARDUIN~1\Debug\libArduinoCore.a(USBCore.o)
 .bss._ZL21isRemoteWakeUpEnabled
                0x2000016a        0x1 C:\Users\brian\DOCUME~1\VISUAL~1\Projects\CRANEC~2\Firmware\SERIAL~1\SERIAL~1\ARDUIN~1\Debug\libArduinoCore.a(USBCore.o)
 *fill*         0x2000016b        0x1 
 .bss._ZL22udd_ep_in_cache_buffer
                0x2000016c      0x1c0 C:\Users\brian\DOCUME~1\VISUAL~1\Projects\CRANEC~2\Firmware\SERIAL~1\SERIAL~1\ARDUIN~1\Debug\libArduinoCore.a(USBCore.o)
 .bss._ZL23udd_ep_out_cache_buffer
                0x2000032c      0x1c0 C:\Users\brian\DOCUME~1\VISUAL~1\Projects\CRANEC~2\Firmware\SERIAL~1\SERIAL~1\ARDUIN~1\Debug\libArduinoCore.a(USBCore.o)
 .bss._dry_run  0x200004ec        0x1 C:\Users\brian\DOCUME~1\VISUAL~1\Projects\CRANEC~2\Firmware\SERIAL~1\SERIAL~1\ARDUIN~1\Debug\libArduinoCore.a(USBCore.o)
                0x200004ec                _dry_run
 .bss._pack_buffer
                0x200004ed      0x100 C:\Users\brian\DOCUME~1\VISUAL~1\Projects\CRANEC~2\Firmware\SERIAL~1\SERIAL~1\ARDUIN~1\Debug\libArduinoCore.a(USBCore.o)
                0x200004ed                _pack_buffer
 .bss._pack_message
                0x200005ed        0x1 C:\Users\brian\DOCUME~1\VISUAL~1\Projects\CRANEC~2\Firmware\SERIAL~1\SERIAL~1\ARDUIN~1\Debug\libArduinoCore.a(USBCore.o)
                0x200005ed                _pack_message
 .bss._pack_size
                0x200005ee        0x2 C:\Users\brian\DOCUME~1\VISUAL~1\Projects\CRANEC~2\Firmware\SERIAL~1\SERIAL~1\ARDUIN~1\Debug\libArduinoCore.a(USBCore.o)
                0x200005ee                _pack_size
 .bss._usbConfiguration
                0x200005f0        0x4 C:\Users\brian\DOCUME~1\VISUAL~1\Projects\CRANEC~2\Firmware\SERIAL~1\SERIAL~1\ARDUIN~1\Debug\libArduinoCore.a(USBCore.o)
                0x200005f0                _usbConfiguration
 .bss._usbSetInterface
                0x200005f4        0x4 C:\Users\brian\DOCUME~1\VISUAL~1\Projects\CRANEC~2\Firmware\SERIAL~1\SERIAL~1\ARDUIN~1\Debug\libArduinoCore.a(USBCore.o)
                0x200005f4                _usbSetInterface
 .bss.usbd      0x200005f8      0x104 C:\Users\brian\DOCUME~1\VISUAL~1\Projects\CRANEC~2\Firmware\SERIAL~1\SERIAL~1\ARDUIN~1\Debug\libArduinoCore.a(USBCore.o)
                0x200005f8                usbd
 .bss.Serial1   0x200006fc       0xc4 C:\Users\brian\DOCUME~1\VISUAL~1\Projects\CRANEC~2\Firmware\SERIAL~1\SERIAL~1\ARDUIN~1\Debug\libArduinoCore.a(variant.o)
                0x200006fc                Serial1
 .bss.Serial5   0x200007c0       0xc4 C:\Users\brian\DOCUME~1\VISUAL~1\Projects\CRANEC~2\Firmware\SERIAL~1\SERIAL~1\ARDUIN~1\Debug\libArduinoCore.a(variant.o)
                0x200007c0                Serial5
 .bss.sercom0   0x20000884        0x4 C:\Users\brian\DOCUME~1\VISUAL~1\Projects\CRANEC~2\Firmware\SERIAL~1\SERIAL~1\ARDUIN~1\Debug\libArduinoCore.a(variant.o)
                0x20000884                sercom0
 .bss.sercom1   0x20000888        0x4 C:\Users\brian\DOCUME~1\VISUAL~1\Projects\CRANEC~2\Firmware\SERIAL~1\SERIAL~1\ARDUIN~1\Debug\libArduinoCore.a(variant.o)
                0x20000888                sercom1
 .bss.sercom2   0x2000088c        0x4 C:\Users\brian\DOCUME~1\VISUAL~1\Projects\CRANEC~2\Firmware\SERIAL~1\SERIAL~1\ARDUIN~1\Debug\libArduinoCore.a(variant.o)
                0x2000088c                sercom2
 .bss.sercom3   0x20000890        0x4 C:\Users\brian\DOCUME~1\VISUAL~1\Projects\CRANEC~2\Firmware\SERIAL~1\SERIAL~1\ARDUIN~1\Debug\libArduinoCore.a(variant.o)
                0x20000890                sercom3
 .bss.sercom4   0x20000894        0x4 C:\Users\brian\DOCUME~1\VISUAL~1\Projects\CRANEC~2\Firmware\SERIAL~1\SERIAL~1\ARDUIN~1\Debug\libArduinoCore.a(variant.o)
                0x20000894                sercom4
 .bss.sercom5   0x20000898        0x4 C:\Users\brian\DOCUME~1\VISUAL~1\Projects\CRANEC~2\Firmware\SERIAL~1\SERIAL~1\ARDUIN~1\Debug\libArduinoCore.a(variant.o)
                0x20000898                sercom5
 .bss._ZGVZ12PluggableUSBvE3obj
                0x2000089c        0x4 C:\Users\brian\DOCUME~1\VISUAL~1\Projects\CRANEC~2\Firmware\SERIAL~1\SERIAL~1\ARDUIN~1\Debug\libArduinoCore.a(PluggableUSB.o)
 .bss._ZZ12PluggableUSBvE3obj
                0x200008a0        0x8 C:\Users\brian\DOCUME~1\VISUAL~1\Projects\CRANEC~2\Firmware\SERIAL~1\SERIAL~1\ARDUIN~1\Debug\libArduinoCore.a(PluggableUSB.o)
 .bss.__malloc_free_list
                0x200008a8        0x4 c:/program files (x86)/atmel/studio/7.0/toolchain/arm/arm-gnu-toolchain/bin/../lib/gcc/arm-none-eabi/6.2.1/../../../../arm-none-eabi/lib/thumb/v6-m\libc_nano.a(lib_a-nano-mallocr.o)
                0x200008a8                __malloc_free_list
 .bss.__malloc_sbrk_start
                0x200008ac        0x4 c:/program files (x86)/atmel/studio/7.0/toolchain/arm/arm-gnu-toolchain/bin/../lib/gcc/arm-none-eabi/6.2.1/../../../../arm-none-eabi/lib/thumb/v6-m\libc_nano.a(lib_a-nano-mallocr.o)
                0x200008ac                __malloc_sbrk_start
 .bss.heap_end.4116
                0x200008b0        0x4 c:/program files (x86)/atmel/studio/7.0/toolchain/arm/arm-gnu-toolchain/bin/../lib/gcc/arm-none-eabi/6.2.1/../../../../arm-none-eabi/lib/thumb/v6-m\libnosys.a(sbrk.o)
 *(COMMON)
 COMMON         0x200008b4        0x4 c:/program files (x86)/atmel/studio/7.0/toolchain/arm/arm-gnu-toolchain/bin/../lib/gcc/arm-none-eabi/6.2.1/../../../../arm-none-eabi/lib/thumb/v6-m\libc_nano.a(lib_a-reent.o)
                0x200008b4                errno
                0x200008b8                . = ALIGN (0x4)
                0x200008b8                __bss_end__ = .

.heap           0x200008b8        0x0
                0x200008b8                __end__ = .
                0x200008b8                PROVIDE (end, .)
 *(.heap*)
                0x200008b8                __HeapLimit = .

.stack_dummy    0x200008b8        0x0
 *(.stack*)
                0x20008000                __StackTop = (ORIGIN (RAM) + LENGTH (RAM))
                0x20008000                __StackLimit = (__StackTop - SIZEOF (.stack_dummy))
                0x20008000                PROVIDE (__stack, __StackTop)
                0x20007fff                __ram_end__ = ((ORIGIN (RAM) + LENGTH (RAM)) - 0x1)
                0x00000001                ASSERT ((__StackLimit >= __HeapLimit), region RAM overflowed with stack)
OUTPUT(SerialReader.elf elf32-littlearm)

.ARM.attributes
                0x00000000       0x28
 .ARM.attributes
                0x00000000       0x1e c:/program files (x86)/atmel/studio/7.0/toolchain/arm/arm-gnu-toolchain/bin/../lib/gcc/arm-none-eabi/6.2.1/thumb/v6-m/crti.o
 .ARM.attributes
                0x0000001e       0x2c c:/program files (x86)/atmel/studio/7.0/toolchain/arm/arm-gnu-toolchain/bin/../lib/gcc/arm-none-eabi/6.2.1/thumb/v6-m/crtbegin.o
 .ARM.attributes
                0x0000004a       0x32 Sketch.o
 .ARM.attributes
                0x0000007c       0x32 C:\Users\brian\DOCUME~1\VISUAL~1\Projects\CRANEC~2\Firmware\SERIAL~1\SERIAL~1\ARDUIN~1\Debug\libArduinoCore.a(cortex_handlers.o)
 .ARM.attributes
                0x000000ae       0x32 C:\Users\brian\DOCUME~1\VISUAL~1\Projects\CRANEC~2\Firmware\SERIAL~1\SERIAL~1\ARDUIN~1\Debug\libArduinoCore.a(delay.o)
 .ARM.attributes
                0x000000e0       0x32 C:\Users\brian\DOCUME~1\VISUAL~1\Projects\CRANEC~2\Firmware\SERIAL~1\SERIAL~1\ARDUIN~1\Debug\libArduinoCore.a(hooks.o)
 .ARM.attributes
                0x00000112       0x32 C:\Users\brian\DOCUME~1\VISUAL~1\Projects\CRANEC~2\Firmware\SERIAL~1\SERIAL~1\ARDUIN~1\Debug\libArduinoCore.a(main.o)
 .ARM.attributes
                0x00000144       0x32 C:\Users\brian\DOCUME~1\VISUAL~1\Projects\CRANEC~2\Firmware\SERIAL~1\SERIAL~1\ARDUIN~1\Debug\libArduinoCore.a(Reset.o)
 .ARM.attributes
                0x00000176       0x32 C:\Users\brian\DOCUME~1\VISUAL~1\Projects\CRANEC~2\Firmware\SERIAL~1\SERIAL~1\ARDUIN~1\Debug\libArduinoCore.a(startup.o)
 .ARM.attributes
                0x000001a8       0x32 C:\Users\brian\DOCUME~1\VISUAL~1\Projects\CRANEC~2\Firmware\SERIAL~1\SERIAL~1\ARDUIN~1\Debug\libArduinoCore.a(CDC.o)
 .ARM.attributes
                0x000001da       0x32 C:\Users\brian\DOCUME~1\VISUAL~1\Projects\CRANEC~2\Firmware\SERIAL~1\SERIAL~1\ARDUIN~1\Debug\libArduinoCore.a(USBCore.o)
 .ARM.attributes
                0x0000020c       0x32 C:\Users\brian\DOCUME~1\VISUAL~1\Projects\CRANEC~2\Firmware\SERIAL~1\SERIAL~1\ARDUIN~1\Debug\libArduinoCore.a(wiring.o)
 .ARM.attributes
                0x0000023e       0x32 C:\Users\brian\DOCUME~1\VISUAL~1\Projects\CRANEC~2\Firmware\SERIAL~1\SERIAL~1\ARDUIN~1\Debug\libArduinoCore.a(wiring_analog.o)
 .ARM.attributes
                0x00000270       0x32 C:\Users\brian\DOCUME~1\VISUAL~1\Projects\CRANEC~2\Firmware\SERIAL~1\SERIAL~1\ARDUIN~1\Debug\libArduinoCore.a(wiring_digital.o)
 .ARM.attributes
                0x000002a2       0x32 C:\Users\brian\DOCUME~1\VISUAL~1\Projects\CRANEC~2\Firmware\SERIAL~1\SERIAL~1\ARDUIN~1\Debug\libArduinoCore.a(wiring_private.o)
 .ARM.attributes
                0x000002d4       0x32 C:\Users\brian\DOCUME~1\VISUAL~1\Projects\CRANEC~2\Firmware\SERIAL~1\SERIAL~1\ARDUIN~1\Debug\libArduinoCore.a(wiring_shift.o)
 .ARM.attributes
                0x00000306       0x32 C:\Users\brian\DOCUME~1\VISUAL~1\Projects\CRANEC~2\Firmware\SERIAL~1\SERIAL~1\ARDUIN~1\Debug\libArduinoCore.a(variant.o)
 .ARM.attributes
                0x00000338       0x32 C:\Users\brian\DOCUME~1\VISUAL~1\Projects\CRANEC~2\Firmware\SERIAL~1\SERIAL~1\ARDUIN~1\Debug\libArduinoCore.a(new.o)
 .ARM.attributes
                0x0000036a       0x32 C:\Users\brian\DOCUME~1\VISUAL~1\Projects\CRANEC~2\Firmware\SERIAL~1\SERIAL~1\ARDUIN~1\Debug\libArduinoCore.a(SERCOM.o)
 .ARM.attributes
                0x0000039c       0x32 C:\Users\brian\DOCUME~1\VISUAL~1\Projects\CRANEC~2\Firmware\SERIAL~1\SERIAL~1\ARDUIN~1\Debug\libArduinoCore.a(Uart.o)
 .ARM.attributes
                0x000003ce       0x32 C:\Users\brian\DOCUME~1\VISUAL~1\Projects\CRANEC~2\Firmware\SERIAL~1\SERIAL~1\ARDUIN~1\Debug\libArduinoCore.a(PluggableUSB.o)
 .ARM.attributes
                0x00000400       0x32 C:\Users\brian\DOCUME~1\VISUAL~1\Projects\CRANEC~2\Firmware\SERIAL~1\SERIAL~1\ARDUIN~1\Debug\libArduinoCore.a(Print.o)
 .ARM.attributes
                0x00000432       0x32 C:\Users\brian\DOCUME~1\VISUAL~1\Projects\CRANEC~2\Firmware\SERIAL~1\SERIAL~1\ARDUIN~1\Debug\libArduinoCore.a(RingBuffer.o)
 .ARM.attributes
                0x00000464       0x1e c:/program files (x86)/atmel/studio/7.0/toolchain/arm/arm-gnu-toolchain/bin/../lib/gcc/arm-none-eabi/6.2.1/thumb/v6-m\libgcc.a(_thumb1_case_uqi.o)
 .ARM.attributes
                0x00000482       0x1e c:/program files (x86)/atmel/studio/7.0/toolchain/arm/arm-gnu-toolchain/bin/../lib/gcc/arm-none-eabi/6.2.1/thumb/v6-m\libgcc.a(_udivsi3.o)
 .ARM.attributes
                0x000004a0       0x1e c:/program files (x86)/atmel/studio/7.0/toolchain/arm/arm-gnu-toolchain/bin/../lib/gcc/arm-none-eabi/6.2.1/thumb/v6-m\libgcc.a(_dvmd_tls.o)
 .ARM.attributes
                0x000004be       0x2c c:/program files (x86)/atmel/studio/7.0/toolchain/arm/arm-gnu-toolchain/bin/../lib/gcc/arm-none-eabi/6.2.1/../../../../arm-none-eabi/lib/thumb/v6-m\libc_nano.a(lib_a-impure.o)
 .ARM.attributes
                0x000004ea       0x2c c:/program files (x86)/atmel/studio/7.0/toolchain/arm/arm-gnu-toolchain/bin/../lib/gcc/arm-none-eabi/6.2.1/../../../../arm-none-eabi/lib/thumb/v6-m\libc_nano.a(lib_a-init.o)
 .ARM.attributes
                0x00000516       0x2c c:/program files (x86)/atmel/studio/7.0/toolchain/arm/arm-gnu-toolchain/bin/../lib/gcc/arm-none-eabi/6.2.1/../../../../arm-none-eabi/lib/thumb/v6-m\libc_nano.a(lib_a-malloc.o)
 .ARM.attributes
                0x00000542       0x2c c:/program files (x86)/atmel/studio/7.0/toolchain/arm/arm-gnu-toolchain/bin/../lib/gcc/arm-none-eabi/6.2.1/../../../../arm-none-eabi/lib/thumb/v6-m\libc_nano.a(lib_a-memcpy-stub.o)
 .ARM.attributes
                0x0000056e       0x2c c:/program files (x86)/atmel/studio/7.0/toolchain/arm/arm-gnu-toolchain/bin/../lib/gcc/arm-none-eabi/6.2.1/../../../../arm-none-eabi/lib/thumb/v6-m\libc_nano.a(lib_a-memset.o)
 .ARM.attributes
                0x0000059a       0x2c c:/program files (x86)/atmel/studio/7.0/toolchain/arm/arm-gnu-toolchain/bin/../lib/gcc/arm-none-eabi/6.2.1/../../../../arm-none-eabi/lib/thumb/v6-m\libc_nano.a(lib_a-nano-mallocr.o)
 .ARM.attributes
                0x000005c6       0x2c c:/program files (x86)/atmel/studio/7.0/toolchain/arm/arm-gnu-toolchain/bin/../lib/gcc/arm-none-eabi/6.2.1/../../../../arm-none-eabi/lib/thumb/v6-m\libc_nano.a(lib_a-sbrkr.o)
 .ARM.attributes
                0x000005f2       0x1c c:/program files (x86)/atmel/studio/7.0/toolchain/arm/arm-gnu-toolchain/bin/../lib/gcc/arm-none-eabi/6.2.1/../../../../arm-none-eabi/lib/thumb/v6-m\libc_nano.a(lib_a-strlen.o)
 .ARM.attributes
                0x0000060e       0x2c c:/program files (x86)/atmel/studio/7.0/toolchain/arm/arm-gnu-toolchain/bin/../lib/gcc/arm-none-eabi/6.2.1/../../../../arm-none-eabi/lib/thumb/v6-m\libc_nano.a(lib_a-mlock.o)
 .ARM.attributes
                0x0000063a       0x2c c:/program files (x86)/atmel/studio/7.0/toolchain/arm/arm-gnu-toolchain/bin/../lib/gcc/arm-none-eabi/6.2.1/../../../../arm-none-eabi/lib/thumb/v6-m\libc_nano.a(lib_a-reent.o)
 .ARM.attributes
                0x00000666       0x2c c:/program files (x86)/atmel/studio/7.0/toolchain/arm/arm-gnu-toolchain/bin/../lib/gcc/arm-none-eabi/6.2.1/../../../../arm-none-eabi/lib/thumb/v6-m\libnosys.a(sbrk.o)
 .ARM.attributes
                0x00000692       0x2c c:/program files (x86)/atmel/studio/7.0/toolchain/arm/arm-gnu-toolchain/bin/../lib/gcc/arm-none-eabi/6.2.1/thumb/v6-m/crtend.o
 .ARM.attributes
                0x000006be       0x1e c:/program files (x86)/atmel/studio/7.0/toolchain/arm/arm-gnu-toolchain/bin/../lib/gcc/arm-none-eabi/6.2.1/thumb/v6-m/crtn.o

.comment        0x00000000       0x59
 .comment       0x00000000       0x59 Sketch.o
                                 0x5a (size before relaxing)
 .comment       0x00000059       0x5a C:\Users\brian\DOCUME~1\VISUAL~1\Projects\CRANEC~2\Firmware\SERIAL~1\SERIAL~1\ARDUIN~1\Debug\libArduinoCore.a(cortex_handlers.o)
 .comment       0x00000059       0x5a C:\Users\brian\DOCUME~1\VISUAL~1\Projects\CRANEC~2\Firmware\SERIAL~1\SERIAL~1\ARDUIN~1\Debug\libArduinoCore.a(delay.o)
 .comment       0x00000059       0x5a C:\Users\brian\DOCUME~1\VISUAL~1\Projects\CRANEC~2\Firmware\SERIAL~1\SERIAL~1\ARDUIN~1\Debug\libArduinoCore.a(hooks.o)
 .comment       0x00000059       0x5a C:\Users\brian\DOCUME~1\VISUAL~1\Projects\CRANEC~2\Firmware\SERIAL~1\SERIAL~1\ARDUIN~1\Debug\libArduinoCore.a(main.o)
 .comment       0x00000059       0x5a C:\Users\brian\DOCUME~1\VISUAL~1\Projects\CRANEC~2\Firmware\SERIAL~1\SERIAL~1\ARDUIN~1\Debug\libArduinoCore.a(Reset.o)
 .comment       0x00000059       0x5a C:\Users\brian\DOCUME~1\VISUAL~1\Projects\CRANEC~2\Firmware\SERIAL~1\SERIAL~1\ARDUIN~1\Debug\libArduinoCore.a(startup.o)
 .comment       0x00000059       0x5a C:\Users\brian\DOCUME~1\VISUAL~1\Projects\CRANEC~2\Firmware\SERIAL~1\SERIAL~1\ARDUIN~1\Debug\libArduinoCore.a(CDC.o)
 .comment       0x00000059       0x5a C:\Users\brian\DOCUME~1\VISUAL~1\Projects\CRANEC~2\Firmware\SERIAL~1\SERIAL~1\ARDUIN~1\Debug\libArduinoCore.a(USBCore.o)
 .comment       0x00000059       0x5a C:\Users\brian\DOCUME~1\VISUAL~1\Projects\CRANEC~2\Firmware\SERIAL~1\SERIAL~1\ARDUIN~1\Debug\libArduinoCore.a(wiring.o)
 .comment       0x00000059       0x5a C:\Users\brian\DOCUME~1\VISUAL~1\Projects\CRANEC~2\Firmware\SERIAL~1\SERIAL~1\ARDUIN~1\Debug\libArduinoCore.a(wiring_analog.o)
 .comment       0x00000059       0x5a C:\Users\brian\DOCUME~1\VISUAL~1\Projects\CRANEC~2\Firmware\SERIAL~1\SERIAL~1\ARDUIN~1\Debug\libArduinoCore.a(wiring_digital.o)
 .comment       0x00000059       0x5a C:\Users\brian\DOCUME~1\VISUAL~1\Projects\CRANEC~2\Firmware\SERIAL~1\SERIAL~1\ARDUIN~1\Debug\libArduinoCore.a(wiring_private.o)
 .comment       0x00000059       0x5a C:\Users\brian\DOCUME~1\VISUAL~1\Projects\CRANEC~2\Firmware\SERIAL~1\SERIAL~1\ARDUIN~1\Debug\libArduinoCore.a(wiring_shift.o)
 .comment       0x00000059       0x5a C:\Users\brian\DOCUME~1\VISUAL~1\Projects\CRANEC~2\Firmware\SERIAL~1\SERIAL~1\ARDUIN~1\Debug\libArduinoCore.a(variant.o)
 .comment       0x00000059       0x5a C:\Users\brian\DOCUME~1\VISUAL~1\Projects\CRANEC~2\Firmware\SERIAL~1\SERIAL~1\ARDUIN~1\Debug\libArduinoCore.a(new.o)
 .comment       0x00000059       0x5a C:\Users\brian\DOCUME~1\VISUAL~1\Projects\CRANEC~2\Firmware\SERIAL~1\SERIAL~1\ARDUIN~1\Debug\libArduinoCore.a(SERCOM.o)
 .comment       0x00000059       0x5a C:\Users\brian\DOCUME~1\VISUAL~1\Projects\CRANEC~2\Firmware\SERIAL~1\SERIAL~1\ARDUIN~1\Debug\libArduinoCore.a(Uart.o)
 .comment       0x00000059       0x5a C:\Users\brian\DOCUME~1\VISUAL~1\Projects\CRANEC~2\Firmware\SERIAL~1\SERIAL~1\ARDUIN~1\Debug\libArduinoCore.a(PluggableUSB.o)
 .comment       0x00000059       0x5a C:\Users\brian\DOCUME~1\VISUAL~1\Projects\CRANEC~2\Firmware\SERIAL~1\SERIAL~1\ARDUIN~1\Debug\libArduinoCore.a(Print.o)
 .comment       0x00000059       0x5a C:\Users\brian\DOCUME~1\VISUAL~1\Projects\CRANEC~2\Firmware\SERIAL~1\SERIAL~1\ARDUIN~1\Debug\libArduinoCore.a(RingBuffer.o)

.debug_info     0x00000000    0x504ea
 .debug_info    0x00000000     0x48b8 Sketch.o
 .debug_info    0x000048b8     0x126e C:\Users\brian\DOCUME~1\VISUAL~1\Projects\CRANEC~2\Firmware\SERIAL~1\SERIAL~1\ARDUIN~1\Debug\libArduinoCore.a(cortex_handlers.o)
 .debug_info    0x00005b26     0x14b5 C:\Users\brian\DOCUME~1\VISUAL~1\Projects\CRANEC~2\Firmware\SERIAL~1\SERIAL~1\ARDUIN~1\Debug\libArduinoCore.a(delay.o)
 .debug_info    0x00006fdb       0x72 C:\Users\brian\DOCUME~1\VISUAL~1\Projects\CRANEC~2\Firmware\SERIAL~1\SERIAL~1\ARDUIN~1\Debug\libArduinoCore.a(hooks.o)
 .debug_info    0x0000704d     0x47b3 C:\Users\brian\DOCUME~1\VISUAL~1\Projects\CRANEC~2\Firmware\SERIAL~1\SERIAL~1\ARDUIN~1\Debug\libArduinoCore.a(main.o)
 .debug_info    0x0000b800     0x4d94 C:\Users\brian\DOCUME~1\VISUAL~1\Projects\CRANEC~2\Firmware\SERIAL~1\SERIAL~1\ARDUIN~1\Debug\libArduinoCore.a(Reset.o)
 .debug_info    0x00010594     0x387c C:\Users\brian\DOCUME~1\VISUAL~1\Projects\CRANEC~2\Firmware\SERIAL~1\SERIAL~1\ARDUIN~1\Debug\libArduinoCore.a(startup.o)
 .debug_info    0x00013e10     0x6efe C:\Users\brian\DOCUME~1\VISUAL~1\Projects\CRANEC~2\Firmware\SERIAL~1\SERIAL~1\ARDUIN~1\Debug\libArduinoCore.a(CDC.o)
 .debug_info    0x0001ad0e     0xc410 C:\Users\brian\DOCUME~1\VISUAL~1\Projects\CRANEC~2\Firmware\SERIAL~1\SERIAL~1\ARDUIN~1\Debug\libArduinoCore.a(USBCore.o)
 .debug_info    0x0002711e     0x3041 C:\Users\brian\DOCUME~1\VISUAL~1\Projects\CRANEC~2\Firmware\SERIAL~1\SERIAL~1\ARDUIN~1\Debug\libArduinoCore.a(wiring.o)
 .debug_info    0x0002a15f     0x54b3 C:\Users\brian\DOCUME~1\VISUAL~1\Projects\CRANEC~2\Firmware\SERIAL~1\SERIAL~1\ARDUIN~1\Debug\libArduinoCore.a(wiring_analog.o)
 .debug_info    0x0002f612     0x1962 C:\Users\brian\DOCUME~1\VISUAL~1\Projects\CRANEC~2\Firmware\SERIAL~1\SERIAL~1\ARDUIN~1\Debug\libArduinoCore.a(wiring_digital.o)
 .debug_info    0x00030f74     0x1945 C:\Users\brian\DOCUME~1\VISUAL~1\Projects\CRANEC~2\Firmware\SERIAL~1\SERIAL~1\ARDUIN~1\Debug\libArduinoCore.a(wiring_private.o)
 .debug_info    0x000328b9      0xf32 C:\Users\brian\DOCUME~1\VISUAL~1\Projects\CRANEC~2\Firmware\SERIAL~1\SERIAL~1\ARDUIN~1\Debug\libArduinoCore.a(wiring_shift.o)
 .debug_info    0x000337eb     0x6a8d C:\Users\brian\DOCUME~1\VISUAL~1\Projects\CRANEC~2\Firmware\SERIAL~1\SERIAL~1\ARDUIN~1\Debug\libArduinoCore.a(variant.o)
 .debug_info    0x0003a278     0x1071 C:\Users\brian\DOCUME~1\VISUAL~1\Projects\CRANEC~2\Firmware\SERIAL~1\SERIAL~1\ARDUIN~1\Debug\libArduinoCore.a(new.o)
 .debug_info    0x0003b2e9     0x5209 C:\Users\brian\DOCUME~1\VISUAL~1\Projects\CRANEC~2\Firmware\SERIAL~1\SERIAL~1\ARDUIN~1\Debug\libArduinoCore.a(SERCOM.o)
 .debug_info    0x000404f2     0x6795 C:\Users\brian\DOCUME~1\VISUAL~1\Projects\CRANEC~2\Firmware\SERIAL~1\SERIAL~1\ARDUIN~1\Debug\libArduinoCore.a(Uart.o)
 .debug_info    0x00046c87     0x1bd4 C:\Users\brian\DOCUME~1\VISUAL~1\Projects\CRANEC~2\Firmware\SERIAL~1\SERIAL~1\ARDUIN~1\Debug\libArduinoCore.a(PluggableUSB.o)
 .debug_info    0x0004885b     0x6ef1 C:\Users\brian\DOCUME~1\VISUAL~1\Projects\CRANEC~2\Firmware\SERIAL~1\SERIAL~1\ARDUIN~1\Debug\libArduinoCore.a(Print.o)
 .debug_info    0x0004f74c      0xd9e C:\Users\brian\DOCUME~1\VISUAL~1\Projects\CRANEC~2\Firmware\SERIAL~1\SERIAL~1\ARDUIN~1\Debug\libArduinoCore.a(RingBuffer.o)

.debug_abbrev   0x00000000     0x5f8b
 .debug_abbrev  0x00000000      0x4ff Sketch.o
 .debug_abbrev  0x000004ff      0x298 C:\Users\brian\DOCUME~1\VISUAL~1\Projects\CRANEC~2\Firmware\SERIAL~1\SERIAL~1\ARDUIN~1\Debug\libArduinoCore.a(cortex_handlers.o)
 .debug_abbrev  0x00000797      0x2bc C:\Users\brian\DOCUME~1\VISUAL~1\Projects\CRANEC~2\Firmware\SERIAL~1\SERIAL~1\ARDUIN~1\Debug\libArduinoCore.a(delay.o)
 .debug_abbrev  0x00000a53       0x4e C:\Users\brian\DOCUME~1\VISUAL~1\Projects\CRANEC~2\Firmware\SERIAL~1\SERIAL~1\ARDUIN~1\Debug\libArduinoCore.a(hooks.o)
 .debug_abbrev  0x00000aa1      0x4c2 C:\Users\brian\DOCUME~1\VISUAL~1\Projects\CRANEC~2\Firmware\SERIAL~1\SERIAL~1\ARDUIN~1\Debug\libArduinoCore.a(main.o)
 .debug_abbrev  0x00000f63      0x56e C:\Users\brian\DOCUME~1\VISUAL~1\Projects\CRANEC~2\Firmware\SERIAL~1\SERIAL~1\ARDUIN~1\Debug\libArduinoCore.a(Reset.o)
 .debug_abbrev  0x000014d1      0x28f C:\Users\brian\DOCUME~1\VISUAL~1\Projects\CRANEC~2\Firmware\SERIAL~1\SERIAL~1\ARDUIN~1\Debug\libArduinoCore.a(startup.o)
 .debug_abbrev  0x00001760      0x86a C:\Users\brian\DOCUME~1\VISUAL~1\Projects\CRANEC~2\Firmware\SERIAL~1\SERIAL~1\ARDUIN~1\Debug\libArduinoCore.a(CDC.o)
 .debug_abbrev  0x00001fca      0xb44 C:\Users\brian\DOCUME~1\VISUAL~1\Projects\CRANEC~2\Firmware\SERIAL~1\SERIAL~1\ARDUIN~1\Debug\libArduinoCore.a(USBCore.o)
 .debug_abbrev  0x00002b0e      0x35c C:\Users\brian\DOCUME~1\VISUAL~1\Projects\CRANEC~2\Firmware\SERIAL~1\SERIAL~1\ARDUIN~1\Debug\libArduinoCore.a(wiring.o)
 .debug_abbrev  0x00002e6a      0x45f C:\Users\brian\DOCUME~1\VISUAL~1\Projects\CRANEC~2\Firmware\SERIAL~1\SERIAL~1\ARDUIN~1\Debug\libArduinoCore.a(wiring_analog.o)
 .debug_abbrev  0x000032c9      0x2fd C:\Users\brian\DOCUME~1\VISUAL~1\Projects\CRANEC~2\Firmware\SERIAL~1\SERIAL~1\ARDUIN~1\Debug\libArduinoCore.a(wiring_digital.o)
 .debug_abbrev  0x000035c6      0x2ea C:\Users\brian\DOCUME~1\VISUAL~1\Projects\CRANEC~2\Firmware\SERIAL~1\SERIAL~1\ARDUIN~1\Debug\libArduinoCore.a(wiring_private.o)
 .debug_abbrev  0x000038b0      0x25f C:\Users\brian\DOCUME~1\VISUAL~1\Projects\CRANEC~2\Firmware\SERIAL~1\SERIAL~1\ARDUIN~1\Debug\libArduinoCore.a(wiring_shift.o)
 .debug_abbrev  0x00003b0f      0x4f2 C:\Users\brian\DOCUME~1\VISUAL~1\Projects\CRANEC~2\Firmware\SERIAL~1\SERIAL~1\ARDUIN~1\Debug\libArduinoCore.a(variant.o)
 .debug_abbrev  0x00004001      0x2e5 C:\Users\brian\DOCUME~1\VISUAL~1\Projects\CRANEC~2\Firmware\SERIAL~1\SERIAL~1\ARDUIN~1\Debug\libArduinoCore.a(new.o)
 .debug_abbrev  0x000042e6      0x6c5 C:\Users\brian\DOCUME~1\VISUAL~1\Projects\CRANEC~2\Firmware\SERIAL~1\SERIAL~1\ARDUIN~1\Debug\libArduinoCore.a(SERCOM.o)
 .debug_abbrev  0x000049ab      0x6af C:\Users\brian\DOCUME~1\VISUAL~1\Projects\CRANEC~2\Firmware\SERIAL~1\SERIAL~1\ARDUIN~1\Debug\libArduinoCore.a(Uart.o)
 .debug_abbrev  0x0000505a      0x4d7 C:\Users\brian\DOCUME~1\VISUAL~1\Projects\CRANEC~2\Firmware\SERIAL~1\SERIAL~1\ARDUIN~1\Debug\libArduinoCore.a(PluggableUSB.o)
 .debug_abbrev  0x00005531      0x74f C:\Users\brian\DOCUME~1\VISUAL~1\Projects\CRANEC~2\Firmware\SERIAL~1\SERIAL~1\ARDUIN~1\Debug\libArduinoCore.a(Print.o)
 .debug_abbrev  0x00005c80      0x30b C:\Users\brian\DOCUME~1\VISUAL~1\Projects\CRANEC~2\Firmware\SERIAL~1\SERIAL~1\ARDUIN~1\Debug\libArduinoCore.a(RingBuffer.o)

.debug_loc      0x00000000     0x713d
 .debug_loc     0x00000000       0xb8 Sketch.o
 .debug_loc     0x000000b8       0x9c C:\Users\brian\DOCUME~1\VISUAL~1\Projects\CRANEC~2\Firmware\SERIAL~1\SERIAL~1\ARDUIN~1\Debug\libArduinoCore.a(cortex_handlers.o)
 .debug_loc     0x00000154      0x169 C:\Users\brian\DOCUME~1\VISUAL~1\Projects\CRANEC~2\Firmware\SERIAL~1\SERIAL~1\ARDUIN~1\Debug\libArduinoCore.a(delay.o)
 .debug_loc     0x000002bd       0x20 C:\Users\brian\DOCUME~1\VISUAL~1\Projects\CRANEC~2\Firmware\SERIAL~1\SERIAL~1\ARDUIN~1\Debug\libArduinoCore.a(main.o)
 .debug_loc     0x000002dd       0x20 C:\Users\brian\DOCUME~1\VISUAL~1\Projects\CRANEC~2\Firmware\SERIAL~1\SERIAL~1\ARDUIN~1\Debug\libArduinoCore.a(Reset.o)
 .debug_loc     0x000002fd       0x4e C:\Users\brian\DOCUME~1\VISUAL~1\Projects\CRANEC~2\Firmware\SERIAL~1\SERIAL~1\ARDUIN~1\Debug\libArduinoCore.a(startup.o)
 .debug_loc     0x0000034b      0x6ce C:\Users\brian\DOCUME~1\VISUAL~1\Projects\CRANEC~2\Firmware\SERIAL~1\SERIAL~1\ARDUIN~1\Debug\libArduinoCore.a(CDC.o)
 .debug_loc     0x00000a19     0x2abb C:\Users\brian\DOCUME~1\VISUAL~1\Projects\CRANEC~2\Firmware\SERIAL~1\SERIAL~1\ARDUIN~1\Debug\libArduinoCore.a(USBCore.o)
 .debug_loc     0x000034d4       0xcb C:\Users\brian\DOCUME~1\VISUAL~1\Projects\CRANEC~2\Firmware\SERIAL~1\SERIAL~1\ARDUIN~1\Debug\libArduinoCore.a(wiring.o)
 .debug_loc     0x0000359f      0x5c9 C:\Users\brian\DOCUME~1\VISUAL~1\Projects\CRANEC~2\Firmware\SERIAL~1\SERIAL~1\ARDUIN~1\Debug\libArduinoCore.a(wiring_analog.o)
 .debug_loc     0x00003b68      0x18c C:\Users\brian\DOCUME~1\VISUAL~1\Projects\CRANEC~2\Firmware\SERIAL~1\SERIAL~1\ARDUIN~1\Debug\libArduinoCore.a(wiring_digital.o)
 .debug_loc     0x00003cf4      0x14e C:\Users\brian\DOCUME~1\VISUAL~1\Projects\CRANEC~2\Firmware\SERIAL~1\SERIAL~1\ARDUIN~1\Debug\libArduinoCore.a(wiring_private.o)
 .debug_loc     0x00003e42      0x25c C:\Users\brian\DOCUME~1\VISUAL~1\Projects\CRANEC~2\Firmware\SERIAL~1\SERIAL~1\ARDUIN~1\Debug\libArduinoCore.a(wiring_shift.o)
 .debug_loc     0x0000409e       0x8a C:\Users\brian\DOCUME~1\VISUAL~1\Projects\CRANEC~2\Firmware\SERIAL~1\SERIAL~1\ARDUIN~1\Debug\libArduinoCore.a(variant.o)
 .debug_loc     0x00004128       0x82 C:\Users\brian\DOCUME~1\VISUAL~1\Projects\CRANEC~2\Firmware\SERIAL~1\SERIAL~1\ARDUIN~1\Debug\libArduinoCore.a(new.o)
 .debug_loc     0x000041aa      0xd02 C:\Users\brian\DOCUME~1\VISUAL~1\Projects\CRANEC~2\Firmware\SERIAL~1\SERIAL~1\ARDUIN~1\Debug\libArduinoCore.a(SERCOM.o)
 .debug_loc     0x00004eac      0x592 C:\Users\brian\DOCUME~1\VISUAL~1\Projects\CRANEC~2\Firmware\SERIAL~1\SERIAL~1\ARDUIN~1\Debug\libArduinoCore.a(Uart.o)
 .debug_loc     0x0000543e      0x300 C:\Users\brian\DOCUME~1\VISUAL~1\Projects\CRANEC~2\Firmware\SERIAL~1\SERIAL~1\ARDUIN~1\Debug\libArduinoCore.a(PluggableUSB.o)
 .debug_loc     0x0000573e     0x1705 C:\Users\brian\DOCUME~1\VISUAL~1\Projects\CRANEC~2\Firmware\SERIAL~1\SERIAL~1\ARDUIN~1\Debug\libArduinoCore.a(Print.o)
 .debug_loc     0x00006e43      0x2fa C:\Users\brian\DOCUME~1\VISUAL~1\Projects\CRANEC~2\Firmware\SERIAL~1\SERIAL~1\ARDUIN~1\Debug\libArduinoCore.a(RingBuffer.o)

.debug_aranges  0x00000000      0x8b0
 .debug_aranges
                0x00000000       0x30 Sketch.o
 .debug_aranges
                0x00000030       0x40 C:\Users\brian\DOCUME~1\VISUAL~1\Projects\CRANEC~2\Firmware\SERIAL~1\SERIAL~1\ARDUIN~1\Debug\libArduinoCore.a(cortex_handlers.o)
 .debug_aranges
                0x00000070       0x38 C:\Users\brian\DOCUME~1\VISUAL~1\Projects\CRANEC~2\Firmware\SERIAL~1\SERIAL~1\ARDUIN~1\Debug\libArduinoCore.a(delay.o)
 .debug_aranges
                0x000000a8       0x30 C:\Users\brian\DOCUME~1\VISUAL~1\Projects\CRANEC~2\Firmware\SERIAL~1\SERIAL~1\ARDUIN~1\Debug\libArduinoCore.a(hooks.o)
 .debug_aranges
                0x000000d8       0x28 C:\Users\brian\DOCUME~1\VISUAL~1\Projects\CRANEC~2\Firmware\SERIAL~1\SERIAL~1\ARDUIN~1\Debug\libArduinoCore.a(main.o)
 .debug_aranges
                0x00000100       0x30 C:\Users\brian\DOCUME~1\VISUAL~1\Projects\CRANEC~2\Firmware\SERIAL~1\SERIAL~1\ARDUIN~1\Debug\libArduinoCore.a(Reset.o)
 .debug_aranges
                0x00000130       0x20 C:\Users\brian\DOCUME~1\VISUAL~1\Projects\CRANEC~2\Firmware\SERIAL~1\SERIAL~1\ARDUIN~1\Debug\libArduinoCore.a(startup.o)
 .debug_aranges
                0x00000150       0xd8 C:\Users\brian\DOCUME~1\VISUAL~1\Projects\CRANEC~2\Firmware\SERIAL~1\SERIAL~1\ARDUIN~1\Debug\libArduinoCore.a(CDC.o)
 .debug_aranges
                0x00000228      0x160 C:\Users\brian\DOCUME~1\VISUAL~1\Projects\CRANEC~2\Firmware\SERIAL~1\SERIAL~1\ARDUIN~1\Debug\libArduinoCore.a(USBCore.o)
 .debug_aranges
                0x00000388       0x20 C:\Users\brian\DOCUME~1\VISUAL~1\Projects\CRANEC~2\Firmware\SERIAL~1\SERIAL~1\ARDUIN~1\Debug\libArduinoCore.a(wiring.o)
 .debug_aranges
                0x000003a8       0x48 C:\Users\brian\DOCUME~1\VISUAL~1\Projects\CRANEC~2\Firmware\SERIAL~1\SERIAL~1\ARDUIN~1\Debug\libArduinoCore.a(wiring_analog.o)
 .debug_aranges
                0x000003f0       0x30 C:\Users\brian\DOCUME~1\VISUAL~1\Projects\CRANEC~2\Firmware\SERIAL~1\SERIAL~1\ARDUIN~1\Debug\libArduinoCore.a(wiring_digital.o)
 .debug_aranges
                0x00000420       0x20 C:\Users\brian\DOCUME~1\VISUAL~1\Projects\CRANEC~2\Firmware\SERIAL~1\SERIAL~1\ARDUIN~1\Debug\libArduinoCore.a(wiring_private.o)
 .debug_aranges
                0x00000440       0x28 C:\Users\brian\DOCUME~1\VISUAL~1\Projects\CRANEC~2\Firmware\SERIAL~1\SERIAL~1\ARDUIN~1\Debug\libArduinoCore.a(wiring_shift.o)
 .debug_aranges
                0x00000468       0x30 C:\Users\brian\DOCUME~1\VISUAL~1\Projects\CRANEC~2\Firmware\SERIAL~1\SERIAL~1\ARDUIN~1\Debug\libArduinoCore.a(variant.o)
 .debug_aranges
                0x00000498       0x28 C:\Users\brian\DOCUME~1\VISUAL~1\Projects\CRANEC~2\Firmware\SERIAL~1\SERIAL~1\ARDUIN~1\Debug\libArduinoCore.a(new.o)
 .debug_aranges
                0x000004c0      0x1c8 C:\Users\brian\DOCUME~1\VISUAL~1\Projects\CRANEC~2\Firmware\SERIAL~1\SERIAL~1\ARDUIN~1\Debug\libArduinoCore.a(SERCOM.o)
 .debug_aranges
                0x00000688       0x90 C:\Users\brian\DOCUME~1\VISUAL~1\Projects\CRANEC~2\Firmware\SERIAL~1\SERIAL~1\ARDUIN~1\Debug\libArduinoCore.a(Uart.o)
 .debug_aranges
                0x00000718       0x50 C:\Users\brian\DOCUME~1\VISUAL~1\Projects\CRANEC~2\Firmware\SERIAL~1\SERIAL~1\ARDUIN~1\Debug\libArduinoCore.a(PluggableUSB.o)
 .debug_aranges
                0x00000768       0xf0 C:\Users\brian\DOCUME~1\VISUAL~1\Projects\CRANEC~2\Firmware\SERIAL~1\SERIAL~1\ARDUIN~1\Debug\libArduinoCore.a(Print.o)
 .debug_aranges
                0x00000858       0x58 C:\Users\brian\DOCUME~1\VISUAL~1\Projects\CRANEC~2\Firmware\SERIAL~1\SERIAL~1\ARDUIN~1\Debug\libArduinoCore.a(RingBuffer.o)

.debug_ranges   0x00000000     0x1008
 .debug_ranges  0x00000000       0x20 Sketch.o
 .debug_ranges  0x00000020       0x30 C:\Users\brian\DOCUME~1\VISUAL~1\Projects\CRANEC~2\Firmware\SERIAL~1\SERIAL~1\ARDUIN~1\Debug\libArduinoCore.a(cortex_handlers.o)
 .debug_ranges  0x00000050       0x28 C:\Users\brian\DOCUME~1\VISUAL~1\Projects\CRANEC~2\Firmware\SERIAL~1\SERIAL~1\ARDUIN~1\Debug\libArduinoCore.a(delay.o)
 .debug_ranges  0x00000078       0x20 C:\Users\brian\DOCUME~1\VISUAL~1\Projects\CRANEC~2\Firmware\SERIAL~1\SERIAL~1\ARDUIN~1\Debug\libArduinoCore.a(hooks.o)
 .debug_ranges  0x00000098       0x18 C:\Users\brian\DOCUME~1\VISUAL~1\Projects\CRANEC~2\Firmware\SERIAL~1\SERIAL~1\ARDUIN~1\Debug\libArduinoCore.a(main.o)
 .debug_ranges  0x000000b0       0x38 C:\Users\brian\DOCUME~1\VISUAL~1\Projects\CRANEC~2\Firmware\SERIAL~1\SERIAL~1\ARDUIN~1\Debug\libArduinoCore.a(Reset.o)
 .debug_ranges  0x000000e8       0x10 C:\Users\brian\DOCUME~1\VISUAL~1\Projects\CRANEC~2\Firmware\SERIAL~1\SERIAL~1\ARDUIN~1\Debug\libArduinoCore.a(startup.o)
 .debug_ranges  0x000000f8       0xf8 C:\Users\brian\DOCUME~1\VISUAL~1\Projects\CRANEC~2\Firmware\SERIAL~1\SERIAL~1\ARDUIN~1\Debug\libArduinoCore.a(CDC.o)
 .debug_ranges  0x000001f0      0x7b8 C:\Users\brian\DOCUME~1\VISUAL~1\Projects\CRANEC~2\Firmware\SERIAL~1\SERIAL~1\ARDUIN~1\Debug\libArduinoCore.a(USBCore.o)
 .debug_ranges  0x000009a8       0x28 C:\Users\brian\DOCUME~1\VISUAL~1\Projects\CRANEC~2\Firmware\SERIAL~1\SERIAL~1\ARDUIN~1\Debug\libArduinoCore.a(wiring.o)
 .debug_ranges  0x000009d0       0x98 C:\Users\brian\DOCUME~1\VISUAL~1\Projects\CRANEC~2\Firmware\SERIAL~1\SERIAL~1\ARDUIN~1\Debug\libArduinoCore.a(wiring_analog.o)
 .debug_ranges  0x00000a68       0x20 C:\Users\brian\DOCUME~1\VISUAL~1\Projects\CRANEC~2\Firmware\SERIAL~1\SERIAL~1\ARDUIN~1\Debug\libArduinoCore.a(wiring_digital.o)
 .debug_ranges  0x00000a88       0x30 C:\Users\brian\DOCUME~1\VISUAL~1\Projects\CRANEC~2\Firmware\SERIAL~1\SERIAL~1\ARDUIN~1\Debug\libArduinoCore.a(wiring_private.o)
 .debug_ranges  0x00000ab8       0x18 C:\Users\brian\DOCUME~1\VISUAL~1\Projects\CRANEC~2\Firmware\SERIAL~1\SERIAL~1\ARDUIN~1\Debug\libArduinoCore.a(wiring_shift.o)
 .debug_ranges  0x00000ad0       0x20 C:\Users\brian\DOCUME~1\VISUAL~1\Projects\CRANEC~2\Firmware\SERIAL~1\SERIAL~1\ARDUIN~1\Debug\libArduinoCore.a(variant.o)
 .debug_ranges  0x00000af0       0x18 C:\Users\brian\DOCUME~1\VISUAL~1\Projects\CRANEC~2\Firmware\SERIAL~1\SERIAL~1\ARDUIN~1\Debug\libArduinoCore.a(new.o)
 .debug_ranges  0x00000b08      0x258 C:\Users\brian\DOCUME~1\VISUAL~1\Projects\CRANEC~2\Firmware\SERIAL~1\SERIAL~1\ARDUIN~1\Debug\libArduinoCore.a(SERCOM.o)
 .debug_ranges  0x00000d60       0x80 C:\Users\brian\DOCUME~1\VISUAL~1\Projects\CRANEC~2\Firmware\SERIAL~1\SERIAL~1\ARDUIN~1\Debug\libArduinoCore.a(Uart.o)
 .debug_ranges  0x00000de0       0x58 C:\Users\brian\DOCUME~1\VISUAL~1\Projects\CRANEC~2\Firmware\SERIAL~1\SERIAL~1\ARDUIN~1\Debug\libArduinoCore.a(PluggableUSB.o)
 .debug_ranges  0x00000e38      0x170 C:\Users\brian\DOCUME~1\VISUAL~1\Projects\CRANEC~2\Firmware\SERIAL~1\SERIAL~1\ARDUIN~1\Debug\libArduinoCore.a(Print.o)
 .debug_ranges  0x00000fa8       0x60 C:\Users\brian\DOCUME~1\VISUAL~1\Projects\CRANEC~2\Firmware\SERIAL~1\SERIAL~1\ARDUIN~1\Debug\libArduinoCore.a(RingBuffer.o)

.debug_macro    0x00000000    0x1c1a0
 .debug_macro   0x00000000      0x69a Sketch.o
 .debug_macro   0x0000069a      0x976 Sketch.o
 .debug_macro   0x00001010       0x16 Sketch.o
 .debug_macro   0x00001026       0x1c Sketch.o
 .debug_macro   0x00001042       0x22 Sketch.o
 .debug_macro   0x00001064       0x87 Sketch.o
 .debug_macro   0x000010eb       0x51 Sketch.o
 .debug_macro   0x0000113c       0xef Sketch.o
 .debug_macro   0x0000122b       0x6a Sketch.o
 .debug_macro   0x00001295      0x1df Sketch.o
 .debug_macro   0x00001474      0x143 Sketch.o
 .debug_macro   0x000015b7       0x10 Sketch.o
 .debug_macro   0x000015c7      0x3c3 Sketch.o
 .debug_macro   0x0000198a       0x10 Sketch.o
 .debug_macro   0x0000199a       0x52 Sketch.o
 .debug_macro   0x000019ec       0x35 Sketch.o
 .debug_macro   0x00001a21       0x9c Sketch.o
 .debug_macro   0x00001abd       0x16 Sketch.o
 .debug_macro   0x00001ad3      0x10e Sketch.o
 .debug_macro   0x00001be1       0x94 Sketch.o
 .debug_macro   0x00001c75       0x52 Sketch.o
 .debug_macro   0x00001cc7       0x1f Sketch.o
 .debug_macro   0x00001ce6       0x43 Sketch.o
 .debug_macro   0x00001d29       0x20 Sketch.o
 .debug_macro   0x00001d49      0x187 Sketch.o
 .debug_macro   0x00001ed0      0x337 Sketch.o
 .debug_macro   0x00002207       0x16 Sketch.o
 .debug_macro   0x0000221d       0x29 Sketch.o
 .debug_macro   0x00002246       0xea Sketch.o
 .debug_macro   0x00002330       0x16 Sketch.o
 .debug_macro   0x00002346       0x35 Sketch.o
 .debug_macro   0x0000237b       0x18 Sketch.o
 .debug_macro   0x00002393      0x1da Sketch.o
 .debug_macro   0x0000256d      0x3d3 Sketch.o
 .debug_macro   0x00002940       0x10 Sketch.o
 .debug_macro   0x00002950      0x45d Sketch.o
 .debug_macro   0x00002dad      0x190 Sketch.o
 .debug_macro   0x00002f3d       0x1c Sketch.o
 .debug_macro   0x00002f59      0xd93 Sketch.o
 .debug_macro   0x00003cec       0x46 Sketch.o
 .debug_macro   0x00003d32       0x28 Sketch.o
 .debug_macro   0x00003d5a       0x85 Sketch.o
 .debug_macro   0x00003ddf      0x375 Sketch.o
 .debug_macro   0x00004154      0x67e Sketch.o
 .debug_macro   0x000047d2      0x8b1 Sketch.o
 .debug_macro   0x00005083      0x22e Sketch.o
 .debug_macro   0x000052b1      0xd5c Sketch.o
 .debug_macro   0x0000600d      0x4dc Sketch.o
 .debug_macro   0x000064e9      0x9f6 Sketch.o
 .debug_macro   0x00006edf      0x82b Sketch.o
 .debug_macro   0x0000770a      0x45f Sketch.o
 .debug_macro   0x00007b69       0x5e Sketch.o
 .debug_macro   0x00007bc7      0x8f9 Sketch.o
 .debug_macro   0x000084c0      0x21c Sketch.o
 .debug_macro   0x000086dc      0x735 Sketch.o
 .debug_macro   0x00008e11       0x5e Sketch.o
 .debug_macro   0x00008e6f      0x632 Sketch.o
 .debug_macro   0x000094a1      0x3ac Sketch.o
 .debug_macro   0x0000984d      0xc76 Sketch.o
 .debug_macro   0x0000a4c3     0x1092 Sketch.o
 .debug_macro   0x0000b555      0xc4a Sketch.o
 .debug_macro   0x0000c19f      0x6ba Sketch.o
 .debug_macro   0x0000c859     0x1b3d Sketch.o
 .debug_macro   0x0000e396     0x143c Sketch.o
 .debug_macro   0x0000f7d2      0x340 Sketch.o
 .debug_macro   0x0000fb12       0x7c Sketch.o
 .debug_macro   0x0000fb8e       0xa0 Sketch.o
 .debug_macro   0x0000fc2e       0x4c Sketch.o
 .debug_macro   0x0000fc7a       0xca Sketch.o
 .debug_macro   0x0000fd44       0x94 Sketch.o
 .debug_macro   0x0000fdd8       0x58 Sketch.o
 .debug_macro   0x0000fe30      0x341 Sketch.o
 .debug_macro   0x00010171       0x82 Sketch.o
 .debug_macro   0x000101f3      0x189 Sketch.o
 .debug_macro   0x0001037c       0xb8 Sketch.o
 .debug_macro   0x00010434       0xa0 Sketch.o
 .debug_macro   0x000104d4       0xb2 Sketch.o
 .debug_macro   0x00010586       0x1c Sketch.o
 .debug_macro   0x000105a2       0x1c Sketch.o
 .debug_macro   0x000105be       0x1c Sketch.o
 .debug_macro   0x000105da       0x7c Sketch.o
 .debug_macro   0x00010656      0x15a Sketch.o
 .debug_macro   0x000107b0       0xdc Sketch.o
 .debug_macro   0x0001088c      0x124 Sketch.o
 .debug_macro   0x000109b0      0x124 Sketch.o
 .debug_macro   0x00010ad4      0x124 Sketch.o
 .debug_macro   0x00010bf8      0x124 Sketch.o
 .debug_macro   0x00010d1c      0x124 Sketch.o
 .debug_macro   0x00010e40      0x124 Sketch.o
 .debug_macro   0x00010f64      0x124 Sketch.o
 .debug_macro   0x00011088       0xe2 Sketch.o
 .debug_macro   0x0001116a       0xe2 Sketch.o
 .debug_macro   0x0001124c       0xe2 Sketch.o
 .debug_macro   0x0001132e      0x12a Sketch.o
 .debug_macro   0x00011458      0x100 Sketch.o
 .debug_macro   0x00011558       0xf4 Sketch.o
 .debug_macro   0x0001164c      0x40f Sketch.o
 .debug_macro   0x00011a5b       0x40 Sketch.o
 .debug_macro   0x00011a9b      0x376 Sketch.o
 .debug_macro   0x00011e11     0x17df Sketch.o
 .debug_macro   0x000135f0       0x6d Sketch.o
 .debug_macro   0x0001365d       0x5e Sketch.o
 .debug_macro   0x000136bb       0x16 Sketch.o
 .debug_macro   0x000136d1      0x151 Sketch.o
 .debug_macro   0x00013822       0x4c Sketch.o
 .debug_macro   0x0001386e       0x10 Sketch.o
 .debug_macro   0x0001387e       0x1c Sketch.o
 .debug_macro   0x0001389a       0x10 Sketch.o
 .debug_macro   0x000138aa       0x10 Sketch.o
 .debug_macro   0x000138ba       0x1c Sketch.o
 .debug_macro   0x000138d6       0x52 Sketch.o
 .debug_macro   0x00013928       0x40 Sketch.o
 .debug_macro   0x00013968       0x10 Sketch.o
 .debug_macro   0x00013978       0x40 Sketch.o
 .debug_macro   0x000139b8       0xd7 Sketch.o
 .debug_macro   0x00013a8f       0x16 Sketch.o
 .debug_macro   0x00013aa5      0x18b Sketch.o
 .debug_macro   0x00013c30       0x1c Sketch.o
 .debug_macro   0x00013c4c       0x11 Sketch.o
 .debug_macro   0x00013c5d       0xe2 Sketch.o
 .debug_macro   0x00013d3f       0x1c Sketch.o
 .debug_macro   0x00013d5b       0x10 Sketch.o
 .debug_macro   0x00013d6b       0x10 Sketch.o
 .debug_macro   0x00013d7b       0x28 Sketch.o
 .debug_macro   0x00013da3      0x194 Sketch.o
 .debug_macro   0x00013f37       0x28 Sketch.o
 .debug_macro   0x00013f5f       0x70 Sketch.o
 .debug_macro   0x00013fcf       0x6a Sketch.o
 .debug_macro   0x00014039      0x1d3 Sketch.o
 .debug_macro   0x0001420c       0x2e Sketch.o
 .debug_macro   0x0001423a      0x17e Sketch.o
 .debug_macro   0x000143b8       0x22 Sketch.o
 .debug_macro   0x000143da      0x448 C:\Users\brian\DOCUME~1\VISUAL~1\Projects\CRANEC~2\Firmware\SERIAL~1\SERIAL~1\ARDUIN~1\Debug\libArduinoCore.a(cortex_handlers.o)
 .debug_macro   0x00014822      0x8d4 C:\Users\brian\DOCUME~1\VISUAL~1\Projects\CRANEC~2\Firmware\SERIAL~1\SERIAL~1\ARDUIN~1\Debug\libArduinoCore.a(cortex_handlers.o)
 .debug_macro   0x000150f6       0x40 C:\Users\brian\DOCUME~1\VISUAL~1\Projects\CRANEC~2\Firmware\SERIAL~1\SERIAL~1\ARDUIN~1\Debug\libArduinoCore.a(cortex_handlers.o)
 .debug_macro   0x00015136      0x375 C:\Users\brian\DOCUME~1\VISUAL~1\Projects\CRANEC~2\Firmware\SERIAL~1\SERIAL~1\ARDUIN~1\Debug\libArduinoCore.a(cortex_handlers.o)
 .debug_macro   0x000154ab       0x9c C:\Users\brian\DOCUME~1\VISUAL~1\Projects\CRANEC~2\Firmware\SERIAL~1\SERIAL~1\ARDUIN~1\Debug\libArduinoCore.a(cortex_handlers.o)
 .debug_macro   0x00015547       0x16 C:\Users\brian\DOCUME~1\VISUAL~1\Projects\CRANEC~2\Firmware\SERIAL~1\SERIAL~1\ARDUIN~1\Debug\libArduinoCore.a(cortex_handlers.o)
 .debug_macro   0x0001555d       0x97 C:\Users\brian\DOCUME~1\VISUAL~1\Projects\CRANEC~2\Firmware\SERIAL~1\SERIAL~1\ARDUIN~1\Debug\libArduinoCore.a(cortex_handlers.o)
 .debug_macro   0x000155f4      0x30d C:\Users\brian\DOCUME~1\VISUAL~1\Projects\CRANEC~2\Firmware\SERIAL~1\SERIAL~1\ARDUIN~1\Debug\libArduinoCore.a(cortex_handlers.o)
 .debug_macro   0x00015901       0xfd C:\Users\brian\DOCUME~1\VISUAL~1\Projects\CRANEC~2\Firmware\SERIAL~1\SERIAL~1\ARDUIN~1\Debug\libArduinoCore.a(cortex_handlers.o)
 .debug_macro   0x000159fe       0x43 C:\Users\brian\DOCUME~1\VISUAL~1\Projects\CRANEC~2\Firmware\SERIAL~1\SERIAL~1\ARDUIN~1\Debug\libArduinoCore.a(cortex_handlers.o)
 .debug_macro   0x00015a41      0x4c1 C:\Users\brian\DOCUME~1\VISUAL~1\Projects\CRANEC~2\Firmware\SERIAL~1\SERIAL~1\ARDUIN~1\Debug\libArduinoCore.a(delay.o)
 .debug_macro   0x00015f02       0x22 C:\Users\brian\DOCUME~1\VISUAL~1\Projects\CRANEC~2\Firmware\SERIAL~1\SERIAL~1\ARDUIN~1\Debug\libArduinoCore.a(delay.o)
 .debug_macro   0x00015f24      0x10e C:\Users\brian\DOCUME~1\VISUAL~1\Projects\CRANEC~2\Firmware\SERIAL~1\SERIAL~1\ARDUIN~1\Debug\libArduinoCore.a(delay.o)
 .debug_macro   0x00016032       0x8d C:\Users\brian\DOCUME~1\VISUAL~1\Projects\CRANEC~2\Firmware\SERIAL~1\SERIAL~1\ARDUIN~1\Debug\libArduinoCore.a(delay.o)
 .debug_macro   0x000160bf       0x35 C:\Users\brian\DOCUME~1\VISUAL~1\Projects\CRANEC~2\Firmware\SERIAL~1\SERIAL~1\ARDUIN~1\Debug\libArduinoCore.a(delay.o)
 .debug_macro   0x000160f4      0x1e1 C:\Users\brian\DOCUME~1\VISUAL~1\Projects\CRANEC~2\Firmware\SERIAL~1\SERIAL~1\ARDUIN~1\Debug\libArduinoCore.a(delay.o)
 .debug_macro   0x000162d5       0x11 C:\Users\brian\DOCUME~1\VISUAL~1\Projects\CRANEC~2\Firmware\SERIAL~1\SERIAL~1\ARDUIN~1\Debug\libArduinoCore.a(hooks.o)
 .debug_macro   0x000162e6      0x6a0 C:\Users\brian\DOCUME~1\VISUAL~1\Projects\CRANEC~2\Firmware\SERIAL~1\SERIAL~1\ARDUIN~1\Debug\libArduinoCore.a(main.o)
 .debug_macro   0x00016986      0x6ab C:\Users\brian\DOCUME~1\VISUAL~1\Projects\CRANEC~2\Firmware\SERIAL~1\SERIAL~1\ARDUIN~1\Debug\libArduinoCore.a(Reset.o)
 .debug_macro   0x00017031      0x46c C:\Users\brian\DOCUME~1\VISUAL~1\Projects\CRANEC~2\Firmware\SERIAL~1\SERIAL~1\ARDUIN~1\Debug\libArduinoCore.a(startup.o)
 .debug_macro   0x0001749d      0x6ba C:\Users\brian\DOCUME~1\VISUAL~1\Projects\CRANEC~2\Firmware\SERIAL~1\SERIAL~1\ARDUIN~1\Debug\libArduinoCore.a(CDC.o)
 .debug_macro   0x00017b57      0x6f7 C:\Users\brian\DOCUME~1\VISUAL~1\Projects\CRANEC~2\Firmware\SERIAL~1\SERIAL~1\ARDUIN~1\Debug\libArduinoCore.a(USBCore.o)
 .debug_macro   0x0001824e       0x2b C:\Users\brian\DOCUME~1\VISUAL~1\Projects\CRANEC~2\Firmware\SERIAL~1\SERIAL~1\ARDUIN~1\Debug\libArduinoCore.a(USBCore.o)
 .debug_macro   0x00018279       0xee C:\Users\brian\DOCUME~1\VISUAL~1\Projects\CRANEC~2\Firmware\SERIAL~1\SERIAL~1\ARDUIN~1\Debug\libArduinoCore.a(USBCore.o)
 .debug_macro   0x00018367      0x4b4 C:\Users\brian\DOCUME~1\VISUAL~1\Projects\CRANEC~2\Firmware\SERIAL~1\SERIAL~1\ARDUIN~1\Debug\libArduinoCore.a(wiring.o)
 .debug_macro   0x0001881b      0x1ac C:\Users\brian\DOCUME~1\VISUAL~1\Projects\CRANEC~2\Firmware\SERIAL~1\SERIAL~1\ARDUIN~1\Debug\libArduinoCore.a(wiring.o)
 .debug_macro   0x000189c7      0x578 C:\Users\brian\DOCUME~1\VISUAL~1\Projects\CRANEC~2\Firmware\SERIAL~1\SERIAL~1\ARDUIN~1\Debug\libArduinoCore.a(wiring_analog.o)
 .debug_macro   0x00018f3f       0x4c C:\Users\brian\DOCUME~1\VISUAL~1\Projects\CRANEC~2\Firmware\SERIAL~1\SERIAL~1\ARDUIN~1\Debug\libArduinoCore.a(wiring_analog.o)
 .debug_macro   0x00018f8b      0x4b4 C:\Users\brian\DOCUME~1\VISUAL~1\Projects\CRANEC~2\Firmware\SERIAL~1\SERIAL~1\ARDUIN~1\Debug\libArduinoCore.a(wiring_digital.o)
 .debug_macro   0x0001943f      0x578 C:\Users\brian\DOCUME~1\VISUAL~1\Projects\CRANEC~2\Firmware\SERIAL~1\SERIAL~1\ARDUIN~1\Debug\libArduinoCore.a(wiring_private.o)
 .debug_macro   0x000199b7      0x45e C:\Users\brian\DOCUME~1\VISUAL~1\Projects\CRANEC~2\Firmware\SERIAL~1\SERIAL~1\ARDUIN~1\Debug\libArduinoCore.a(wiring_shift.o)
 .debug_macro   0x00019e15      0x573 C:\Users\brian\DOCUME~1\VISUAL~1\Projects\CRANEC~2\Firmware\SERIAL~1\SERIAL~1\ARDUIN~1\Debug\libArduinoCore.a(variant.o)
 .debug_macro   0x0001a388       0x82 C:\Users\brian\DOCUME~1\VISUAL~1\Projects\CRANEC~2\Firmware\SERIAL~1\SERIAL~1\ARDUIN~1\Debug\libArduinoCore.a(variant.o)
 .debug_macro   0x0001a40a       0xa2 C:\Users\brian\DOCUME~1\VISUAL~1\Projects\CRANEC~2\Firmware\SERIAL~1\SERIAL~1\ARDUIN~1\Debug\libArduinoCore.a(variant.o)