Archive member included to satisfy reference by file (symbol)

C:\Users\brian\DOCUME~1\VISUAL~1\Projects\CRANEC~2\Firmware\SERIAL~1\SERIAL~1\ARDUIN~1\Debug\libArduinoCore.a(cortex_handlers.o)
                              (Reset_Handler)
C:\Users\brian\DOCUME~1\VISUAL~1\Projects\CRANEC~2\Firmware\SERIAL~1\SERIAL~1\ARDUIN~1\Debug\libArduinoCore.a(delay.o)
                              Sketch.o (delay)
C:\Users\brian\DOCUME~1\VISUAL~1\Projects\CRANEC~2\Firmware\SERIAL~1\SERIAL~1\ARDUIN~1\Debug\libArduinoCore.a(hooks.o)
                              C:\Users\brian\DOCUME~1\VISUAL~1\Projects\CRANEC~2\Firmware\SERIAL~1\SERIAL~1\ARDUIN~1\Debug\libArduinoCore.a(delay.o) (yield)
C:\Users\brian\DOCUME~1\VISUAL~1\Projects\CRANEC~2\Firmware\SERIAL~1\SERIAL~1\ARDUIN~1\Debug\libArduinoCore.a(main.o)
                              c:/program files (x86)/atmel/studio/7.0/toolchain/arm/arm-gnu-toolchain/bin/../lib/gcc/arm-none-eabi/6.2.1/../../../../arm-none-eabi/lib/thumb/v6-m/crt0.o (main)
C:\Users\brian\DOCUME~1\VISUAL~1\Projects\CRANEC~2\Firmware\SERIAL~1\SERIAL~1\ARDUIN~1\Debug\libArduinoCore.a(Reset.o)
                              C:\Users\brian\DOCUME~1\VISUAL~1\Projects\CRANEC~2\Firmware\SERIAL~1\SERIAL~1\ARDUIN~1\Debug\libArduinoCore.a(delay.o) (tickReset)
C:\Users\brian\DOCUME~1\VISUAL~1\Projects\CRANEC~2\Firmware\SERIAL~1\SERIAL~1\ARDUIN~1\Debug\libArduinoCore.a(startup.o)
                              C:\Users\brian\DOCUME~1\VISUAL~1\Projects\CRANEC~2\Firmware\SERIAL~1\SERIAL~1\ARDUIN~1\Debug\libArduinoCore.a(cortex_handlers.o) (SystemInit)
C:\Users\brian\DOCUME~1\VISUAL~1\Projects\CRANEC~2\Firmware\SERIAL~1\SERIAL~1\ARDUIN~1\Debug\libArduinoCore.a(CDC.o)
                              Sketch.o (Serial_::available())
C:\Users\brian\DOCUME~1\VISUAL~1\Projects\CRANEC~2\Firmware\SERIAL~1\SERIAL~1\ARDUIN~1\Debug\libArduinoCore.a(USBCore.o)
                              C:\Users\brian\DOCUME~1\VISUAL~1\Projects\CRANEC~2\Firmware\SERIAL~1\SERIAL~1\ARDUIN~1\Debug\libArduinoCore.a(main.o) (USBDeviceClass::init())
C:\Users\brian\DOCUME~1\VISUAL~1\Projects\CRANEC~2\Firmware\SERIAL~1\SERIAL~1\ARDUIN~1\Debug\libArduinoCore.a(wiring.o)
                              C:\Users\brian\DOCUME~1\VISUAL~1\Projects\CRANEC~2\Firmware\SERIAL~1\SERIAL~1\ARDUIN~1\Debug\libArduinoCore.a(main.o) (init)
C:\Users\brian\DOCUME~1\VISUAL~1\Projects\CRANEC~2\Firmware\SERIAL~1\SERIAL~1\ARDUIN~1\Debug\libArduinoCore.a(wiring_analog.o)
                              C:\Users\brian\DOCUME~1\VISUAL~1\Projects\CRANEC~2\Firmware\SERIAL~1\SERIAL~1\ARDUIN~1\Debug\libArduinoCore.a(wiring.o) (analogReference)
C:\Users\brian\DOCUME~1\VISUAL~1\Projects\CRANEC~2\Firmware\SERIAL~1\SERIAL~1\ARDUIN~1\Debug\libArduinoCore.a(wiring_digital.o)
                              Sketch.o (pinMode)
C:\Users\brian\DOCUME~1\VISUAL~1\Projects\CRANEC~2\Firmware\SERIAL~1\SERIAL~1\ARDUIN~1\Debug\libArduinoCore.a(wiring_private.o)
                              C:\Users\brian\DOCUME~1\VISUAL~1\Projects\CRANEC~2\Firmware\SERIAL~1\SERIAL~1\ARDUIN~1\Debug\libArduinoCore.a(wiring_analog.o) (pinPeripheral)
C:\Users\brian\DOCUME~1\VISUAL~1\Projects\CRANEC~2\Firmware\SERIAL~1\SERIAL~1\ARDUIN~1\Debug\libArduinoCore.a(wiring_shift.o)
                              Sketch.o (shiftOut)
C:\Users\brian\DOCUME~1\VISUAL~1\Projects\CRANEC~2\Firmware\SERIAL~1\SERIAL~1\ARDUIN~1\Debug\libArduinoCore.a(variant.o)
                              C:\Users\brian\DOCUME~1\VISUAL~1\Projects\CRANEC~2\Firmware\SERIAL~1\SERIAL~1\ARDUIN~1\Debug\libArduinoCore.a(wiring_analog.o) (g_apTCInstances)
C:\Users\brian\DOCUME~1\VISUAL~1\Projects\CRANEC~2\Firmware\SERIAL~1\SERIAL~1\ARDUIN~1\Debug\libArduinoCore.a(new.o)
                              C:\Users\brian\DOCUME~1\VISUAL~1\Projects\CRANEC~2\Firmware\SERIAL~1\SERIAL~1\ARDUIN~1\Debug\libArduinoCore.a(USBCore.o) (operator new(unsigned int))
C:\Users\brian\DOCUME~1\VISUAL~1\Projects\CRANEC~2\Firmware\SERIAL~1\SERIAL~1\ARDUIN~1\Debug\libArduinoCore.a(SERCOM.o)
                              C:\Users\brian\DOCUME~1\VISUAL~1\Projects\CRANEC~2\Firmware\SERIAL~1\SERIAL~1\ARDUIN~1\Debug\libArduinoCore.a(variant.o) (SERCOM::SERCOM(Sercom*))
C:\Users\brian\DOCUME~1\VISUAL~1\Projects\CRANEC~2\Firmware\SERIAL~1\SERIAL~1\ARDUIN~1\Debug\libArduinoCore.a(Uart.o)
                              C:\Users\brian\DOCUME~1\VISUAL~1\Projects\CRANEC~2\Firmware\SERIAL~1\SERIAL~1\ARDUIN~1\Debug\libArduinoCore.a(variant.o) (Uart::Uart(SERCOM*, unsigned char, unsigned char, SercomRXPad, SercomUartTXPad))
C:\Users\brian\DOCUME~1\VISUAL~1\Projects\CRANEC~2\Firmware\SERIAL~1\SERIAL~1\ARDUIN~1\Debug\libArduinoCore.a(PluggableUSB.o)
                              C:\Users\brian\DOCUME~1\VISUAL~1\Projects\CRANEC~2\Firmware\SERIAL~1\SERIAL~1\ARDUIN~1\Debug\libArduinoCore.a(USBCore.o) (PluggableUSB_::getInterface(unsigned char*))
C:\Users\brian\DOCUME~1\VISUAL~1\Projects\CRANEC~2\Firmware\SERIAL~1\SERIAL~1\ARDUIN~1\Debug\libArduinoCore.a(Print.o)
[...]
Memory Configuration

Name             Origin             Length             Attributes
FLASH            0x00000000         0x00040000         xr
RAM              0x20000000         0x00008000         xrw
*default*        0x00000000         0xffffffff

Linker script and memory map

LOAD c:/program files (x86)/atmel/studio/7.0/toolchain/arm/arm-gnu-toolchain/bin/../lib/gcc/arm-none-eabi/6.2.1/thumb/v6-m/crti.o
LOAD c:/program files (x86)/atmel/studio/7.0/toolchain/arm/arm-gnu-toolchain/bin/../lib/gcc/arm-none-eabi/6.2.1/thumb/v6-m/crtbegin.o
LOAD c:/program files (x86)/atmel/studio/7.0/toolchain/arm/arm-gnu-toolchain/bin/../lib/gcc/arm-none-eabi/6.2.1/../../../../arm-none-eabi/lib/thumb/v6-m/crt0.o
LOAD Sketch.o
START GROUP
LOAD C:\Users\brian\DOCUME~1\VISUAL~1\Projects\CRANEC~2\Firmware\SERIAL~1\SERIAL~1\ARDUIN~1\Debug\libArduinoCore.a
END GROUP
LOAD c:/program files (x86)/atmel/studio/7.0/toolchain/arm/arm-gnu-toolchain/bin/../lib/gcc/arm-none-eabi/6.2.1/../../../../arm-none-eabi/lib/thumb/v6-m\libstdc++_nano.a
LOAD c:/program files (x86)/atmel/studio/7.0/toolchain/arm/arm-gnu-toolchain/bin/../lib/gcc/arm-none-eabi/6.2.1/../../../../arm-none-eabi/lib/thumb/v6-m\libm.a
START GROUP
LOAD c:/program files (x86)/atmel/studio/7.0/toolchain/arm/arm-gnu-toolchain/bin/../lib/gcc/arm-none-eabi/6.2.1/thumb/v6-m\libgcc.a
LOAD c:/program files (x86)/atmel/studio/7.0/toolchain/arm/arm-gnu-toolchain/bin/../lib/gcc/arm-none-eabi/6.2.1/../../../../arm-none-eabi/lib/thumb/v6-m\libc_nano.a
END GROUP
START GROUP
LOAD c:/program files (x86)/atmel/studio/7.0/toolchain/arm/arm-gnu-toolchain/bin/../lib/gcc/arm-none-eabi/6.2.1/thumb/v6-m\libgcc.a
LOAD c:/program files (x86)/atmel/studio/7.0/toolchain/arm/arm-gnu-toolchain/bin/../lib/gcc/arm-none-eabi/6.2.1/../../../../arm-none-eabi/lib/thumb/v6-m\libc_nano.a
LOAD c:/program files (x86)/atmel/studio/7.0/toolchain/arm/arm-gnu-toolchain/bin/../lib/gcc/arm-none-eabi/6.2.1/../../../../arm-none-eabi/lib/thumb/v6-m\libnosys.a
END GROUP
START GROUP
LOAD c:/program files (x86)/atmel/studio/7.0/toolchain/arm/arm-gnu-toolchain/bin/../lib/gcc/arm-none-eabi/6.2.1/thumb/v6-m\libgcc.a
LOAD c:/program files (x86)/atmel/studio/7.0/toolchain/arm/arm-gnu-toolchain/bin/../lib/gcc/arm-none-eabi/6.2.1/../../../../arm-none-eabi/lib/thumb/v6-m\libc_nano.a
LOAD c:/program files (x86)/atmel/studio/7.0/toolchain/arm/arm-gnu-toolchain/bin/../lib/gcc/arm-none-eabi/6.2.1/../../../../arm-none-eabi/lib/thumb/v6-m\libnosys.a
END GROUP
LOAD c:/program files (x86)/atmel/studio/7.0/toolchain/arm/arm-gnu-toolchain/bin/../lib/gcc/arm-none-eabi/6.2.1/thumb/v6-m/crtend.o
LOAD c:/program files (x86)/atmel/studio/7.0/toolchain/arm/arm-gnu-toolchain/bin/../lib/gcc/arm-none-eabi/6.2.1/thumb/v6-m/crtn.o

.text           0x00000000     0x275c
                0x00000000                __text_start__ = .
 *(.isr_vector)
 .isr_vector    0x00000000       0xb4 C:\Users\brian\DOCUME~1\VISUAL~1\Projects\CRANEC~2\Firmware\SERIAL~1\SERIAL~1\ARDUIN~1\Debug\libArduinoCore.a(cortex_handlers.o)
                0x00000000                exception_table
 *(.text*)
 .text          0x000000b4       0x60 c:/program files (x86)/atmel/studio/7.0/toolchain/arm/arm-gnu-toolchain/bin/../lib/gcc/arm-none-eabi/6.2.1/thumb/v6-m/crtbegin.o
 .text._Z5Shiftii
                0x00000114       0x30 Sketch.o
                0x00000114                Shift(int, int)
 .text.setup    0x00000144       0xb8 Sketch.o
                0x00000144                setup
 .text.loop     0x000001fc       0x2c Sketch.o
                0x000001fc                loop
 .text.Dummy_Handler
                0x00000228        0x4 C:\Users\brian\DOCUME~1\VISUAL~1\Projects\CRANEC~2\Firmware\SERIAL~1\SERIAL~1\ARDUIN~1\Debug\libArduinoCore.a(cortex_handlers.o)
                0x00000228                DMAC_Handler
                0x00000228                HardFault_Handler
                0x00000228                AC_Handler
                0x00000228                PendSV_Handler
                0x00000228                NMI_Handler
                0x00000228                TC7_Handler
                0x00000228                SERCOM1_Handler
                0x00000228                ADC_Handler
                0x00000228                TCC1_Handler
                0x00000228                SERCOM2_Handler
                0x00000228                TCC0_Handler
                0x00000228                RTC_Handler
                0x00000228                EIC_Handler
                0x00000228                TC6_Handler
                0x00000228                WDT_Handler
                0x00000228                TC4_Handler
                0x00000228                TC3_Handler
                0x00000228                Dummy_Handler
                0x00000228                PM_Handler
                0x00000228                SVC_Handler
                0x00000228                TCC2_Handler
                0x00000228                EVSYS_Handler
                0x00000228                SERCOM3_Handler
                0x00000228                SERCOM4_Handler
                0x00000228                I2S_Handler
                0x00000228                NVMCTRL_Handler
                0x00000228                DAC_Handler
                0x00000228                PTC_Handler
                0x00000228                SYSCTRL_Handler
 .text.USB_Handler
                0x0000022c       0x14 C:\Users\brian\DOCUME~1\VISUAL~1\Projects\CRANEC~2\Firmware\SERIAL~1\SERIAL~1\ARDUIN~1\Debug\libArduinoCore.a(cortex_handlers.o)
                0x0000022c                USB_Handler
 .text.Reset_Handler
                0x00000240       0x54 C:\Users\brian\DOCUME~1\VISUAL~1\Projects\CRANEC~2\Firmware\SERIAL~1\SERIAL~1\ARDUIN~1\Debug\libArduinoCore.a(cortex_handlers.o)
                0x00000240                Reset_Handler
 .text.SysTick_Handler
                0x00000294       0x10 C:\Users\brian\DOCUME~1\VISUAL~1\Projects\CRANEC~2\Firmware\SERIAL~1\SERIAL~1\ARDUIN~1\Debug\libArduinoCore.a(cortex_handlers.o)
                0x00000294                SysTick_Handler
 .text.USB_SetHandler
                0x000002a4        0xc C:\Users\brian\DOCUME~1\VISUAL~1\Projects\CRANEC~2\Firmware\SERIAL~1\SERIAL~1\ARDUIN~1\Debug\libArduinoCore.a(cortex_handlers.o)
                0x000002a4                USB_SetHandler
 .text.millis   0x000002b0        0xc C:\Users\brian\DOCUME~1\VISUAL~1\Projects\CRANEC~2\Firmware\SERIAL~1\SERIAL~1\ARDUIN~1\Debug\libArduinoCore.a(delay.o)
                0x000002b0                millis
 .text.delay    0x000002bc       0x1c C:\Users\brian\DOCUME~1\VISUAL~1\Projects\CRANEC~2\Firmware\SERIAL~1\SERIAL~1\ARDUIN~1\Debug\libArduinoCore.a(delay.o)
                0x000002bc                delay
 .text.SysTick_DefaultHandler
                0x000002d8       0x14 C:\Users\brian\DOCUME~1\VISUAL~1\Projects\CRANEC~2\Firmware\SERIAL~1\SERIAL~1\ARDUIN~1\Debug\libArduinoCore.a(delay.o)
                0x000002d8                SysTick_DefaultHandler
 .text.__empty  0x000002ec        0x2 C:\Users\brian\DOCUME~1\VISUAL~1\Projects\CRANEC~2\Firmware\SERIAL~1\SERIAL~1\ARDUIN~1\Debug\libArduinoCore.a(hooks.o)
                0x000002ec                yield
 .text.__false  0x000002ee        0x4 C:\Users\brian\DOCUME~1\VISUAL~1\Projects\CRANEC~2\Firmware\SERIAL~1\SERIAL~1\ARDUIN~1\Debug\libArduinoCore.a(hooks.o)
                0x000002ee                sysTickHook
 .text._Z11initVariantv
                0x000002f2        0x2 C:\Users\brian\DOCUME~1\VISUAL~1\Projects\CRANEC~2\Firmware\SERIAL~1\SERIAL~1\ARDUIN~1\Debug\libArduinoCore.a(main.o)
                0x000002f2                initVariant()
 .text.startup.main
                0x000002f4       0x40 C:\Users\brian\DOCUME~1\VISUAL~1\Projects\CRANEC~2\Firmware\SERIAL~1\SERIAL~1\ARDUIN~1\Debug\libArduinoCore.a(main.o)
                0x000002f4                main
 .text.initiateReset
                0x00000334        0xc C:\Users\brian\DOCUME~1\VISUAL~1\Projects\CRANEC~2\Firmware\SERIAL~1\SERIAL~1\ARDUIN~1\Debug\libArduinoCore.a(Reset.o)
                0x00000334                initiateReset
 .text.cancelReset
                0x00000340       0x10 C:\Users\brian\DOCUME~1\VISUAL~1\Projects\CRANEC~2\Firmware\SERIAL~1\SERIAL~1\ARDUIN~1\Debug\libArduinoCore.a(Reset.o)
                0x00000340                cancelReset
 .text.tickReset
                0x00000350       0x78 C:\Users\brian\DOCUME~1\VISUAL~1\Projects\CRANEC~2\Firmware\SERIAL~1\SERIAL~1\ARDUIN~1\Debug\libArduinoCore.a(Reset.o)
                0x00000350                tickReset
 .text.SystemInit
                0x000003c8      0x160 C:\Users\brian\DOCUME~1\VISUAL~1\Projects\CRANEC~2\Firmware\SERIAL~1\SERIAL~1\ARDUIN~1\Debug\libArduinoCore.a(startup.o)
                0x000003c8                SystemInit
 .text._ZN7Serial_17availableForWriteEv
                0x00000528        0x4 C:\Users\brian\DOCUME~1\VISUAL~1\Projects\CRANEC~2\Firmware\SERIAL~1\SERIAL~1\ARDUIN~1\Debug\libArduinoCore.a(CDC.o)
                0x00000528                Serial_::availableForWrite()
 .text._ZN7Serial_5writeEh
                0x0000052c       0x14 C:\Users\brian\DOCUME~1\VISUAL~1\Projects\CRANEC~2\Firmware\SERIAL~1\SERIAL~1\ARDUIN~1\Debug\libArduinoCore.a(CDC.o)
                0x0000052c                Serial_::write(unsigned char)
 .text._ZN7Serial_9availableEv
                0x00000540        0xc C:\Users\brian\DOCUME~1\VISUAL~1\Projects\CRANEC~2\Firmware\SERIAL~1\SERIAL~1\ARDUIN~1\Debug\libArduinoCore.a(CDC.o)
                0x00000540                Serial_::available()
 .text._ZN7Serial_5flushEv
                0x0000054c        0xc C:\Users\brian\DOCUME~1\VISUAL~1\Projects\CRANEC~2\Firmware\SERIAL~1\SERIAL~1\ARDUIN~1\Debug\libArduinoCore.a(CDC.o)
                0x0000054c                Serial_::flush()
 .text._ZN7Serial_5writeEPKhj
                0x00000558       0x1a C:\Users\brian\DOCUME~1\VISUAL~1\Projects\CRANEC~2\Firmware\SERIAL~1\SERIAL~1\ARDUIN~1\Debug\libArduinoCore.a(CDC.o)
                0x00000558                Serial_::write(unsigned char const*, unsigned int)
 *fill*         0x00000572        0x2 
 .text._ZN7Serial_4peekEv
                0x00000574       0x1c C:\Users\brian\DOCUME~1\VISUAL~1\Projects\CRANEC~2\Firmware\SERIAL~1\SERIAL~1\ARDUIN~1\Debug\libArduinoCore.a(CDC.o)
                0x00000574                Serial_::peek()
 .text._ZN7Serial_4readEv
                0x00000590       0x24 C:\Users\brian\DOCUME~1\VISUAL~1\Projects\CRANEC~2\Firmware\SERIAL~1\SERIAL~1\ARDUIN~1\Debug\libArduinoCore.a(CDC.o)
                0x00000590                Serial_::read()
 .text._Z16CDC_GetInterfacePh
                0x000005b4       0x1c C:\Users\brian\DOCUME~1\VISUAL~1\Projects\CRANEC~2\Firmware\SERIAL~1\SERIAL~1\ARDUIN~1\Debug\libArduinoCore.a(CDC.o)
                0x000005b4                CDC_GetInterface(unsigned char*)
 .text._Z9CDC_SetupR8USBSetup
                0x000005d0       0x7c C:\Users\brian\DOCUME~1\VISUAL~1\Projects\CRANEC~2\Firmware\SERIAL~1\SERIAL~1\ARDUIN~1\Debug\libArduinoCore.a(CDC.o)
                0x000005d0                CDC_Setup(USBSetup&)
 .text._ZN7Serial_5beginEm
                0x0000064c        0x2 C:\Users\brian\DOCUME~1\VISUAL~1\Projects\CRANEC~2\Firmware\SERIAL~1\SERIAL~1\ARDUIN~1\Debug\libArduinoCore.a(CDC.o)
                0x0000064c                Serial_::begin(unsigned long)
 .text._ZN7Serial_9readBytesEPcj
                0x0000064e       0x3c C:\Users\brian\DOCUME~1\VISUAL~1\Projects\CRANEC~2\Firmware\SERIAL~1\SERIAL~1\ARDUIN~1\Debug\libArduinoCore.a(CDC.o)
                0x0000064e                Serial_::readBytes(char*, unsigned int)
 *fill*         0x0000068a        0x2 
 .text.startup._GLOBAL__sub_I__Z17_CDC_GetInterfacev
                0x0000068c       0x28 C:\Users\brian\DOCUME~1\VISUAL~1\Projects\CRANEC~2\Firmware\SERIAL~1\SERIAL~1\ARDUIN~1\Debug\libArduinoCore.a(CDC.o)
 .text._ZN14USBDeviceClass6initEPEmm.part.5
                0x000006b4       0x88 C:\Users\brian\DOCUME~1\VISUAL~1\Projects\CRANEC~2\Firmware\SERIAL~1\SERIAL~1\ARDUIN~1\Debug\libArduinoCore.a(USBCore.o)
 .text._ZN20USBDevice_SAMD21G18x5resetEv
                0x0000073c       0x24 C:\Users\brian\DOCUME~1\VISUAL~1\Projects\CRANEC~2\Firmware\SERIAL~1\SERIAL~1\ARDUIN~1\Debug\libArduinoCore.a(USBCore.o)
                0x0000073c                USBDevice_SAMD21G18x::reset()
 .text._ZN20USBDevice_SAMD21G18x9calibrateEv
                0x00000760       0x60 C:\Users\brian\DOCUME~1\VISUAL~1\Projects\CRANEC~2\Firmware\SERIAL~1\SERIAL~1\ARDUIN~1\Debug\libArduinoCore.a(USBCore.o)
                0x00000760                USBDevice_SAMD21G18x::calibrate()
 .text._ZN7__GuardC2Ev
                0x000007c0        0xe C:\Users\brian\DOCUME~1\VISUAL~1\Projects\CRANEC~2\Firmware\SERIAL~1\SERIAL~1\ARDUIN~1\Debug\libArduinoCore.a(USBCore.o)
                0x000007c0                __Guard::__Guard()
                0x000007c0                __Guard::__Guard()
 .text._ZN7__GuardD2Ev
                0x000007ce        0xe C:\Users\brian\DOCUME~1\VISUAL~1\Projects\CRANEC~2\Firmware\SERIAL~1\SERIAL~1\ARDUIN~1\Debug\libArduinoCore.a(USBCore.o)
                0x000007ce                __Guard::~__Guard()
                0x000007ce                __Guard::~__Guard()
 .text._ZNK26DoubleBufferedEPOutHandler9availableEv
                0x000007dc       0x5e C:\Users\brian\DOCUME~1\VISUAL~1\Projects\CRANEC~2\Firmware\SERIAL~1\SERIAL~1\ARDUIN~1\Debug\libArduinoCore.a(USBCore.o)
                0x000007dc                DoubleBufferedEPOutHandler::available() const
 *fill*         0x0000083a        0x2 
 .text._ZN26DoubleBufferedEPOutHandler7releaseEv
                0x0000083c       0x44 C:\Users\brian\DOCUME~1\VISUAL~1\Projects\CRANEC~2\Firmware\SERIAL~1\SERIAL~1\ARDUIN~1\Debug\libArduinoCore.a(USBCore.o)
                0x0000083c                DoubleBufferedEPOutHandler::release()
 .text._ZN26DoubleBufferedEPOutHandler4recvEPvm
                0x00000880      0x11e C:\Users\brian\DOCUME~1\VISUAL~1\Projects\CRANEC~2\Firmware\SERIAL~1\SERIAL~1\ARDUIN~1\Debug\libArduinoCore.a(USBCore.o)
                0x00000880                DoubleBufferedEPOutHandler::recv(void*, unsigned long)
 .text._ZN26DoubleBufferedEPOutHandler14handleEndpointEv
                0x0000099e       0xb6 C:\Users\brian\DOCUME~1\VISUAL~1\Projects\CRANEC~2\Firmware\SERIAL~1\SERIAL~1\ARDUIN~1\Debug\libArduinoCore.a(USBCore.o)
                0x0000099e                DoubleBufferedEPOutHandler::handleEndpoint()
 .text._ZN14USBDeviceClass14SendInterfacesEPm
                0x00000a54       0x2c C:\Users\brian\DOCUME~1\VISUAL~1\Projects\CRANEC~2\Firmware\SERIAL~1\SERIAL~1\ARDUIN~1\Debug\libArduinoCore.a(USBCore.o)
                0x00000a54                USBDeviceClass::SendInterfaces(unsigned long*)
 .text._ZN14USBDeviceClass14handleEndpointEh
                0x00000a80       0x44 C:\Users\brian\DOCUME~1\VISUAL~1\Projects\CRANEC~2\Firmware\SERIAL~1\SERIAL~1\ARDUIN~1\Debug\libArduinoCore.a(USBCore.o)
                0x00000a80                USBDeviceClass::handleEndpoint(unsigned char)
 .text._ZN14USBDeviceClass4initEv
                0x00000ac4       0xf0 C:\Users\brian\DOCUME~1\VISUAL~1\Projects\CRANEC~2\Firmware\SERIAL~1\SERIAL~1\ARDUIN~1\Debug\libArduinoCore.a(USBCore.o)
                0x00000ac4                USBDeviceClass::init()
 .text._ZN14USBDeviceClass6attachEv
                0x00000bb4       0x34 C:\Users\brian\DOCUME~1\VISUAL~1\Projects\CRANEC~2\Firmware\SERIAL~1\SERIAL~1\ARDUIN~1\Debug\libArduinoCore.a(USBCore.o)
                0x00000bb4                USBDeviceClass::attach()
 .text._ZN14USBDeviceClass10setAddressEm
                0x00000be8       0x48 C:\Users\brian\DOCUME~1\VISUAL~1\Projects\CRANEC~2\Firmware\SERIAL~1\SERIAL~1\ARDUIN~1\Debug\libArduinoCore.a(USBCore.o)
                0x00000be8                USBDeviceClass::setAddress(unsigned long)
 .text._ZN14USBDeviceClass25handleClassInterfaceSetupER8USBSetup
                0x00000c30       0x44 C:\Users\brian\DOCUME~1\VISUAL~1\Projects\CRANEC~2\Firmware\SERIAL~1\SERIAL~1\ARDUIN~1\Debug\libArduinoCore.a(USBCore.o)
                0x00000c30                USBDeviceClass::handleClassInterfaceSetup(USBSetup&)
 .text._ZN14USBDeviceClass6initEPEmm
                0x00000c74      0x120 C:\Users\brian\DOCUME~1\VISUAL~1\Projects\CRANEC~2\Firmware\SERIAL~1\SERIAL~1\ARDUIN~1\Debug\libArduinoCore.a(USBCore.o)
                0x00000c74                USBDeviceClass::initEP(unsigned long, unsigned long)
 .text._ZN14USBDeviceClass13initEndpointsEv
                0x00000d94       0x24 C:\Users\brian\DOCUME~1\VISUAL~1\Projects\CRANEC~2\Firmware\SERIAL~1\SERIAL~1\ARDUIN~1\Debug\libArduinoCore.a(USBCore.o)
                0x00000d94                USBDeviceClass::initEndpoints()
 .text._ZN14USBDeviceClass9availableEm
                0x00000db8       0x2c C:\Users\brian\DOCUME~1\VISUAL~1\Projects\CRANEC~2\Firmware\SERIAL~1\SERIAL~1\ARDUIN~1\Debug\libArduinoCore.a(USBCore.o)
                0x00000db8                USBDeviceClass::available(unsigned long)
 .text._ZN14USBDeviceClass5flushEm
                0x00000de4       0x2c C:\Users\brian\DOCUME~1\VISUAL~1\Projects\CRANEC~2\Firmware\SERIAL~1\SERIAL~1\ARDUIN~1\Debug\libArduinoCore.a(USBCore.o)
                0x00000de4                USBDeviceClass::flush(unsigned long)
 .text._ZN14USBDeviceClass14armRecvCtrlOUTEm
                0x00000e10       0x5c C:\Users\brian\DOCUME~1\VISUAL~1\Projects\CRANEC~2\Firmware\SERIAL~1\SERIAL~1\ARDUIN~1\Debug\libArduinoCore.a(USBCore.o)
                0x00000e10                USBDeviceClass::armRecvCtrlOUT(unsigned long)
 .text._ZN14USBDeviceClass11recvControlEPvm
                0x00000e6c       0x3c C:\Users\brian\DOCUME~1\VISUAL~1\Projects\CRANEC~2\Firmware\SERIAL~1\SERIAL~1\ARDUIN~1\Debug\libArduinoCore.a(USBCore.o)
                0x00000e6c                USBDeviceClass::recvControl(void*, unsigned long)
 .text._ZN14USBDeviceClass7armRecvEm
                0x00000ea8       0x38 C:\Users\brian\DOCUME~1\VISUAL~1\Projects\CRANEC~2\Firmware\SERIAL~1\SERIAL~1\ARDUIN~1\Debug\libArduinoCore.a(USBCore.o)
                0x00000ea8                USBDeviceClass::armRecv(unsigned long)
 .text._ZN14USBDeviceClass4recvEmPvm
                0x00000ee0       0xdc C:\Users\brian\DOCUME~1\VISUAL~1\Projects\CRANEC~2\Firmware\SERIAL~1\SERIAL~1\ARDUIN~1\Debug\libArduinoCore.a(USBCore.o)
                0x00000ee0                USBDeviceClass::recv(unsigned long, void*, unsigned long)
 .text._ZN14USBDeviceClass4recvEm
                0x00000fbc       0x1c C:\Users\brian\DOCUME~1\VISUAL~1\Projects\CRANEC~2\Firmware\SERIAL~1\SERIAL~1\ARDUIN~1\Debug\libArduinoCore.a(USBCore.o)
                0x00000fbc                USBDeviceClass::recv(unsigned long)
 .text._ZN14USBDeviceClass4sendEmPKvm
                0x00000fd8      0x110 C:\Users\brian\DOCUME~1\VISUAL~1\Projects\CRANEC~2\Firmware\SERIAL~1\SERIAL~1\ARDUIN~1\Debug\libArduinoCore.a(USBCore.o)
                0x00000fd8                USBDeviceClass::send(unsigned long, void const*, unsigned long)
 .text._ZN14USBDeviceClass7armSendEmPKvm
                0x000010e8       0x48 C:\Users\brian\DOCUME~1\VISUAL~1\Projects\CRANEC~2\Firmware\SERIAL~1\SERIAL~1\ARDUIN~1\Debug\libArduinoCore.a(USBCore.o)
                0x000010e8                USBDeviceClass::armSend(unsigned long, void const*, unsigned long)
 .text._ZN14USBDeviceClass11sendControlEPKvm
                0x00001130       0x54 C:\Users\brian\DOCUME~1\VISUAL~1\Projects\CRANEC~2\Firmware\SERIAL~1\SERIAL~1\ARDUIN~1\Debug\libArduinoCore.a(USBCore.o)
                0x00001130                USBDeviceClass::sendControl(void const*, unsigned long)
 .text._ZN14USBDeviceClass20sendStringDescriptorEPKhh
                0x00001184       0x64 C:\Users\brian\DOCUME~1\VISUAL~1\Projects\CRANEC~2\Firmware\SERIAL~1\SERIAL~1\ARDUIN~1\Debug\libArduinoCore.a(USBCore.o)
                0x00001184                USBDeviceClass::sendStringDescriptor(unsigned char const*, unsigned char)
 .text._ZN14USBDeviceClass17sendConfigurationEm
                0x000011e8       0x94 C:\Users\brian\DOCUME~1\VISUAL~1\Projects\CRANEC~2\Firmware\SERIAL~1\SERIAL~1\ARDUIN~1\Debug\libArduinoCore.a(USBCore.o)
                0x000011e8                USBDeviceClass::sendConfiguration(unsigned long)
 .text._ZN14USBDeviceClass14sendDescriptorER8USBSetup
                0x0000127c       0xac C:\Users\brian\DOCUME~1\VISUAL~1\Projects\CRANEC~2\Firmware\SERIAL~1\SERIAL~1\ARDUIN~1\Debug\libArduinoCore.a(USBCore.o)
                0x0000127c                USBDeviceClass::sendDescriptor(USBSetup&)
 .text._ZN14USBDeviceClass19handleStandardSetupER8USBSetup
                0x00001328      0x108 C:\Users\brian\DOCUME~1\VISUAL~1\Projects\CRANEC~2\Firmware\SERIAL~1\SERIAL~1\ARDUIN~1\Debug\libArduinoCore.a(USBCore.o)
                0x00001328                USBDeviceClass::handleStandardSetup(USBSetup&)
 .text._ZN14USBDeviceClass10ISRHandlerEv
                0x00001430      0x150 C:\Users\brian\DOCUME~1\VISUAL~1\Projects\CRANEC~2\Firmware\SERIAL~1\SERIAL~1\ARDUIN~1\Debug\libArduinoCore.a(USBCore.o)
                0x00001430                USBDeviceClass::ISRHandler()
 .text.UDD_Handler
                0x00001580       0x10 C:\Users\brian\DOCUME~1\VISUAL~1\Projects\CRANEC~2\Firmware\SERIAL~1\SERIAL~1\ARDUIN~1\Debug\libArduinoCore.a(USBCore.o)
                0x00001580                UDD_Handler
 .text.startup._GLOBAL__sub_I__ZN20USBDevice_SAMD21G18x5resetEv
                0x00001590       0x10 C:\Users\brian\DOCUME~1\VISUAL~1\Projects\CRANEC~2\Firmware\SERIAL~1\SERIAL~1\ARDUIN~1\Debug\libArduinoCore.a(USBCore.o)
 .text.init     0x000015a0       0xf0 C:\Users\brian\DOCUME~1\VISUAL~1\Projects\CRANEC~2\Firmware\SERIAL~1\SERIAL~1\ARDUIN~1\Debug\libArduinoCore.a(wiring.o)
                0x000015a0                init
 .text.mapResolution
                0x00001690       0x12 C:\Users\brian\DOCUME~1\VISUAL~1\Projects\CRANEC~2\Firmware\SERIAL~1\SERIAL~1\ARDUIN~1\Debug\libArduinoCore.a(wiring_analog.o)
 *fill*         0x000016a2        0x2 
 .text.analogReference
                0x000016a4       0x64 C:\Users\brian\DOCUME~1\VISUAL~1\Projects\CRANEC~2\Firmware\SERIAL~1\SERIAL~1\ARDUIN~1\Debug\libArduinoCore.a(wiring_analog.o)
                0x000016a4                analogReference
 .text.analogRead
                0x00001708       0xdc C:\Users\brian\DOCUME~1\VISUAL~1\Projects\CRANEC~2\Firmware\SERIAL~1\SERIAL~1\ARDUIN~1\Debug\libArduinoCore.a(wiring_analog.o)
                0x00001708                analogRead
 .text.pinMode  0x000017e4       0x98 C:\Users\brian\DOCUME~1\VISUAL~1\Projects\CRANEC~2\Firmware\SERIAL~1\SERIAL~1\ARDUIN~1\Debug\libArduinoCore.a(wiring_digital.o)
                0x000017e4                pinMode
 .text.digitalWrite
                0x0000187c       0x58 C:\Users\brian\DOCUME~1\VISUAL~1\Projects\CRANEC~2\Firmware\SERIAL~1\SERIAL~1\ARDUIN~1\Debug\libArduinoCore.a(wiring_digital.o)
                0x0000187c                digitalWrite
 .text.pinPeripheral
                0x000018d4       0xbc C:\Users\brian\DOCUME~1\VISUAL~1\Projects\CRANEC~2\Firmware\SERIAL~1\SERIAL~1\ARDUIN~1\Debug\libArduinoCore.a(wiring_private.o)
                0x000018d4                pinPeripheral
 .text.shiftOut
                0x00001990       0x46 C:\Users\brian\DOCUME~1\VISUAL~1\Projects\CRANEC~2\Firmware\SERIAL~1\SERIAL~1\ARDUIN~1\Debug\libArduinoCore.a(wiring_shift.o)
                0x00001990                shiftOut
 *fill*         0x000019d6        0x2 
 .text.SERCOM0_Handler
                0x000019d8       0x10 C:\Users\brian\DOCUME~1\VISUAL~1\Projects\CRANEC~2\Firmware\SERIAL~1\SERIAL~1\ARDUIN~1\Debug\libArduinoCore.a(variant.o)
                0x000019d8                SERCOM0_Handler
 .text.SERCOM5_Handler
                0x000019e8       0x10 C:\Users\brian\DOCUME~1\VISUAL~1\Projects\CRANEC~2\Firmware\SERIAL~1\SERIAL~1\ARDUIN~1\Debug\libArduinoCore.a(variant.o)
                0x000019e8                SERCOM5_Handler
 .text.startup._GLOBAL__sub_I_g_APinDescription
                0x000019f8       0x94 C:\Users\brian\DOCUME~1\VISUAL~1\Projects\CRANEC~2\Firmware\SERIAL~1\SERIAL~1\ARDUIN~1\Debug\libArduinoCore.a(variant.o)
 .text._Znwj    0x00001a8c        0x8 C:\Users\brian\DOCUME~1\VISUAL~1\Projects\CRANEC~2\Firmware\SERIAL~1\SERIAL~1\ARDUIN~1\Debug\libArduinoCore.a(new.o)
                0x00001a8c                operator new(unsigned int)
 .text._ZN6SERCOMC2EP6Sercom
                0x00001a94        0x4 C:\Users\brian\DOCUME~1\VISUAL~1\Projects\CRANEC~2\Firmware\SERIAL~1\SERIAL~1\ARDUIN~1\Debug\libArduinoCore.a(SERCOM.o)
                0x00001a94                SERCOM::SERCOM(Sercom*)
                0x00001a94                SERCOM::SERCOM(Sercom*)
 .text._ZN6SERCOM9initFrameE18SercomUartCharSize15SercomDataOrder16SercomParityMode19SercomNumberStopBit
                0x00001a98       0x34 C:\Users\brian\DOCUME~1\VISUAL~1\Projects\CRANEC~2\Firmware\SERIAL~1\SERIAL~1\ARDUIN~1\Debug\libArduinoCore.a(SERCOM.o)
                0x00001a98                SERCOM::initFrame(SercomUartCharSize, SercomDataOrder, SercomParityMode, SercomNumberStopBit)
 .text._ZN6SERCOM8initPadsE15SercomUartTXPad11SercomRXPad
                0x00001acc       0x24 C:\Users\brian\DOCUME~1\VISUAL~1\Projects\CRANEC~2\Firmware\SERIAL~1\SERIAL~1\ARDUIN~1\Debug\libArduinoCore.a(SERCOM.o)
                0x00001acc                SERCOM::initPads(SercomUartTXPad, SercomRXPad)
 .text._ZN6SERCOM9resetUARTEv
                0x00001af0       0x18 C:\Users\brian\DOCUME~1\VISUAL~1\Projects\CRANEC~2\Firmware\SERIAL~1\SERIAL~1\ARDUIN~1\Debug\libArduinoCore.a(SERCOM.o)
                0x00001af0                SERCOM::resetUART()
 .text._ZN6SERCOM10enableUARTEv
                0x00001b08       0x12 C:\Users\brian\DOCUME~1\VISUAL~1\Projects\CRANEC~2\Firmware\SERIAL~1\SERIAL~1\ARDUIN~1\Debug\libArduinoCore.a(SERCOM.o)
                0x00001b08                SERCOM::enableUART()
 .text._ZN6SERCOM9flushUARTEv
                0x00001b1a       0x10 C:\Users\brian\DOCUME~1\VISUAL~1\Projects\CRANEC~2\Firmware\SERIAL~1\SERIAL~1\ARDUIN~1\Debug\libArduinoCore.a(SERCOM.o)
                0x00001b1a                SERCOM::flushUART()
 .text._ZN6SERCOM15clearStatusUARTEv
                0x00001b2a        0x8 C:\Users\brian\DOCUME~1\VISUAL~1\Projects\CRANEC~2\Firmware\SERIAL~1\SERIAL~1\ARDUIN~1\Debug\libArduinoCore.a(SERCOM.o)
                0x00001b2a                SERCOM::clearStatusUART()
 .text._ZN6SERCOM17availableDataUARTEv
                0x00001b32        0xa C:\Users\brian\DOCUME~1\VISUAL~1\Projects\CRANEC~2\Firmware\SERIAL~1\SERIAL~1\ARDUIN~1\Debug\libArduinoCore.a(SERCOM.o)
                0x00001b32                SERCOM::availableDataUART()
 .text._ZN6SERCOM11isUARTErrorEv
                0x00001b3c        0x8 C:\Users\brian\DOCUME~1\VISUAL~1\Projects\CRANEC~2\Firmware\SERIAL~1\SERIAL~1\ARDUIN~1\Debug\libArduinoCore.a(SERCOM.o)
                0x00001b3c                SERCOM::isUARTError()
 .text._ZN6SERCOM20acknowledgeUARTErrorEv
                0x00001b44        0xe C:\Users\brian\DOCUME~1\VISUAL~1\Projects\CRANEC~2\Firmware\SERIAL~1\SERIAL~1\ARDUIN~1\Debug\libArduinoCore.a(SERCOM.o)
                0x00001b44                SERCOM::acknowledgeUARTError()
 .text._ZN6SERCOM12readDataUARTEv
                0x00001b52        0x8 C:\Users\brian\DOCUME~1\VISUAL~1\Projects\CRANEC~2\Firmware\SERIAL~1\SERIAL~1\ARDUIN~1\Debug\libArduinoCore.a(SERCOM.o)
                0x00001b52                SERCOM::readDataUART()
 .text._ZN6SERCOM13writeDataUARTEh
                0x00001b5a       0x10 C:\Users\brian\DOCUME~1\VISUAL~1\Projects\CRANEC~2\Firmware\SERIAL~1\SERIAL~1\ARDUIN~1\Debug\libArduinoCore.a(SERCOM.o)
                0x00001b5a                SERCOM::writeDataUART(unsigned char)
 *fill*         0x00001b6a        0x2 
 .text._ZN6SERCOM13initClockNVICEv
                0x00001b6c       0xa8 C:\Users\brian\DOCUME~1\VISUAL~1\Projects\CRANEC~2\Firmware\SERIAL~1\SERIAL~1\ARDUIN~1\Debug\libArduinoCore.a(SERCOM.o)
                0x00001b6c                SERCOM::initClockNVIC()
 .text._ZN6SERCOM8initUARTE14SercomUartMode20SercomUartSampleRatem
                0x00001c14       0x64 C:\Users\brian\DOCUME~1\VISUAL~1\Projects\CRANEC~2\Firmware\SERIAL~1\SERIAL~1\ARDUIN~1\Debug\libArduinoCore.a(SERCOM.o)
                0x00001c14                SERCOM::initUART(SercomUartMode, SercomUartSampleRate, unsigned long)
 .text._ZN4UartcvbEv
                0x00001c78        0x4 C:\Users\brian\DOCUME~1\VISUAL~1\Projects\CRANEC~2\Firmware\SERIAL~1\SERIAL~1\ARDUIN~1\Debug\libArduinoCore.a(Uart.o)
                0x00001c78                Uart::operator bool()
 .text._ZN4Uart5beginEm
                0x00001c7c       0x10 C:\Users\brian\DOCUME~1\VISUAL~1\Projects\CRANEC~2\Firmware\SERIAL~1\SERIAL~1\ARDUIN~1\Debug\libArduinoCore.a(Uart.o)
                0x00001c7c                Uart::begin(unsigned long)
 .text._ZN4Uart3endEv
                0x00001c8c       0x14 C:\Users\brian\DOCUME~1\VISUAL~1\Projects\CRANEC~2\Firmware\SERIAL~1\SERIAL~1\ARDUIN~1\Debug\libArduinoCore.a(Uart.o)
                0x00001c8c                Uart::end()
 .text._ZN4Uart5flushEv
                0x00001ca0        0xa C:\Users\brian\DOCUME~1\VISUAL~1\Projects\CRANEC~2\Firmware\SERIAL~1\SERIAL~1\ARDUIN~1\Debug\libArduinoCore.a(Uart.o)
                0x00001ca0                Uart::flush()
 .text._ZN4Uart9availableEv
                0x00001caa        0xa C:\Users\brian\DOCUME~1\VISUAL~1\Projects\CRANEC~2\Firmware\SERIAL~1\SERIAL~1\ARDUIN~1\Debug\libArduinoCore.a(Uart.o)
                0x00001caa                Uart::available()
 .text._ZN4Uart4peekEv
                0x00001cb4        0xa C:\Users\brian\DOCUME~1\VISUAL~1\Projects\CRANEC~2\Firmware\SERIAL~1\SERIAL~1\ARDUIN~1\Debug\libArduinoCore.a(Uart.o)
                0x00001cb4                Uart::peek()
 .text._ZN4Uart4readEv
                0x00001cbe        0xa C:\Users\brian\DOCUME~1\VISUAL~1\Projects\CRANEC~2\Firmware\SERIAL~1\SERIAL~1\ARDUIN~1\Debug\libArduinoCore.a(Uart.o)
                0x00001cbe                Uart::read()
 .text._ZN4Uart5writeEh
                0x00001cc8        0xc C:\Users\brian\DOCUME~1\VISUAL~1\Projects\CRANEC~2\Firmware\SERIAL~1\SERIAL~1\ARDUIN~1\Debug\libArduinoCore.a(Uart.o)
                0x00001cc8                Uart::write(unsigned char)
 .text._ZN4UartC2EP6SERCOMhh11SercomRXPad15SercomUartTXPad
                0x00001cd4       0x4c C:\Users\brian\DOCUME~1\VISUAL~1\Projects\CRANEC~2\Firmware\SERIAL~1\SERIAL~1\ARDUIN~1\Debug\libArduinoCore.a(Uart.o)
                0x00001cd4                Uart::Uart(SERCOM*, unsigned char, unsigned char, SercomRXPad, SercomUartTXPad)
                0x00001cd4                Uart::Uart(SERCOM*, unsigned char, unsigned char, SercomRXPad, SercomUartTXPad)
 .text._ZN4Uart10IrqHandlerEv
                0x00001d20       0x36 C:\Users\brian\DOCUME~1\VISUAL~1\Projects\CRANEC~2\Firmware\SERIAL~1\SERIAL~1\ARDUIN~1\Debug\libArduinoCore.a(Uart.o)
                0x00001d20                Uart::IrqHandler()
 .text._ZN4Uart16extractNbStopBitEt
                0x00001d56        0xc C:\Users\brian\DOCUME~1\VISUAL~1\Projects\CRANEC~2\Firmware\SERIAL~1\SERIAL~1\ARDUIN~1\Debug\libArduinoCore.a(Uart.o)
                0x00001d56                Uart::extractNbStopBit(unsigned short)
 .text._ZN4Uart15extractCharSizeEt
                0x00001d62       0x28 C:\Users\brian\DOCUME~1\VISUAL~1\Projects\CRANEC~2\Firmware\SERIAL~1\SERIAL~1\ARDUIN~1\Debug\libArduinoCore.a(Uart.o)
                0x00001d62                Uart::extractCharSize(unsigned short)
 .text._ZN4Uart13extractParityEt
                0x00001d8a       0x14 C:\Users\brian\DOCUME~1\VISUAL~1\Projects\CRANEC~2\Firmware\SERIAL~1\SERIAL~1\ARDUIN~1\Debug\libArduinoCore.a(Uart.o)
                0x00001d8a                Uart::extractParity(unsigned short)
 *fill*         0x00001d9e        0x2 
 .text._ZN4Uart5beginEmt
                0x00001da0       0x88 C:\Users\brian\DOCUME~1\VISUAL~1\Projects\CRANEC~2\Firmware\SERIAL~1\SERIAL~1\ARDUIN~1\Debug\libArduinoCore.a(Uart.o)
                0x00001da0                Uart::begin(unsigned long, unsigned short)
 .text._ZN13PluggableUSB_12getInterfaceEPh
                0x00001e28       0x28 C:\Users\brian\DOCUME~1\VISUAL~1\Projects\CRANEC~2\Firmware\SERIAL~1\SERIAL~1\ARDUIN~1\Debug\libArduinoCore.a(PluggableUSB.o)
                0x00001e28                PluggableUSB_::getInterface(unsigned char*)
 .text._ZN13PluggableUSB_13getDescriptorER8USBSetup
                0x00001e50       0x20 C:\Users\brian\DOCUME~1\VISUAL~1\Projects\CRANEC~2\Firmware\SERIAL~1\SERIAL~1\ARDUIN~1\Debug\libArduinoCore.a(PluggableUSB.o)
                0x00001e50                PluggableUSB_::getDescriptor(USBSetup&)
 .text._ZN13PluggableUSB_12getShortNameEPc
                0x00001e70       0x1e C:\Users\brian\DOCUME~1\VISUAL~1\Projects\CRANEC~2\Firmware\SERIAL~1\SERIAL~1\ARDUIN~1\Debug\libArduinoCore.a(PluggableUSB.o)
                0x00001e70                PluggableUSB_::getShortName(char*)
 .text._ZN13PluggableUSB_5setupER8USBSetup
                0x00001e8e       0x20 C:\Users\brian\DOCUME~1\VISUAL~1\Projects\CRANEC~2\Firmware\SERIAL~1\SERIAL~1\ARDUIN~1\Debug\libArduinoCore.a(PluggableUSB.o)
                0x00001e8e                PluggableUSB_::setup(USBSetup&)
 *fill*         0x00001eae        0x2 
 .text._Z12PluggableUSBv
                0x00001eb0       0x24 C:\Users\brian\DOCUME~1\VISUAL~1\Projects\CRANEC~2\Firmware\SERIAL~1\SERIAL~1\ARDUIN~1\Debug\libArduinoCore.a(PluggableUSB.o)
                0x00001eb0                PluggableUSB()
 .text._ZN5Print5writeEPKhj
                0x00001ed4       0x28 C:\Users\brian\DOCUME~1\VISUAL~1\Projects\CRANEC~2\Firmware\SERIAL~1\SERIAL~1\ARDUIN~1\Debug\libArduinoCore.a(Print.o)
                0x00001ed4                Print::write(unsigned char const*, unsigned int)
 .text._ZN10RingBufferC2Ev
                0x00001efc       0x1a C:\Users\brian\DOCUME~1\VISUAL~1\Projects\CRANEC~2\Firmware\SERIAL~1\SERIAL~1\ARDUIN~1\Debug\libArduinoCore.a(RingBuffer.o)
                0x00001efc                RingBuffer::RingBuffer()
                0x00001efc                RingBuffer::RingBuffer()
 .text._ZN10RingBuffer10store_charEh
                0x00001f16       0x24 C:\Users\brian\DOCUME~1\VISUAL~1\Projects\CRANEC~2\Firmware\SERIAL~1\SERIAL~1\ARDUIN~1\Debug\libArduinoCore.a(RingBuffer.o)
                0x00001f16                RingBuffer::store_char(unsigned char)
 .text._ZN10RingBuffer5clearEv
                0x00001f3a        0xe C:\Users\brian\DOCUME~1\VISUAL~1\Projects\CRANEC~2\Firmware\SERIAL~1\SERIAL~1\ARDUIN~1\Debug\libArduinoCore.a(RingBuffer.o)
                0x00001f3a                RingBuffer::clear()
 .text._ZN10RingBuffer9read_charEv
                0x00001f48       0x28 C:\Users\brian\DOCUME~1\VISUAL~1\Projects\CRANEC~2\Firmware\SERIAL~1\SERIAL~1\ARDUIN~1\Debug\libArduinoCore.a(RingBuffer.o)
                0x00001f48                RingBuffer::read_char()
 .text._ZN10RingBuffer9availableEv
                0x00001f70       0x14 C:\Users\brian\DOCUME~1\VISUAL~1\Projects\CRANEC~2\Firmware\SERIAL~1\SERIAL~1\ARDUIN~1\Debug\libArduinoCore.a(RingBuffer.o)
                0x00001f70                RingBuffer::available()
 .text._ZN10RingBuffer4peekEv
                0x00001f84       0x1a C:\Users\brian\DOCUME~1\VISUAL~1\Projects\CRANEC~2\Firmware\SERIAL~1\SERIAL~1\ARDUIN~1\Debug\libArduinoCore.a(RingBuffer.o)
                0x00001f84                RingBuffer::peek()
 *fill*         0x00001f9e        0x2 
 .text          0x00001fa0       0x14 c:/program files (x86)/atmel/studio/7.0/toolchain/arm/arm-gnu-toolchain/bin/../lib/gcc/arm-none-eabi/6.2.1/thumb/v6-m\libgcc.a(_thumb1_case_uqi.o)
                0x00001fa0                __gnu_thumb1_case_uqi
 .text          0x00001fb4      0x114 c:/program files (x86)/atmel/studio/7.0/toolchain/arm/arm-gnu-toolchain/bin/../lib/gcc/arm-none-eabi/6.2.1/thumb/v6-m\libgcc.a(_udivsi3.o)
                0x00001fb4                __aeabi_uidiv
                0x00001fb4                __udivsi3
                0x000020c0                __aeabi_uidivmod
 .text          0x000020c8        0x4 c:/program files (x86)/atmel/studio/7.0/toolchain/arm/arm-gnu-toolchain/bin/../lib/gcc/arm-none-eabi/6.2.1/thumb/v6-m\libgcc.a(_dvmd_tls.o)
                0x000020c8                __aeabi_idiv0
                0x000020c8                __aeabi_ldiv0
 .text.__libc_init_array
                0x000020cc       0x48 c:/program files (x86)/atmel/studio/7.0/toolchain/arm/arm-gnu-toolchain/bin/../lib/gcc/arm-none-eabi/6.2.1/../../../../arm-none-eabi/lib/thumb/v6-m\libc_nano.a(lib_a-init.o)
                0x000020cc                __libc_init_array
 .text.malloc   0x00002114       0x14 c:/program files (x86)/atmel/studio/7.0/toolchain/arm/arm-gnu-toolchain/bin/../lib/gcc/arm-none-eabi/6.2.1/../../../../arm-none-eabi/lib/thumb/v6-m\libc_nano.a(lib_a-malloc.o)
                0x00002114                malloc
 .text.memcpy   0x00002128       0x12 c:/program files (x86)/atmel/studio/7.0/toolchain/arm/arm-gnu-toolchain/bin/../lib/gcc/arm-none-eabi/6.2.1/../../../../arm-none-eabi/lib/thumb/v6-m\libc_nano.a(lib_a-memcpy-stub.o)
                0x00002128                memcpy
 .text.memset   0x0000213a       0x10 c:/program files (x86)/atmel/studio/7.0/toolchain/arm/arm-gnu-toolchain/bin/../lib/gcc/arm-none-eabi/6.2.1/../../../../arm-none-eabi/lib/thumb/v6-m\libc_nano.a(lib_a-memset.o)
                0x0000213a                memset
 *fill*         0x0000214a        0x2 
 .text._malloc_r
                0x0000214c       0xbc c:/program files (x86)/atmel/studio/7.0/toolchain/arm/arm-gnu-toolchain/bin/../lib/gcc/arm-none-eabi/6.2.1/../../../../arm-none-eabi/lib/thumb/v6-m\libc_nano.a(lib_a-nano-mallocr.o)
                0x0000214c                _malloc_r
 .text._sbrk_r  0x00002208       0x24 c:/program files (x86)/atmel/studio/7.0/toolchain/arm/arm-gnu-toolchain/bin/../lib/gcc/arm-none-eabi/6.2.1/../../../../arm-none-eabi/lib/thumb/v6-m\libc_nano.a(lib_a-sbrkr.o)
                0x00002208                _sbrk_r
 .text          0x0000222c        0xe c:/program files (x86)/atmel/studio/7.0/toolchain/arm/arm-gnu-toolchain/bin/../lib/gcc/arm-none-eabi/6.2.1/../../../../arm-none-eabi/lib/thumb/v6-m\libc_nano.a(lib_a-strlen.o)
                0x0000222c                strlen
 .text.__malloc_lock
                0x0000223a        0x2 c:/program files (x86)/atmel/studio/7.0/toolchain/arm/arm-gnu-toolchain/bin/../lib/gcc/arm-none-eabi/6.2.1/../../../../arm-none-eabi/lib/thumb/v6-m\libc_nano.a(lib_a-mlock.o)
                0x0000223a                __malloc_lock
 .text.__malloc_unlock
                0x0000223c        0x2 c:/program files (x86)/atmel/studio/7.0/toolchain/arm/arm-gnu-toolchain/bin/../lib/gcc/arm-none-eabi/6.2.1/../../../../arm-none-eabi/lib/thumb/v6-m\libc_nano.a(lib_a-mlock.o)
                0x0000223c                __malloc_unlock
 *fill*         0x0000223e        0x2 
 .text._sbrk    0x00002240       0x1c c:/program files (x86)/atmel/studio/7.0/toolchain/arm/arm-gnu-toolchain/bin/../lib/gcc/arm-none-eabi/6.2.1/../../../../arm-none-eabi/lib/thumb/v6-m\libnosys.a(sbrk.o)
                0x00002240                _sbrk
 *(.init)
 .init          0x0000225c        0x4 c:/program files (x86)/atmel/studio/7.0/toolchain/arm/arm-gnu-toolchain/bin/../lib/gcc/arm-none-eabi/6.2.1/thumb/v6-m/crti.o
                0x0000225c                _init
 .init          0x00002260        0x8 c:/program files (x86)/atmel/studio/7.0/toolchain/arm/arm-gnu-toolchain/bin/../lib/gcc/arm-none-eabi/6.2.1/thumb/v6-m/crtn.o
 *(.fini)
 .fini          0x00002268        0x4 c:/program files (x86)/atmel/studio/7.0/toolchain/arm/arm-gnu-toolchain/bin/../lib/gcc/arm-none-eabi/6.2.1/thumb/v6-m/crti.o
                0x00002268                _fini
 .fini          0x0000226c        0x8 c:/program files (x86)/atmel/studio/7.0/toolchain/arm/arm-gnu-toolchain/bin/../lib/gcc/arm-none-eabi/6.2.1/thumb/v6-m/crtn.o
 *crtbegin.o(.ctors)
 *crtbegin?.o(.ctors)
 *(EXCLUDE_FILE(*crtend.o *crtend?.o) .ctors)
 *(SORT(.ctors.*))
 *(.ctors)
 *crtbegin.o(.dtors)
 *crtbegin?.o(.dtors)
 *(EXCLUDE_FILE(*crtend.o *crtend?.o) .dtors)
 *(SORT(.dtors.*))
 *(.dtors)
 *(.rodata*)
 .rodata._ZTV7Serial_
                0x00002274       0x24 C:\Users\brian\DOCUME~1\VISUAL~1\Projects\CRANEC~2\Firmware\SERIAL~1\SERIAL~1\ARDUIN~1\Debug\libArduinoCore.a(CDC.o)
                0x00002274                vtable for Serial_
 .rodata._ZTV26DoubleBufferedEPOutHandler
                0x00002298       0x14 C:\Users\brian\DOCUME~1\VISUAL~1\Projects\CRANEC~2\Firmware\SERIAL~1\SERIAL~1\ARDUIN~1\Debug\libArduinoCore.a(USBCore.o)
                0x00002298                vtable for DoubleBufferedEPOutHandler
 .rodata._ZL14STRING_PRODUCT
                0x000022ac        0xb C:\Users\brian\DOCUME~1\VISUAL~1\Projects\CRANEC~2\Firmware\SERIAL~1\SERIAL~1\ARDUIN~1\Debug\libArduinoCore.a(USBCore.o)
 *fill*         0x000022b7        0x1 
 .rodata._ZL15STRING_LANGUAGE
                0x000022b8        0x4 C:\Users\brian\DOCUME~1\VISUAL~1\Projects\CRANEC~2\Firmware\SERIAL~1\SERIAL~1\ARDUIN~1\Debug\libArduinoCore.a(USBCore.o)
 .rodata._ZL19STRING_MANUFACTURER
                0x000022bc        0x9 C:\Users\brian\DOCUME~1\VISUAL~1\Projects\CRANEC~2\Firmware\SERIAL~1\SERIAL~1\ARDUIN~1\Debug\libArduinoCore.a(USBCore.o)
 .rodata._ZL21USB_DeviceDescriptorB
                0x000022c5       0x12 C:\Users\brian\DOCUME~1\VISUAL~1\Projects\CRANEC~2\Firmware\SERIAL~1\SERIAL~1\ARDUIN~1\Debug\libArduinoCore.a(USBCore.o)
 *fill*         0x000022d7        0x1 
 .rodata.g_APinDescription
                0x000022d8      0x450 C:\Users\brian\DOCUME~1\VISUAL~1\Projects\CRANEC~2\Firmware\SERIAL~1\SERIAL~1\ARDUIN~1\Debug\libArduinoCore.a(variant.o)
                0x000022d8                g_APinDescription
 .rodata._ZTV4Uart
                0x00002728       0x30 C:\Users\brian\DOCUME~1\VISUAL~1\Projects\CRANEC~2\Firmware\SERIAL~1\SERIAL~1\ARDUIN~1\Debug\libArduinoCore.a(Uart.o)
                0x00002728                vtable for Uart
 *(.eh_frame*)
 .eh_frame      0x00002758        0x0 c:/program files (x86)/atmel/studio/7.0/toolchain/arm/arm-gnu-toolchain/bin/../lib/gcc/arm-none-eabi/6.2.1/thumb/v6-m/crtbegin.o
 .eh_frame      0x00002758        0x4 c:/program files (x86)/atmel/studio/7.0/toolchain/arm/arm-gnu-toolchain/bin/../lib/gcc/arm-none-eabi/6.2.1/thumb/v6-m/crtend.o

.glue_7         0x0000275c        0x0
 .glue_7        0x0000275c        0x0 linker stubs

.glue_7t        0x0000275c        0x0
 .glue_7t       0x0000275c        0x0 linker stubs

.vfp11_veneer   0x0000275c        0x0
 .vfp11_veneer  0x0000275c        0x0 linker stubs

.v4_bx          0x0000275c        0x0
 .v4_bx         0x0000275c        0x0 linker stubs

.iplt           0x0000275c        0x0
 .iplt          0x0000275c        0x0 c:/program files (x86)/atmel/studio/7.0/toolchain/arm/arm-gnu-toolchain/bin/../lib/gcc/arm-none-eabi/6.2.1/thumb/v6-m/crtbegin.o

.rel.dyn        0x0000275c        0x0
 .rel.iplt      0x0000275c        0x0 c:/program files (x86)/atmel/studio/7.0/toolchain/arm/arm-gnu-toolchain/bin/../lib/gcc/arm-none-eabi/6.2.1/thumb/v6-m/crtbegin.o

.ARM.extab
 *(.ARM.extab* .gnu.linkonce.armextab.*)
                0x0000275c                __exidx_start = .

.ARM.exidx
 *(.ARM.exidx* .gnu.linkonce.armexidx.*)
                0x0000275c                __exidx_end = .
                0x0000275c                __etext = .

.data           0x20000000      0x110 load address 0x0000275c
                0x20000000                __data_start__ = .
 *(vtable)
 *(.data*)
 .data._ZL5ticks
                0x20000000        0x4 C:\Users\brian\DOCUME~1\VISUAL~1\Projects\CRANEC~2\Firmware\SERIAL~1\SERIAL~1\ARDUIN~1\Debug\libArduinoCore.a(Reset.o)
 .data._ZL10breakValue
                0x20000004        0x4 C:\Users\brian\DOCUME~1\VISUAL~1\Projects\CRANEC~2\Firmware\SERIAL~1\SERIAL~1\ARDUIN~1\Debug\libArduinoCore.a(CDC.o)
 .data._ZL12_usbLineInfo
                0x20000008        0x8 C:\Users\brian\DOCUME~1\VISUAL~1\Projects\CRANEC~2\Firmware\SERIAL~1\SERIAL~1\ARDUIN~1\Debug\libArduinoCore.a(CDC.o)
 .data._ZL13_cdcInterface
                0x20000010       0x42 C:\Users\brian\DOCUME~1\VISUAL~1\Projects\CRANEC~2\Firmware\SERIAL~1\SERIAL~1\ARDUIN~1\Debug\libArduinoCore.a(CDC.o)
 *fill*         0x20000052        0x2 
 .data._serialPeek
                0x20000054        0x4 C:\Users\brian\DOCUME~1\VISUAL~1\Projects\CRANEC~2\Firmware\SERIAL~1\SERIAL~1\ARDUIN~1\Debug\libArduinoCore.a(CDC.o)
                0x20000054                _serialPeek
 .data.EndPoints
                0x20000058       0x28 C:\Users\brian\DOCUME~1\VISUAL~1\Projects\CRANEC~2\Firmware\SERIAL~1\SERIAL~1\ARDUIN~1\Debug\libArduinoCore.a(USBCore.o)
                0x20000058                EndPoints
 .data.SystemCoreClock
                0x20000080        0x4 C:\Users\brian\DOCUME~1\VISUAL~1\Projects\CRANEC~2\Firmware\SERIAL~1\SERIAL~1\ARDUIN~1\Debug\libArduinoCore.a(wiring.o)
                0x20000080                SystemCoreClock
 .data._ADCResolution
                0x20000084        0x4 C:\Users\brian\DOCUME~1\VISUAL~1\Projects\CRANEC~2\Firmware\SERIAL~1\SERIAL~1\ARDUIN~1\Debug\libArduinoCore.a(wiring_analog.o)
 .data._readResolution
                0x20000088        0x4 C:\Users\brian\DOCUME~1\VISUAL~1\Projects\CRANEC~2\Firmware\SERIAL~1\SERIAL~1\ARDUIN~1\Debug\libArduinoCore.a(wiring_analog.o)
 .data._impure_ptr
                0x2000008c        0x4 c:/program files (x86)/atmel/studio/7.0/toolchain/arm/arm-gnu-toolchain/bin/../lib/gcc/arm-none-eabi/6.2.1/../../../../arm-none-eabi/lib/thumb/v6-m\libc_nano.a(lib_a-impure.o)
                0x2000008c                _impure_ptr
 .data.impure_data
                0x20000090       0x60 c:/program files (x86)/atmel/studio/7.0/toolchain/arm/arm-gnu-toolchain/bin/../lib/gcc/arm-none-eabi/6.2.1/../../../../arm-none-eabi/lib/thumb/v6-m\libc_nano.a(lib_a-impure.o)
                0x200000f0                . = ALIGN (0x4)
                0x200000f0                PROVIDE (__preinit_array_start, .)
 *(.preinit_array)
                0x200000f0                PROVIDE (__preinit_array_end, .)
                0x200000f0                . = ALIGN (0x4)
                0x200000f0                PROVIDE (__init_array_start, .)
 *(SORT(.init_array.*))
 *(.init_array)
 .init_array    0x200000f0        0x4 c:/program files (x86)/atmel/studio/7.0/toolchain/arm/arm-gnu-toolchain/bin/../lib/gcc/arm-none-eabi/6.2.1/thumb/v6-m/crtbegin.o
 .init_array    0x200000f4        0x4 C:\Users\brian\DOCUME~1\VISUAL~1\Projects\CRANEC~2\Firmware\SERIAL~1\SERIAL~1\ARDUIN~1\Debug\libArduinoCore.a(CDC.o)
 .init_array    0x200000f8        0x4 C:\Users\brian\DOCUME~1\VISUAL~1\Projects\CRANEC~2\Firmware\SERIAL~1\SERIAL~1\ARDUIN~1\Debug\libArduinoCore.a(USBCore.o)
 .init_array    0x200000fc        0x4 C:\Users\brian\DOCUME~1\VISUAL~1\Projects\CRANEC~2\Firmware\SERIAL~1\SERIAL~1\ARDUIN~1\Debug\libArduinoCore.a(variant.o)
                0x20000100                PROVIDE (__init_array_end, .)
                0x20000100                . = ALIGN (0x4)
                [!provide]                PROVIDE (__fini_array_start, .)
 *(SORT(.fini_array.*))
 *(.fini_array)
 .fini_array    0x20000100        0x4 c:/program files (x86)/atmel/studio/7.0/toolchain/arm/arm-gnu-toolchain/bin/../lib/gcc/arm-none-eabi/6.2.1/thumb/v6-m/crtbegin.o
                [!provide]                PROVIDE (__fini_array_end, .)
 *(.jcr*)
 .jcr           0x20000104        0x0 c:/program files (x86)/atmel/studio/7.0/toolchain/arm/arm-gnu-toolchain/bin/../lib/gcc/arm-none-eabi/6.2.1/thumb/v6-m/crtbegin.o
 .jcr           0x20000104        0x4 c:/program files (x86)/atmel/studio/7.0/toolchain/arm/arm-gnu-toolchain/bin/../lib/gcc/arm-none-eabi/6.2.1/thumb/v6-m/crtend.o
                0x20000110                . = ALIGN (0x10)
 *fill*         0x20000108        0x8 
                0x20000110                __data_end__ = .

.igot.plt       0x20000110        0x0 load address 0x0000286c
 .igot.plt      0x20000110        0x0 c:/program files (x86)/atmel/studio/7.0/toolchain/arm/arm-gnu-toolchain/bin/../lib/gcc/arm-none-eabi/6.2.1/thumb/v6-m/crtbegin.o

.bss            0x20000110      0x7b8 load address 0x0000286c
                0x20000110                . = ALIGN (0x4)
                0x20000110                __bss_start__ = .
 *(.bss*)
 .bss           0x20000110       0x1c c:/program files (x86)/atmel/studio/7.0/toolchain/arm/arm-gnu-toolchain/bin/../lib/gcc/arm-none-eabi/6.2.1/thumb/v6-m/crtbegin.o
 .bss.usb_isr   0x2000012c        0x4 C:\Users\brian\DOCUME~1\VISUAL~1\Projects\CRANEC~2\Firmware\SERIAL~1\SERIAL~1\ARDUIN~1\Debug\libArduinoCore.a(cortex_handlers.o)
 .bss._ulTickCount
                0x20000130        0x4 C:\Users\brian\DOCUME~1\VISUAL~1\Projects\CRANEC~2\Firmware\SERIAL~1\SERIAL~1\ARDUIN~1\Debug\libArduinoCore.a(delay.o)
 .bss.Serial    0x20000134       0x1c C:\Users\brian\DOCUME~1\VISUAL~1\Projects\CRANEC~2\Firmware\SERIAL~1\SERIAL~1\ARDUIN~1\Debug\libArduinoCore.a(CDC.o)
                0x20000134                Serial
 .bss.USBDevice
                0x20000150        0x1 C:\Users\brian\DOCUME~1\VISUAL~1\Projects\CRANEC~2\Firmware\SERIAL~1\SERIAL~1\ARDUIN~1\Debug\libArduinoCore.a(USBCore.o)
                0x20000150                USBDevice
 *fill*         0x20000151        0x3 
 .bss._ZL10epHandlers
                0x20000154       0x1c C:\Users\brian\DOCUME~1\VISUAL~1\Projects\CRANEC~2\Firmware\SERIAL~1\SERIAL~1\ARDUIN~1\Debug\libArduinoCore.a(USBCore.o)
 .bss._ZL10rxLEDPulse
                0x20000170        0x1 C:\Users\brian\DOCUME~1\VISUAL~1\Projects\CRANEC~2\Firmware\SERIAL~1\SERIAL~1\ARDUIN~1\Debug\libArduinoCore.a(USBCore.o)
 .bss._ZL10txLEDPulse
                0x20000171        0x1 C:\Users\brian\DOCUME~1\VISUAL~1\Projects\CRANEC~2\Firmware\SERIAL~1\SERIAL~1\ARDUIN~1\Debug\libArduinoCore.a(USBCore.o)
 .bss._ZL14isEndpointHalt
                0x20000172        0x1 C:\Users\brian\DOCUME~1\VISUAL~1\Projects\CRANEC~2\Firmware\SERIAL~1\SERIAL~1\ARDUIN~1\Debug\libArduinoCore.a(USBCore.o)
 .bss._ZL20LastTransmitTimedOut
                0x20000173        0x7 C:\Users\brian\DOCUME~1\VISUAL~1\Projects\CRANEC~2\Firmware\SERIAL~1\SERIAL~1\ARDUIN~1\Debug\libArduinoCore.a(USBCore.o)
 .bss._ZL21isRemoteWakeUpEnabled
                0x2000017a        0x1 C:\Users\brian\DOCUME~1\VISUAL~1\Projects\CRANEC~2\Firmware\SERIAL~1\SERIAL~1\ARDUIN~1\Debug\libArduinoCore.a(USBCore.o)
 *fill*         0x2000017b        0x1 
 .bss._ZL22udd_ep_in_cache_buffer
                0x2000017c      0x1c0 C:\Users\brian\DOCUME~1\VISUAL~1\Projects\CRANEC~2\Firmware\SERIAL~1\SERIAL~1\ARDUIN~1\Debug\libArduinoCore.a(USBCore.o)
 .bss._ZL23udd_ep_out_cache_buffer
                0x2000033c      0x1c0 C:\Users\brian\DOCUME~1\VISUAL~1\Projects\CRANEC~2\Firmware\SERIAL~1\SERIAL~1\ARDUIN~1\Debug\libArduinoCore.a(USBCore.o)
 .bss._dry_run  0x200004fc        0x1 C:\Users\brian\DOCUME~1\VISUAL~1\Projects\CRANEC~2\Firmware\SERIAL~1\SERIAL~1\ARDUIN~1\Debug\libArduinoCore.a(USBCore.o)
                0x200004fc                _dry_run
 .bss._pack_buffer
                0x200004fd      0x100 C:\Users\brian\DOCUME~1\VISUAL~1\Projects\CRANEC~2\Firmware\SERIAL~1\SERIAL~1\ARDUIN~1\Debug\libArduinoCore.a(USBCore.o)
                0x200004fd                _pack_buffer
 .bss._pack_message
                0x200005fd        0x1 C:\Users\brian\DOCUME~1\VISUAL~1\Projects\CRANEC~2\Firmware\SERIAL~1\SERIAL~1\ARDUIN~1\Debug\libArduinoCore.a(USBCore.o)
                0x200005fd                _pack_message
 .bss._pack_size
                0x200005fe        0x2 C:\Users\brian\DOCUME~1\VISUAL~1\Projects\CRANEC~2\Firmware\SERIAL~1\SERIAL~1\ARDUIN~1\Debug\libArduinoCore.a(USBCore.o)
                0x200005fe                _pack_size
 .bss._usbConfiguration
                0x20000600        0x4 C:\Users\brian\DOCUME~1\VISUAL~1\Projects\CRANEC~2\Firmware\SERIAL~1\SERIAL~1\ARDUIN~1\Debug\libArduinoCore.a(USBCore.o)
                0x20000600                _usbConfiguration
 .bss._usbSetInterface
                0x20000604        0x4 C:\Users\brian\DOCUME~1\VISUAL~1\Projects\CRANEC~2\Firmware\SERIAL~1\SERIAL~1\ARDUIN~1\Debug\libArduinoCore.a(USBCore.o)
                0x20000604                _usbSetInterface
 .bss.usbd      0x20000608      0x104 C:\Users\brian\DOCUME~1\VISUAL~1\Projects\CRANEC~2\Firmware\SERIAL~1\SERIAL~1\ARDUIN~1\Debug\libArduinoCore.a(USBCore.o)
                0x20000608                usbd
 .bss.Serial1   0x2000070c       0xc4 C:\Users\brian\DOCUME~1\VISUAL~1\Projects\CRANEC~2\Firmware\SERIAL~1\SERIAL~1\ARDUIN~1\Debug\libArduinoCore.a(variant.o)
                0x2000070c                Serial1
 .bss.Serial5   0x200007d0       0xc4 C:\Users\brian\DOCUME~1\VISUAL~1\Projects\CRANEC~2\Firmware\SERIAL~1\SERIAL~1\ARDUIN~1\Debug\libArduinoCore.a(variant.o)
                0x200007d0                Serial5
 .bss.sercom0   0x20000894        0x4 C:\Users\brian\DOCUME~1\VISUAL~1\Projects\CRANEC~2\Firmware\SERIAL~1\SERIAL~1\ARDUIN~1\Debug\libArduinoCore.a(variant.o)
                0x20000894                sercom0
 .bss.sercom1   0x20000898        0x4 C:\Users\brian\DOCUME~1\VISUAL~1\Projects\CRANEC~2\Firmware\SERIAL~1\SERIAL~1\ARDUIN~1\Debug\libArduinoCore.a(variant.o)
                0x20000898                sercom1
 .bss.sercom2   0x2000089c        0x4 C:\Users\brian\DOCUME~1\VISUAL~1\Projects\CRANEC~2\Firmware\SERIAL~1\SERIAL~1\ARDUIN~1\Debug\libArduinoCore.a(variant.o)
                0x2000089c                sercom2
 .bss.sercom3   0x200008a0        0x4 C:\Users\brian\DOCUME~1\VISUAL~1\Projects\CRANEC~2\Firmware\SERIAL~1\SERIAL~1\ARDUIN~1\Debug\libArduinoCore.a(variant.o)
                0x200008a0                sercom3
 .bss.sercom4   0x200008a4        0x4 C:\Users\brian\DOCUME~1\VISUAL~1\Projects\CRANEC~2\Firmware\SERIAL~1\SERIAL~1\ARDUIN~1\Debug\libArduinoCore.a(variant.o)
                0x200008a4                sercom4
 .bss.sercom5   0x200008a8        0x4 C:\Users\brian\DOCUME~1\VISUAL~1\Projects\CRANEC~2\Firmware\SERIAL~1\SERIAL~1\ARDUIN~1\Debug\libArduinoCore.a(variant.o)
                0x200008a8                sercom5
 .bss._ZGVZ12PluggableUSBvE3obj
                0x200008ac        0x4 C:\Users\brian\DOCUME~1\VISUAL~1\Projects\CRANEC~2\Firmware\SERIAL~1\SERIAL~1\ARDUIN~1\Debug\libArduinoCore.a(PluggableUSB.o)
 .bss._ZZ12PluggableUSBvE3obj
                0x200008b0        0x8 C:\Users\brian\DOCUME~1\VISUAL~1\Projects\CRANEC~2\Firmware\SERIAL~1\SERIAL~1\ARDUIN~1\Debug\libArduinoCore.a(PluggableUSB.o)
 .bss.__malloc_free_list
                0x200008b8        0x4 c:/program files (x86)/atmel/studio/7.0/toolchain/arm/arm-gnu-toolchain/bin/../lib/gcc/arm-none-eabi/6.2.1/../../../../arm-none-eabi/lib/thumb/v6-m\libc_nano.a(lib_a-nano-mallocr.o)
                0x200008b8                __malloc_free_list
 .bss.__malloc_sbrk_start
                0x200008bc        0x4 c:/program files (x86)/atmel/studio/7.0/toolchain/arm/arm-gnu-toolchain/bin/../lib/gcc/arm-none-eabi/6.2.1/../../../../arm-none-eabi/lib/thumb/v6-m\libc_nano.a(lib_a-nano-mallocr.o)
                0x200008bc                __malloc_sbrk_start
 .bss.heap_end.4116
                0x200008c0        0x4 c:/program files (x86)/atmel/studio/7.0/toolchain/arm/arm-gnu-toolchain/bin/../lib/gcc/arm-none-eabi/6.2.1/../../../../arm-none-eabi/lib/thumb/v6-m\libnosys.a(sbrk.o)
 *(COMMON)
 COMMON         0x200008c4        0x4 c:/program files (x86)/atmel/studio/7.0/toolchain/arm/arm-gnu-toolchain/bin/../lib/gcc/arm-none-eabi/6.2.1/../../../../arm-none-eabi/lib/thumb/v6-m\libc_nano.a(lib_a-reent.o)
                0x200008c4                errno
                0x200008c8                . = ALIGN (0x4)
                0x200008c8                __bss_end__ = .

.heap           0x200008c8        0x0
                0x200008c8                __end__ = .
                0x200008c8                PROVIDE (end, .)
 *(.heap*)
                0x200008c8                __HeapLimit = .

.stack_dummy    0x200008c8        0x0
 *(.stack*)
                0x20008000                __StackTop = (ORIGIN (RAM) + LENGTH (RAM))
                0x20008000                __StackLimit = (__StackTop - SIZEOF (.stack_dummy))
                0x20008000                PROVIDE (__stack, __StackTop)
                0x20007fff                __ram_end__ = ((ORIGIN (RAM) + LENGTH (RAM)) - 0x1)
                0x00000001                ASSERT ((__StackLimit >= __HeapLimit), region RAM overflowed with stack)
OUTPUT(SerialReader.elf elf32-littlearm)

.ARM.attributes
                0x00000000       0x28
 .ARM.attributes
                0x00000000       0x1e c:/program files (x86)/atmel/studio/7.0/toolchain/arm/arm-gnu-toolchain/bin/../lib/gcc/arm-none-eabi/6.2.1/thumb/v6-m/crti.o
 .ARM.attributes
                0x0000001e       0x2c c:/program files (x86)/atmel/studio/7.0/toolchain/arm/arm-gnu-toolchain/bin/../lib/gcc/arm-none-eabi/6.2.1/thumb/v6-m/crtbegin.o
 .ARM.attributes
                0x0000004a       0x32 Sketch.o
 .ARM.attributes
                0x0000007c       0x32 C:\Users\brian\DOCUME~1\VISUAL~1\Projects\CRANEC~2\Firmware\SERIAL~1\SERIAL~1\ARDUIN~1\Debug\libArduinoCore.a(cortex_handlers.o)
 .ARM.attributes
                0x000000ae       0x32 C:\Users\brian\DOCUME~1\VISUAL~1\Projects\CRANEC~2\Firmware\SERIAL~1\SERIAL~1\ARDUIN~1\Debug\libArduinoCore.a(delay.o)
 .ARM.attributes
                0x000000e0       0x32 C:\Users\brian\DOCUME~1\VISUAL~1\Projects\CRANEC~2\Firmware\SERIAL~1\SERIAL~1\ARDUIN~1\Debug\libArduinoCore.a(hooks.o)
 .ARM.attributes
                0x00000112       0x32 C:\Users\brian\DOCUME~1\VISUAL~1\Projects\CRANEC~2\Firmware\SERIAL~1\SERIAL~1\ARDUIN~1\Debug\libArduinoCore.a(main.o)
 .ARM.attributes
                0x00000144       0x32 C:\Users\brian\DOCUME~1\VISUAL~1\Projects\CRANEC~2\Firmware\SERIAL~1\SERIAL~1\ARDUIN~1\Debug\libArduinoCore.a(Reset.o)
 .ARM.attributes
                0x00000176       0x32 C:\Users\brian\DOCUME~1\VISUAL~1\Projects\CRANEC~2\Firmware\SERIAL~1\SERIAL~1\ARDUIN~1\Debug\libArduinoCore.a(startup.o)
 .ARM.attributes
                0x000001a8       0x32 C:\Users\brian\DOCUME~1\VISUAL~1\Projects\CRANEC~2\Firmware\SERIAL~1\SERIAL~1\ARDUIN~1\Debug\libArduinoCore.a(CDC.o)
 .ARM.attributes
                0x000001da       0x32 C:\Users\brian\DOCUME~1\VISUAL~1\Projects\CRANEC~2\Firmware\SERIAL~1\SERIAL~1\ARDUIN~1\Debug\libArduinoCore.a(USBCore.o)
 .ARM.attributes
                0x0000020c       0x32 C:\Users\brian\DOCUME~1\VISUAL~1\Projects\CRANEC~2\Firmware\SERIAL~1\SERIAL~1\ARDUIN~1\Debug\libArduinoCore.a(wiring.o)
 .ARM.attributes
                0x0000023e       0x32 C:\Users\brian\DOCUME~1\VISUAL~1\Projects\CRANEC~2\Firmware\SERIAL~1\SERIAL~1\ARDUIN~1\Debug\libArduinoCore.a(wiring_analog.o)
 .ARM.attributes
                0x00000270       0x32 C:\Users\brian\DOCUME~1\VISUAL~1\Projects\CRANEC~2\Firmware\SERIAL~1\SERIAL~1\ARDUIN~1\Debug\libArduinoCore.a(wiring_digital.o)
 .ARM.attributes
                0x000002a2       0x32 C:\Users\brian\DOCUME~1\VISUAL~1\Projects\CRANEC~2\Firmware\SERIAL~1\SERIAL~1\ARDUIN~1\Debug\libArduinoCore.a(wiring_private.o)
 .ARM.attributes
                0x000002d4       0x32 C:\Users\brian\DOCUME~1\VISUAL~1\Projects\CRANEC~2\Firmware\SERIAL~1\SERIAL~1\ARDUIN~1\Debug\libArduinoCore.a(wiring_shift.o)
 .ARM.attributes
                0x00000306       0x32 C:\Users\brian\DOCUME~1\VISUAL~1\Projects\CRANEC~2\Firmware\SERIAL~1\SERIAL~1\ARDUIN~1\Debug\libArduinoCore.a(variant.o)
 .ARM.attributes
                0x00000338       0x32 C:\Users\brian\DOCUME~1\VISUAL~1\Projects\CRANEC~2\Firmware\SERIAL~1\SERIAL~1\ARDUIN~1\Debug\libArduinoCore.a(new.o)
 .ARM.attributes
                0x0000036a       0x32 C:\Users\brian\DOCUME~1\VISUAL~1\Projects\CRANEC~2\Firmware\SERIAL~1\SERIAL~1\ARDUIN~1\Debug\libArduinoCore.a(SERCOM.o)
 .ARM.attributes
                0x0000039c       0x32 C:\Users\brian\DOCUME~1\VISUAL~1\Projects\CRANEC~2\Firmware\SERIAL~1\SERIAL~1\ARDUIN~1\Debug\libArduinoCore.a(Uart.o)
 .ARM.attributes
                0x000003ce       0x32 C:\Users\brian\DOCUME~1\VISUAL~1\Projects\CRANEC~2\Firmware\SERIAL~1\SERIAL~1\ARDUIN~1\Debug\libArduinoCore.a(PluggableUSB.o)
 .ARM.attributes
                0x00000400       0x32 C:\Users\brian\DOCUME~1\VISUAL~1\Projects\CRANEC~2\Firmware\SERIAL~1\SERIAL~1\ARDUIN~1\Debug\libArduinoCore.a(Print.o)
 .ARM.attributes
                0x00000432       0x32 C:\Users\brian\DOCUME~1\VISUAL~1\Projects\CRANEC~2\Firmware\SERIAL~1\SERIAL~1\ARDUIN~1\Debug\libArduinoCore.a(RingBuffer.o)
 .ARM.attributes
                0x00000464       0x1e c:/program files (x86)/atmel/studio/7.0/toolchain/arm/arm-gnu-toolchain/bin/../lib/gcc/arm-none-eabi/6.2.1/thumb/v6-m\libgcc.a(_thumb1_case_uqi.o)
 .ARM.attributes
                0x00000482       0x1e c:/program files (x86)/atmel/studio/7.0/toolchain/arm/arm-gnu-toolchain/bin/../lib/gcc/arm-none-eabi/6.2.1/thumb/v6-m\libgcc.a(_udivsi3.o)
 .ARM.attributes
                0x000004a0       0x1e c:/program files (x86)/atmel/studio/7.0/toolchain/arm/arm-gnu-toolchain/bin/../lib/gcc/arm-none-eabi/6.2.1/thumb/v6-m\libgcc.a(_dvmd_tls.o)
 .ARM.attributes
                0x000004be       0x2c c:/program files (x86)/atmel/studio/7.0/toolchain/arm/arm-gnu-toolchain/bin/../lib/gcc/arm-none-eabi/6.2.1/../../../../arm-none-eabi/lib/thumb/v6-m\libc_nano.a(lib_a-impure.o)
 .ARM.attributes
                0x000004ea       0x2c c:/program files (x86)/atmel/studio/7.0/toolchain/arm/arm-gnu-toolchain/bin/../lib/gcc/arm-none-eabi/6.2.1/../../../../arm-none-eabi/lib/thumb/v6-m\libc_nano.a(lib_a-init.o)
 .ARM.attributes
                0x00000516       0x2c c:/program files (x86)/atmel/studio/7.0/toolchain/arm/arm-gnu-toolchain/bin/../lib/gcc/arm-none-eabi/6.2.1/../../../../arm-none-eabi/lib/thumb/v6-m\libc_nano.a(lib_a-malloc.o)
 .ARM.attributes
                0x00000542       0x2c c:/program files (x86)/atmel/studio/7.0/toolchain/arm/arm-gnu-toolchain/bin/../lib/gcc/arm-none-eabi/6.2.1/../../../../arm-none-eabi/lib/thumb/v6-m\libc_nano.a(lib_a-memcpy-stub.o)
 .ARM.attributes
                0x0000056e       0x2c c:/program files (x86)/atmel/studio/7.0/toolchain/arm/arm-gnu-toolchain/bin/../lib/gcc/arm-none-eabi/6.2.1/../../../../arm-none-eabi/lib/thumb/v6-m\libc_nano.a(lib_a-memset.o)
 .ARM.attributes
                0x0000059a       0x2c c:/program files (x86)/atmel/studio/7.0/toolchain/arm/arm-gnu-toolchain/bin/../lib/gcc/arm-none-eabi/6.2.1/../../../../arm-none-eabi/lib/thumb/v6-m\libc_nano.a(lib_a-nano-mallocr.o)
 .ARM.attributes
                0x000005c6       0x2c c:/program files (x86)/atmel/studio/7.0/toolchain/arm/arm-gnu-toolchain/bin/../lib/gcc/arm-none-eabi/6.2.1/../../../../arm-none-eabi/lib/thumb/v6-m\libc_nano.a(lib_a-sbrkr.o)
 .ARM.attributes
                0x000005f2       0x1c c:/program files (x86)/atmel/studio/7.0/toolchain/arm/arm-gnu-toolchain/bin/../lib/gcc/arm-none-eabi/6.2.1/../../../../arm-none-eabi/lib/thumb/v6-m\libc_nano.a(lib_a-strlen.o)
 .ARM.attributes
                0x0000060e       0x2c c:/program files (x86)/atmel/studio/7.0/toolchain/arm/arm-gnu-toolchain/bin/../lib/gcc/arm-none-eabi/6.2.1/../../../../arm-none-eabi/lib/thumb/v6-m\libc_nano.a(lib_a-mlock.o)
 .ARM.attributes
                0x0000063a       0x2c c:/program files (x86)/atmel/studio/7.0/toolchain/arm/arm-gnu-toolchain/bin/../lib/gcc/arm-none-eabi/6.2.1/../../../../arm-none-eabi/lib/thumb/v6-m\libc_nano.a(lib_a-reent.o)
 .ARM.attributes
                0x00000666       0x2c c:/program files (x86)/atmel/studio/7.0/toolchain/arm/arm-gnu-toolchain/bin/../lib/gcc/arm-none-eabi/6.2.1/../../../../arm-none-eabi/lib/thumb/v6-m\libnosys.a(sbrk.o)
 .ARM.attributes
                0x00000692       0x2c c:/program files (x86)/atmel/studio/7.0/toolchain/arm/arm-gnu-toolchain/bin/../lib/gcc/arm-none-eabi/6.2.1/thumb/v6-m/crtend.o
 .ARM.attributes
                0x000006be       0x1e c:/program files (x86)/atmel/studio/7.0/toolchain/arm/arm-gnu-toolchain/bin/../lib/gcc/arm-none-eabi/6.2.1/thumb/v6-m/crtn.o

.comment        0x00000000       0x59
 .comment       0x00000000       0x59 Sketch.o
                                 0x5a (size before relaxing)
 .comment       0x00000059       0x5a C:\Users\brian\DOCUME~1\VISUAL~1\Projects\CRANEC~2\Firmware\SERIAL~1\SERIAL~1\ARDUIN~1\Debug\libArduinoCore.a(cortex_handlers.o)
 .comment       0x00000059       0x5a C:\Users\brian\DOCUME~1\VISUAL~1\Projects\CRANEC~2\Firmware\SERIAL~1\SERIAL~1\ARDUIN~1\Debug\libArduinoCore.a(delay.o)
 .comment       0x00000059       0x5a C:\Users\brian\DOCUME~1\VISUAL~1\Projects\CRANEC~2\Firmware\SERIAL~1\SERIAL~1\ARDUIN~1\Debug\libArduinoCore.a(hooks.o)
 .comment       0x00000059       0x5a C:\Users\brian\DOCUME~1\VISUAL~1\Projects\CRANEC~2\Firmware\SERIAL~1\SERIAL~1\ARDUIN~1\Debug\libArduinoCore.a(main.o)
 .comment       0x00000059       0x5a C:\Users\brian\DOCUME~1\VISUAL~1\Projects\CRANEC~2\Firmware\SERIAL~1\SERIAL~1\ARDUIN~1\Debug\libArduinoCore.a(Reset.o)
 .comment       0x00000059       0x5a C:\Users\brian\DOCUME~1\VISUAL~1\Projects\CRANEC~2\Firmware\SERIAL~1\SERIAL~1\ARDUIN~1\Debug\libArduinoCore.a(startup.o)
 .comment       0x00000059       0x5a C:\Users\brian\DOCUME~1\VISUAL~1\Projects\CRANEC~2\Firmware\SERIAL~1\SERIAL~1\ARDUIN~1\Debug\libArduinoCore.a(CDC.o)
 .comment       0x00000059       0x5a C:\Users\brian\DOCUME~1\VISUAL~1\Projects\CRANEC~2\Firmware\SERIAL~1\SERIAL~1\ARDUIN~1\Debug\libArduinoCore.a(USBCore.o)
 .comment       0x00000059       0x5a C:\Users\brian\DOCUME~1\VISUAL~1\Projects\CRANEC~2\Firmware\SERIAL~1\SERIAL~1\ARDUIN~1\Debug\libArduinoCore.a(wiring.o)
 .comment       0x00000059       0x5a C:\Users\brian\DOCUME~1\VISUAL~1\Projects\CRANEC~2\Firmware\SERIAL~1\SERIAL~1\ARDUIN~1\Debug\libArduinoCore.a(wiring_analog.o)
 .comment       0x00000059       0x5a C:\Users\brian\DOCUME~1\VISUAL~1\Projects\CRANEC~2\Firmware\SERIAL~1\SERIAL~1\ARDUIN~1\Debug\libArduinoCore.a(wiring_digital.o)
 .comment       0x00000059       0x5a C:\Users\brian\DOCUME~1\VISUAL~1\Projects\CRANEC~2\Firmware\SERIAL~1\SERIAL~1\ARDUIN~1\Debug\libArduinoCore.a(wiring_private.o)
 .comment       0x00000059       0x5a C:\Users\brian\DOCUME~1\VISUAL~1\Projects\CRANEC~2\Firmware\SERIAL~1\SERIAL~1\ARDUIN~1\Debug\libArduinoCore.a(wiring_shift.o)
 .comment       0x00000059       0x5a C:\Users\brian\DOCUME~1\VISUAL~1\Projects\CRANEC~2\Firmware\SERIAL~1\SERIAL~1\ARDUIN~1\Debug\libArduinoCore.a(variant.o)
 .comment       0x00000059       0x5a C:\Users\brian\DOCUME~1\VISUAL~1\Projects\CRANEC~2\Firmware\SERIAL~1\SERIAL~1\ARDUIN~1\Debug\libArduinoCore.a(new.o)
 .comment       0x00000059       0x5a C:\Users\brian\DOCUME~1\VISUAL~1\Projects\CRANEC~2\Firmware\SERIAL~1\SERIAL~1\ARDUIN~1\Debug\libArduinoCore.a(SERCOM.o)
 .comment       0x00000059       0x5a C:\Users\brian\DOCUME~1\VISUAL~1\Projects\CRANEC~2\Firmware\SERIAL~1\SERIAL~1\ARDUIN~1\Debug\libArduinoCore.a(Uart.o)
 .comment       0x00000059       0x5a C:\Users\brian\DOCUME~1\VISUAL~1\Projects\CRANEC~2\Firmware\SERIAL~1\SERIAL~1\ARDUIN~1\Debug\libArduinoCore.a(PluggableUSB.o)
 .comment       0x00000059       0x5a C:\Users\brian\DOCUME~1\VISUAL~1\Projects\CRANEC~2\Firmware\SERIAL~1\SERIAL~1\ARDUIN~1\Debug\libArduinoCore.a(Print.o)
 .comment       0x00000059       0x5a C:\Users\brian\DOCUME~1\VISUAL~1\Projects\CRANEC~2\Firmware\SERIAL~1\SERIAL~1\ARDUIN~1\Debug\libArduinoCore.a(RingBuffer.o)

.debug_info     0x00000000    0x506b6
 .debug_info    0x00000000     0x4a84 Sketch.o
 .debug_info    0x00004a84     0x126e C:\Users\brian\DOCUME~1\VISUAL~1\Projects\CRANEC~2\Firmware\SERIAL~1\SERIAL~1\ARDUIN~1\Debug\libArduinoCore.a(cortex_handlers.o)
 .debug_info    0x00005cf2     0x14b5 C:\Users\brian\DOCUME~1\VISUAL~1\Projects\CRANEC~2\Firmware\SERIAL~1\SERIAL~1\ARDUIN~1\Debug\libArduinoCore.a(delay.o)
 .debug_info    0x000071a7       0x72 C:\Users\brian\DOCUME~1\VISUAL~1\Projects\CRANEC~2\Firmware\SERIAL~1\SERIAL~1\ARDUIN~1\Debug\libArduinoCore.a(hooks.o)
 .debug_info    0x00007219     0x47b3 C:\Users\brian\DOCUME~1\VISUAL~1\Projects\CRANEC~2\Firmware\SERIAL~1\SERIAL~1\ARDUIN~1\Debug\libArduinoCore.a(main.o)
 .debug_info    0x0000b9cc     0x4d94 C:\Users\brian\DOCUME~1\VISUAL~1\Projects\CRANEC~2\Firmware\SERIAL~1\SERIAL~1\ARDUIN~1\Debug\libArduinoCore.a(Reset.o)
 .debug_info    0x00010760     0x387c C:\Users\brian\DOCUME~1\VISUAL~1\Projects\CRANEC~2\Firmware\SERIAL~1\SERIAL~1\ARDUIN~1\Debug\libArduinoCore.a(startup.o)
 .debug_info    0x00013fdc     0x6efe C:\Users\brian\DOCUME~1\VISUAL~1\Projects\CRANEC~2\Firmware\SERIAL~1\SERIAL~1\ARDUIN~1\Debug\libArduinoCore.a(CDC.o)
 .debug_info    0x0001aeda     0xc410 C:\Users\brian\DOCUME~1\VISUAL~1\Projects\CRANEC~2\Firmware\SERIAL~1\SERIAL~1\ARDUIN~1\Debug\libArduinoCore.a(USBCore.o)
 .debug_info    0x000272ea     0x3041 C:\Users\brian\DOCUME~1\VISUAL~1\Projects\CRANEC~2\Firmware\SERIAL~1\SERIAL~1\ARDUIN~1\Debug\libArduinoCore.a(wiring.o)
 .debug_info    0x0002a32b     0x54b3 C:\Users\brian\DOCUME~1\VISUAL~1\Projects\CRANEC~2\Firmware\SERIAL~1\SERIAL~1\ARDUIN~1\Debug\libArduinoCore.a(wiring_analog.o)
 .debug_info    0x0002f7de     0x1962 C:\Users\brian\DOCUME~1\VISUAL~1\Projects\CRANEC~2\Firmware\SERIAL~1\SERIAL~1\ARDUIN~1\Debug\libArduinoCore.a(wiring_digital.o)
 .debug_info    0x00031140     0x1945 C:\Users\brian\DOCUME~1\VISUAL~1\Projects\CRANEC~2\Firmware\SERIAL~1\SERIAL~1\ARDUIN~1\Debug\libArduinoCore.a(wiring_private.o)
 .debug_info    0x00032a85      0xf32 C:\Users\brian\DOCUME~1\VISUAL~1\Projects\CRANEC~2\Firmware\SERIAL~1\SERIAL~1\ARDUIN~1\Debug\libArduinoCore.a(wiring_shift.o)
 .debug_info    0x000339b7     0x6a8d C:\Users\brian\DOCUME~1\VISUAL~1\Projects\CRANEC~2\Firmware\SERIAL~1\SERIAL~1\ARDUIN~1\Debug\libArduinoCore.a(variant.o)
 .debug_info    0x0003a444     0x1071 C:\Users\brian\DOCUME~1\VISUAL~1\Projects\CRANEC~2\Firmware\SERIAL~1\SERIAL~1\ARDUIN~1\Debug\libArduinoCore.a(new.o)
 .debug_info    0x0003b4b5     0x5209 C:\Users\brian\DOCUME~1\VISUAL~1\Projects\CRANEC~2\Firmware\SERIAL~1\SERIAL~1\ARDUIN~1\Debug\libArduinoCore.a(SERCOM.o)
 .debug_info    0x000406be     0x6795 C:\Users\brian\DOCUME~1\VISUAL~1\Projects\CRANEC~2\Firmware\SERIAL~1\SERIAL~1\ARDUIN~1\Debug\libArduinoCore.a(Uart.o)
 .debug_info    0x00046e53     0x1bd4 C:\Users\brian\DOCUME~1\VISUAL~1\Projects\CRANEC~2\Firmware\SERIAL~1\SERIAL~1\ARDUIN~1\Debug\libArduinoCore.a(PluggableUSB.o)
 .debug_info    0x00048a27     0x6ef1 C:\Users\brian\DOCUME~1\VISUAL~1\Projects\CRANEC~2\Firmware\SERIAL~1\SERIAL~1\ARDUIN~1\Debug\libArduinoCore.a(Print.o)
 .debug_info    0x0004f918      0xd9e C:\Users\brian\DOCUME~1\VISUAL~1\Projects\CRANEC~2\Firmware\SERIAL~1\SERIAL~1\ARDUIN~1\Debug\libArduinoCore.a(RingBuffer.o)

.debug_abbrev   0x00000000     0x5f9e
 .debug_abbrev  0x00000000      0x512 Sketch.o
 .debug_abbrev  0x00000512      0x298 C:\Users\brian\DOCUME~1\VISUAL~1\Projects\CRANEC~2\Firmware\SERIAL~1\SERIAL~1\ARDUIN~1\Debug\libArduinoCore.a(cortex_handlers.o)
 .debug_abbrev  0x000007aa      0x2bc C:\Users\brian\DOCUME~1\VISUAL~1\Projects\CRANEC~2\Firmware\SERIAL~1\SERIAL~1\ARDUIN~1\Debug\libArduinoCore.a(delay.o)
 .debug_abbrev  0x00000a66       0x4e C:\Users\brian\DOCUME~1\VISUAL~1\Projects\CRANEC~2\Firmware\SERIAL~1\SERIAL~1\ARDUIN~1\Debug\libArduinoCore.a(hooks.o)
 .debug_abbrev  0x00000ab4      0x4c2 C:\Users\brian\DOCUME~1\VISUAL~1\Projects\CRANEC~2\Firmware\SERIAL~1\SERIAL~1\ARDUIN~1\Debug\libArduinoCore.a(main.o)
 .debug_abbrev  0x00000f76      0x56e C:\Users\brian\DOCUME~1\VISUAL~1\Projects\CRANEC~2\Firmware\SERIAL~1\SERIAL~1\ARDUIN~1\Debug\libArduinoCore.a(Reset.o)
 .debug_abbrev  0x000014e4      0x28f C:\Users\brian\DOCUME~1\VISUAL~1\Projects\CRANEC~2\Firmware\SERIAL~1\SERIAL~1\ARDUIN~1\Debug\libArduinoCore.a(startup.o)
 .debug_abbrev  0x00001773      0x86a C:\Users\brian\DOCUME~1\VISUAL~1\Projects\CRANEC~2\Firmware\SERIAL~1\SERIAL~1\ARDUIN~1\Debug\libArduinoCore.a(CDC.o)
 .debug_abbrev  0x00001fdd      0xb44 C:\Users\brian\DOCUME~1\VISUAL~1\Projects\CRANEC~2\Firmware\SERIAL~1\SERIAL~1\ARDUIN~1\Debug\libArduinoCore.a(USBCore.o)
 .debug_abbrev  0x00002b21      0x35c C:\Users\brian\DOCUME~1\VISUAL~1\Projects\CRANEC~2\Firmware\SERIAL~1\SERIAL~1\ARDUIN~1\Debug\libArduinoCore.a(wiring.o)
 .debug_abbrev  0x00002e7d      0x45f C:\Users\brian\DOCUME~1\VISUAL~1\Projects\CRANEC~2\Firmware\SERIAL~1\SERIAL~1\ARDUIN~1\Debug\libArduinoCore.a(wiring_analog.o)
 .debug_abbrev  0x000032dc      0x2fd C:\Users\brian\DOCUME~1\VISUAL~1\Projects\CRANEC~2\Firmware\SERIAL~1\SERIAL~1\ARDUIN~1\Debug\libArduinoCore.a(wiring_digital.o)
 .debug_abbrev  0x000035d9      0x2ea C:\Users\brian\DOCUME~1\VISUAL~1\Projects\CRANEC~2\Firmware\SERIAL~1\SERIAL~1\ARDUIN~1\Debug\libArduinoCore.a(wiring_private.o)
 .debug_abbrev  0x000038c3      0x25f C:\Users\brian\DOCUME~1\VISUAL~1\Projects\CRANEC~2\Firmware\SERIAL~1\SERIAL~1\ARDUIN~1\Debug\libArduinoCore.a(wiring_shift.o)
 .debug_abbrev  0x00003b22      0x4f2 C:\Users\brian\DOCUME~1\VISUAL~1\Projects\CRANEC~2\Firmware\SERIAL~1\SERIAL~1\ARDUIN~1\Debug\libArduinoCore.a(variant.o)
 .debug_abbrev  0x00004014      0x2e5 C:\Users\brian\DOCUME~1\VISUAL~1\Projects\CRANEC~2\Firmware\SERIAL~1\SERIAL~1\ARDUIN~1\Debug\libArduinoCore.a(new.o)
 .debug_abbrev  0x000042f9      0x6c5 C:\Users\brian\DOCUME~1\VISUAL~1\Projects\CRANEC~2\Firmware\SERIAL~1\SERIAL~1\ARDUIN~1\Debug\libArduinoCore.a(SERCOM.o)
 .debug_abbrev  0x000049be      0x6af C:\Users\brian\DOCUME~1\VISUAL~1\Projects\CRANEC~2\Firmware\SERIAL~1\SERIAL~1\ARDUIN~1\Debug\libArduinoCore.a(Uart.o)
 .debug_abbrev  0x0000506d      0x4d7 C:\Users\brian\DOCUME~1\VISUAL~1\Projects\CRANEC~2\Firmware\SERIAL~1\SERIAL~1\ARDUIN~1\Debug\libArduinoCore.a(PluggableUSB.o)
 .debug_abbrev  0x00005544      0x74f C:\Users\brian\DOCUME~1\VISUAL~1\Projects\CRANEC~2\Firmware\SERIAL~1\SERIAL~1\ARDUIN~1\Debug\libArduinoCore.a(Print.o)
 .debug_abbrev  0x00005c93      0x30b C:\Users\brian\DOCUME~1\VISUAL~1\Projects\CRANEC~2\Firmware\SERIAL~1\SERIAL~1\ARDUIN~1\Debug\libArduinoCore.a(RingBuffer.o)

.debug_loc      0x00000000     0x71b2
 .debug_loc     0x00000000      0x12d Sketch.o
 .debug_loc     0x0000012d       0x9c C:\Users\brian\DOCUME~1\VISUAL~1\Projects\CRANEC~2\Firmware\SERIAL~1\SERIAL~1\ARDUIN~1\Debug\libArduinoCore.a(cortex_handlers.o)
 .debug_loc     0x000001c9      0x169 C:\Users\brian\DOCUME~1\VISUAL~1\Projects\CRANEC~2\Firmware\SERIAL~1\SERIAL~1\ARDUIN~1\Debug\libArduinoCore.a(delay.o)
 .debug_loc     0x00000332       0x20 C:\Users\brian\DOCUME~1\VISUAL~1\Projects\CRANEC~2\Firmware\SERIAL~1\SERIAL~1\ARDUIN~1\Debug\libArduinoCore.a(main.o)
 .debug_loc     0x00000352       0x20 C:\Users\brian\DOCUME~1\VISUAL~1\Projects\CRANEC~2\Firmware\SERIAL~1\SERIAL~1\ARDUIN~1\Debug\libArduinoCore.a(Reset.o)
 .debug_loc     0x00000372       0x4e C:\Users\brian\DOCUME~1\VISUAL~1\Projects\CRANEC~2\Firmware\SERIAL~1\SERIAL~1\ARDUIN~1\Debug\libArduinoCore.a(startup.o)
 .debug_loc     0x000003c0      0x6ce C:\Users\brian\DOCUME~1\VISUAL~1\Projects\CRANEC~2\Firmware\SERIAL~1\SERIAL~1\ARDUIN~1\Debug\libArduinoCore.a(CDC.o)
 .debug_loc     0x00000a8e     0x2abb C:\Users\brian\DOCUME~1\VISUAL~1\Projects\CRANEC~2\Firmware\SERIAL~1\SERIAL~1\ARDUIN~1\Debug\libArduinoCore.a(USBCore.o)
 .debug_loc     0x00003549       0xcb C:\Users\brian\DOCUME~1\VISUAL~1\Projects\CRANEC~2\Firmware\SERIAL~1\SERIAL~1\ARDUIN~1\Debug\libArduinoCore.a(wiring.o)
 .debug_loc     0x00003614      0x5c9 C:\Users\brian\DOCUME~1\VISUAL~1\Projects\CRANEC~2\Firmware\SERIAL~1\SERIAL~1\ARDUIN~1\Debug\libArduinoCore.a(wiring_analog.o)
 .debug_loc     0x00003bdd      0x18c C:\Users\brian\DOCUME~1\VISUAL~1\Projects\CRANEC~2\Firmware\SERIAL~1\SERIAL~1\ARDUIN~1\Debug\libArduinoCore.a(wiring_digital.o)
 .debug_loc     0x00003d69      0x14e C:\Users\brian\DOCUME~1\VISUAL~1\Projects\CRANEC~2\Firmware\SERIAL~1\SERIAL~1\ARDUIN~1\Debug\libArduinoCore.a(wiring_private.o)
 .debug_loc     0x00003eb7      0x25c C:\Users\brian\DOCUME~1\VISUAL~1\Projects\CRANEC~2\Firmware\SERIAL~1\SERIAL~1\ARDUIN~1\Debug\libArduinoCore.a(wiring_shift.o)
 .debug_loc     0x00004113       0x8a C:\Users\brian\DOCUME~1\VISUAL~1\Projects\CRANEC~2\Firmware\SERIAL~1\SERIAL~1\ARDUIN~1\Debug\libArduinoCore.a(variant.o)
 .debug_loc     0x0000419d       0x82 C:\Users\brian\DOCUME~1\VISUAL~1\Projects\CRANEC~2\Firmware\SERIAL~1\SERIAL~1\ARDUIN~1\Debug\libArduinoCore.a(new.o)
 .debug_loc     0x0000421f      0xd02 C:\Users\brian\DOCUME~1\VISUAL~1\Projects\CRANEC~2\Firmware\SERIAL~1\SERIAL~1\ARDUIN~1\Debug\libArduinoCore.a(SERCOM.o)
 .debug_loc     0x00004f21      0x592 C:\Users\brian\DOCUME~1\VISUAL~1\Projects\CRANEC~2\Firmware\SERIAL~1\SERIAL~1\ARDUIN~1\Debug\libArduinoCore.a(Uart.o)
 .debug_loc     0x000054b3      0x300 C:\Users\brian\DOCUME~1\VISUAL~1\Projects\CRANEC~2\Firmware\SERIAL~1\SERIAL~1\ARDUIN~1\Debug\libArduinoCore.a(PluggableUSB.o)
 .debug_loc     0x000057b3     0x1705 C:\Users\brian\DOCUME~1\VISUAL~1\Projects\CRANEC~2\Firmware\SERIAL~1\SERIAL~1\ARDUIN~1\Debug\libArduinoCore.a(Print.o)
 .debug_loc     0x00006eb8      0x2fa C:\Users\brian\DOCUME~1\VISUAL~1\Projects\CRANEC~2\Firmware\SERIAL~1\SERIAL~1\ARDUIN~1\Debug\libArduinoCore.a(RingBuffer.o)

.debug_aranges  0x00000000      0x8b0
 .debug_aranges
                0x00000000       0x30 Sketch.o
 .debug_aranges
                0x00000030       0x40 C:\Users\brian\DOCUME~1\VISUAL~1\Projects\CRANEC~2\Firmware\SERIAL~1\SERIAL~1\ARDUIN~1\Debug\libArduinoCore.a(cortex_handlers.o)
 .debug_aranges
                0x00000070       0x38 C:\Users\brian\DOCUME~1\VISUAL~1\Projects\CRANEC~2\Firmware\SERIAL~1\SERIAL~1\ARDUIN~1\Debug\libArduinoCore.a(delay.o)
 .debug_aranges
                0x000000a8       0x30 C:\Users\brian\DOCUME~1\VISUAL~1\Projects\CRANEC~2\Firmware\SERIAL~1\SERIAL~1\ARDUIN~1\Debug\libArduinoCore.a(hooks.o)
 .debug_aranges
                0x000000d8       0x28 C:\Users\brian\DOCUME~1\VISUAL~1\Projects\CRANEC~2\Firmware\SERIAL~1\SERIAL~1\ARDUIN~1\Debug\libArduinoCore.a(main.o)
 .debug_aranges
                0x00000100       0x30 C:\Users\brian\DOCUME~1\VISUAL~1\Projects\CRANEC~2\Firmware\SERIAL~1\SERIAL~1\ARDUIN~1\Debug\libArduinoCore.a(Reset.o)
 .debug_aranges
                0x00000130       0x20 C:\Users\brian\DOCUME~1\VISUAL~1\Projects\CRANEC~2\Firmware\SERIAL~1\SERIAL~1\ARDUIN~1\Debug\libArduinoCore.a(startup.o)
 .debug_aranges
                0x00000150       0xd8 C:\Users\brian\DOCUME~1\VISUAL~1\Projects\CRANEC~2\Firmware\SERIAL~1\SERIAL~1\ARDUIN~1\Debug\libArduinoCore.a(CDC.o)
 .debug_aranges
                0x00000228      0x160 C:\Users\brian\DOCUME~1\VISUAL~1\Projects\CRANEC~2\Firmware\SERIAL~1\SERIAL~1\ARDUIN~1\Debug\libArduinoCore.a(USBCore.o)
 .debug_aranges
                0x00000388       0x20 C:\Users\brian\DOCUME~1\VISUAL~1\Projects\CRANEC~2\Firmware\SERIAL~1\SERIAL~1\ARDUIN~1\Debug\libArduinoCore.a(wiring.o)
 .debug_aranges
                0x000003a8       0x48 C:\Users\brian\DOCUME~1\VISUAL~1\Projects\CRANEC~2\Firmware\SERIAL~1\SERIAL~1\ARDUIN~1\Debug\libArduinoCore.a(wiring_analog.o)
 .debug_aranges
                0x000003f0       0x30 C:\Users\brian\DOCUME~1\VISUAL~1\Projects\CRANEC~2\Firmware\SERIAL~1\SERIAL~1\ARDUIN~1\Debug\libArduinoCore.a(wiring_digital.o)
 .debug_aranges
                0x00000420       0x20 C:\Users\brian\DOCUME~1\VISUAL~1\Projects\CRANEC~2\Firmware\SERIAL~1\SERIAL~1\ARDUIN~1\Debug\libArduinoCore.a(wiring_private.o)
 .debug_aranges
                0x00000440       0x28 C:\Users\brian\DOCUME~1\VISUAL~1\Projects\CRANEC~2\Firmware\SERIAL~1\SERIAL~1\ARDUIN~1\Debug\libArduinoCore.a(wiring_shift.o)
 .debug_aranges
                0x00000468       0x30 C:\Users\brian\DOCUME~1\VISUAL~1\Projects\CRANEC~2\Firmware\SERIAL~1\SERIAL~1\ARDUIN~1\Debug\libArduinoCore.a(variant.o)
 .debug_aranges
                0x00000498       0x28 C:\Users\brian\DOCUME~1\VISUAL~1\Projects\CRANEC~2\Firmware\SERIAL~1\SERIAL~1\ARDUIN~1\Debug\libArduinoCore.a(new.o)
 .debug_aranges
                0x000004c0      0x1c8 C:\Users\brian\DOCUME~1\VISUAL~1\Projects\CRANEC~2\Firmware\SERIAL~1\SERIAL~1\ARDUIN~1\Debug\libArduinoCore.a(SERCOM.o)
 .debug_aranges
                0x00000688       0x90 C:\Users\brian\DOCUME~1\VISUAL~1\Projects\CRANEC~2\Firmware\SERIAL~1\SERIAL~1\ARDUIN~1\Debug\libArduinoCore.a(Uart.o)
 .debug_aranges
                0x00000718       0x50 C:\Users\brian\DOCUME~1\VISUAL~1\Projects\CRANEC~2\Firmware\SERIAL~1\SERIAL~1\ARDUIN~1\Debug\libArduinoCore.a(PluggableUSB.o)
 .debug_aranges
                0x00000768       0xf0 C:\Users\brian\DOCUME~1\VISUAL~1\Projects\CRANEC~2\Firmware\SERIAL~1\SERIAL~1\ARDUIN~1\Debug\libArduinoCore.a(Print.o)
 .debug_aranges
                0x00000858       0x58 C:\Users\brian\DOCUME~1\VISUAL~1\Projects\CRANEC~2\Firmware\SERIAL~1\SERIAL~1\ARDUIN~1\Debug\libArduinoCore.a(RingBuffer.o)

.debug_ranges   0x00000000     0x1038
 .debug_ranges  0x00000000       0x50 Sketch.o
 .debug_ranges  0x00000050       0x30 C:\Users\brian\DOCUME~1\VISUAL~1\Projects\CRANEC~2\Firmware\SERIAL~1\SERIAL~1\ARDUIN~1\Debug\libArduinoCore.a(cortex_handlers.o)
 .debug_ranges  0x00000080       0x28 C:\Users\brian\DOCUME~1\VISUAL~1\Projects\CRANEC~2\Firmware\SERIAL~1\SERIAL~1\ARDUIN~1\Debug\libArduinoCore.a(delay.o)
 .debug_ranges  0x000000a8       0x20 C:\Users\brian\DOCUME~1\VISUAL~1\Projects\CRANEC~2\Firmware\SERIAL~1\SERIAL~1\ARDUIN~1\Debug\libArduinoCore.a(hooks.o)
 .debug_ranges  0x000000c8       0x18 C:\Users\brian\DOCUME~1\VISUAL~1\Projects\CRANEC~2\Firmware\SERIAL~1\SERIAL~1\ARDUIN~1\Debug\libArduinoCore.a(main.o)
 .debug_ranges  0x000000e0       0x38 C:\Users\brian\DOCUME~1\VISUAL~1\Projects\CRANEC~2\Firmware\SERIAL~1\SERIAL~1\ARDUIN~1\Debug\libArduinoCore.a(Reset.o)
 .debug_ranges  0x00000118       0x10 C:\Users\brian\DOCUME~1\VISUAL~1\Projects\CRANEC~2\Firmware\SERIAL~1\SERIAL~1\ARDUIN~1\Debug\libArduinoCore.a(startup.o)
 .debug_ranges  0x00000128       0xf8 C:\Users\brian\DOCUME~1\VISUAL~1\Projects\CRANEC~2\Firmware\SERIAL~1\SERIAL~1\ARDUIN~1\Debug\libArduinoCore.a(CDC.o)
 .debug_ranges  0x00000220      0x7b8 C:\Users\brian\DOCUME~1\VISUAL~1\Projects\CRANEC~2\Firmware\SERIAL~1\SERIAL~1\ARDUIN~1\Debug\libArduinoCore.a(USBCore.o)
 .debug_ranges  0x000009d8       0x28 C:\Users\brian\DOCUME~1\VISUAL~1\Projects\CRANEC~2\Firmware\SERIAL~1\SERIAL~1\ARDUIN~1\Debug\libArduinoCore.a(wiring.o)
 .debug_ranges  0x00000a00       0x98 C:\Users\brian\DOCUME~1\VISUAL~1\Projects\CRANEC~2\Firmware\SERIAL~1\SERIAL~1\ARDUIN~1\Debug\libArduinoCore.a(wiring_analog.o)
 .debug_ranges  0x00000a98       0x20 C:\Users\brian\DOCUME~1\VISUAL~1\Projects\CRANEC~2\Firmware\SERIAL~1\SERIAL~1\ARDUIN~1\Debug\libArduinoCore.a(wiring_digital.o)
 .debug_ranges  0x00000ab8       0x30 C:\Users\brian\DOCUME~1\VISUAL~1\Projects\CRANEC~2\Firmware\SERIAL~1\SERIAL~1\ARDUIN~1\Debug\libArduinoCore.a(wiring_private.o)
 .debug_ranges  0x00000ae8       0x18 C:\Users\brian\DOCUME~1\VISUAL~1\Projects\CRANEC~2\Firmware\SERIAL~1\SERIAL~1\ARDUIN~1\Debug\libArduinoCore.a(wiring_shift.o)
 .debug_ranges  0x00000b00       0x20 C:\Users\brian\DOCUME~1\VISUAL~1\Projects\CRANEC~2\Firmware\SERIAL~1\SERIAL~1\ARDUIN~1\Debug\libArduinoCore.a(variant.o)
 .debug_ranges  0x00000b20       0x18 C:\Users\brian\DOCUME~1\VISUAL~1\Projects\CRANEC~2\Firmware\SERIAL~1\SERIAL~1\ARDUIN~1\Debug\libArduinoCore.a(new.o)
 .debug_ranges  0x00000b38      0x258 C:\Users\brian\DOCUME~1\VISUAL~1\Projects\CRANEC~2\Firmware\SERIAL~1\SERIAL~1\ARDUIN~1\Debug\libArduinoCore.a(SERCOM.o)
 .debug_ranges  0x00000d90       0x80 C:\Users\brian\DOCUME~1\VISUAL~1\Projects\CRANEC~2\Firmware\SERIAL~1\SERIAL~1\ARDUIN~1\Debug\libArduinoCore.a(Uart.o)
 .debug_ranges  0x00000e10       0x58 C:\Users\brian\DOCUME~1\VISUAL~1\Projects\CRANEC~2\Firmware\SERIAL~1\SERIAL~1\ARDUIN~1\Debug\libArduinoCore.a(PluggableUSB.o)
 .debug_ranges  0x00000e68      0x170 C:\Users\brian\DOCUME~1\VISUAL~1\Projects\CRANEC~2\Firmware\SERIAL~1\SERIAL~1\ARDUIN~1\Debug\libArduinoCore.a(Print.o)
 .debug_ranges  0x00000fd8       0x60 C:\Users\brian\DOCUME~1\VISUAL~1\Projects\CRANEC~2\Firmware\SERIAL~1\SERIAL~1\ARDUIN~1\Debug\libArduinoCore.a(RingBuffer.o)

.debug_macro    0x00000000    0x1c1a0
 .debug_macro   0x00000000      0x69a Sketch.o
 .debug_macro   0x0000069a      0x976 Sketch.o
 .debug_macro   0x00001010       0x16 Sketch.o
 .debug_macro   0x00001026       0x1c Sketch.o
 .debug_macro   0x00001042       0x22 Sketch.o
 .debug_macro   0x00001064       0x87 Sketch.o
 .debug_macro   0x000010eb       0x51 Sketch.o
 .debug_macro   0x0000113c       0xef Sketch.o
 .debug_macro   0x0000122b       0x6a Sketch.o
 .debug_macro   0x00001295      0x1df Sketch.o
 .debug_macro   0x00001474      0x143 Sketch.o
 .debug_macro   0x000015b7       0x10 Sketch.o
 .debug_macro   0x000015c7      0x3c3 Sketch.o
 .debug_macro   0x0000198a       0x10 Sketch.o
 .debug_macro   0x0000199a       0x52 Sketch.o
 .debug_macro   0x000019ec       0x35 Sketch.o
 .debug_macro   0x00001a21       0x9c Sketch.o
 .debug_macro   0x00001abd       0x16 Sketch.o
 .debug_macro   0x00001ad3      0x10e Sketch.o
 .debug_macro   0x00001be1       0x94 Sketch.o
 .debug_macro   0x00001c75       0x52 Sketch.o
 .debug_macro   0x00001cc7       0x1f Sketch.o
 .debug_macro   0x00001ce6       0x43 Sketch.o
 .debug_macro   0x00001d29       0x20 Sketch.o
 .debug_macro   0x00001d49      0x187 Sketch.o
 .debug_macro   0x00001ed0      0x337 Sketch.o
 .debug_macro   0x00002207       0x16 Sketch.o
 .debug_macro   0x0000221d       0x29 Sketch.o
 .debug_macro   0x00002246       0xea Sketch.o
 .debug_macro   0x00002330       0x16 Sketch.o
 .debug_macro   0x00002346       0x35 Sketch.o
 .debug_macro   0x0000237b       0x18 Sketch.o
 .debug_macro   0x00002393      0x1da Sketch.o
 .debug_macro   0x0000256d      0x3d3 Sketch.o
 .debug_macro   0x00002940       0x10 Sketch.o
 .debug_macro   0x00002950      0x45d Sketch.o
 .debug_macro   0x00002dad      0x190 Sketch.o
 .debug_macro   0x00002f3d       0x1c Sketch.o
 .debug_macro   0x00002f59      0xd93 Sketch.o
 .debug_macro   0x00003cec       0x46 Sketch.o
 .debug_macro   0x00003d32       0x28 Sketch.o
 .debug_macro   0x00003d5a       0x85 Sketch.o
 .debug_macro   0x00003ddf      0x375 Sketch.o
 .debug_macro   0x00004154      0x67e Sketch.o
 .debug_macro   0x000047d2      0x8b1 Sketch.o
 .debug_macro   0x00005083      0x22e Sketch.o
 .debug_macro   0x000052b1      0xd5c Sketch.o
 .debug_macro   0x0000600d      0x4dc Sketch.o
 .debug_macro   0x000064e9      0x9f6 Sketch.o
 .debug_macro   0x00006edf      0x82b Sketch.o
 .debug_macro   0x0000770a      0x45f Sketch.o
 .debug_macro   0x00007b69       0x5e Sketch.o
 .debug_macro   0x00007bc7      0x8f9 Sketch.o
 .debug_macro   0x000084c0      0x21c Sketch.o
 .debug_macro   0x000086dc      0x735 Sketch.o
 .debug_macro   0x00008e11       0x5e Sketch.o
 .debug_macro   0x00008e6f      0x632 Sketch.o
 .debug_macro   0x000094a1      0x3ac Sketch.o
 .debug_macro   0x0000984d      0xc76 Sketch.o
 .debug_macro   0x0000a4c3     0x1092 Sketch.o
 .debug_macro   0x0000b555      0xc4a Sketch.o
 .debug_macro   0x0000c19f      0x6ba Sketch.o
 .debug_macro   0x0000c859     0x1b3d Sketch.o
 .debug_macro   0x0000e396     0x143c Sketch.o
 .debug_macro   0x0000f7d2      0x340 Sketch.o
 .debug_macro   0x0000fb12       0x7c Sketch.o
 .debug_macro   0x0000fb8e       0xa0 Sketch.o
 .debug_macro   0x0000fc2e       0x4c Sketch.o
 .debug_macro   0x0000fc7a       0xca Sketch.o
 .debug_macro   0x0000fd44       0x94 Sketch.o
 .debug_macro   0x0000fdd8       0x58 Sketch.o
 .debug_macro   0x0000fe30      0x341 Sketch.o
 .debug_macro   0x00010171       0x82 Sketch.o
 .debug_macro   0x000101f3      0x189 Sketch.o
 .debug_macro   0x0001037c       0xb8 Sketch.o
 .debug_macro   0x00010434       0xa0 Sketch.o
 .debug_macro   0x000104d4       0xb2 Sketch.o
 .debug_macro   0x00010586       0x1c Sketch.o
 .debug_macro   0x000105a2       0x1c Sketch.o
 .debug_macro   0x000105be       0x1c Sketch.o
 .debug_macro   0x000105da       0x7c Sketch.o
 .debug_macro   0x00010656      0x15a Sketch.o
 .debug_macro   0x000107b0       0xdc Sketch.o
 .debug_macro   0x0001088c      0x124 Sketch.o
 .debug_macro   0x000109b0      0x124 Sketch.o
 .debug_macro   0x00010ad4      0x124 Sketch.o
 .debug_macro   0x00010bf8      0x124 Sketch.o
 .debug_macro   0x00010d1c      0x124 Sketch.o
 .debug_macro   0x00010e40      0x124 Sketch.o
 .debug_macro   0x00010f64      0x124 Sketch.o
 .debug_macro   0x00011088       0xe2 Sketch.o
 .debug_macro   0x0001116a       0xe2 Sketch.o
 .debug_macro   0x0001124c       0xe2 Sketch.o
 .debug_macro   0x0001132e      0x12a Sketch.o
 .debug_macro   0x00011458      0x100 Sketch.o
 .debug_macro   0x00011558       0xf4 Sketch.o
 .debug_macro   0x0001164c      0x40f Sketch.o
 .debug_macro   0x00011a5b       0x40 Sketch.o
 .debug_macro   0x00011a9b      0x376 Sketch.o
 .debug_macro   0x00011e11     0x17df Sketch.o
 .debug_macro   0x000135f0       0x6d Sketch.o
 .debug_macro   0x0001365d       0x5e Sketch.o
 .debug_macro   0x000136bb       0x16 Sketch.o
 .debug_macro   0x000136d1      0x151 Sketch.o
 .debug_macro   0x00013822       0x4c Sketch.o
 .debug_macro   0x0001386e       0x10 Sketch.o
 .debug_macro   0x0001387e       0x1c Sketch.o
 .debug_macro   0x0001389a       0x10 Sketch.o
 .debug_macro   0x000138aa       0x10 Sketch.o
 .debug_macro   0x000138ba       0x1c Sketch.o
 .debug_macro   0x000138d6       0x52 Sketch.o
 .debug_macro   0x00013928       0x40 Sketch.o
 .debug_macro   0x00013968       0x10 Sketch.o
 .debug_macro   0x00013978       0x40 Sketch.o
 .debug_macro   0x000139b8       0xd7 Sketch.o
 .debug_macro   0x00013a8f       0x16 Sketch.o
 .debug_macro   0x00013aa5      0x18b Sketch.o
 .debug_macro   0x00013c30       0x1c Sketch.o
 .debug_macro   0x00013c4c       0x11 Sketch.o
 .debug_macro   0x00013c5d       0xe2 Sketch.o
 .debug_macro   0x00013d3f       0x1c Sketch.o
 .debug_macro   0x00013d5b       0x10 Sketch.o
 .debug_macro   0x00013d6b       0x10 Sketch.o
 .debug_macro   0x00013d7b       0x28 Sketch.o
 .debug_macro   0x00013da3      0x194 Sketch.o
 .debug_macro   0x00013f37       0x28 Sketch.o
 .debug_macro   0x00013f5f       0x70 Sketch.o
 .debug_macro   0x00013fcf       0x6a Sketch.o
 .debug_macro   0x00014039      0x1d3 Sketch.o
 .debug_macro   0x0001420c       0x2e Sketch.o
 .debug_macro   0x0001423a      0x17e Sketch.o
 .debug_macro   0x000143b8       0x22 Sketch.o
 .debug_macro   0x000143da      0x448 C:\Users\brian\DOCUME~1\VISUAL~1\Projects\CRANEC~2\Firmware\SERIAL~1\SERIAL~1\ARDUIN~1\Debug\libArduinoCore.a(cortex_handlers.o)
 .debug_macro   0x00014822      0x8d4 C:\Users\brian\DOCUME~1\VISUAL~1\Projects\CRANEC~2\Firmware\SERIAL~1\SERIAL~1\ARDUIN~1\Debug\libArduinoCore.a(cortex_handlers.o)
 .debug_macro   0x000150f6       0x40 C:\Users\brian\DOCUME~1\VISUAL~1\Projects\CRANEC~2\Firmware\SERIAL~1\SERIAL~1\ARDUIN~1\Debug\libArduinoCore.a(cortex_handlers.o)
 .debug_macro   0x00015136      0x375 C:\Users\brian\DOCUME~1\VISUAL~1\Projects\CRANEC~2\Firmware\SERIAL~1\SERIAL~1\ARDUIN~1\Debug\libArduinoCore.a(cortex_handlers.o)
 .debug_macro   0x000154ab       0x9c C:\Users\brian\DOCUME~1\VISUAL~1\Projects\CRANEC~2\Firmware\SERIAL~1\SERIAL~1\ARDUIN~1\Debug\libArduinoCore.a(cortex_handlers.o)
 .debug_macro   0x00015547       0x16 C:\Users\brian\DOCUME~1\VISUAL~1\Projects\CRANEC~2\Firmware\SERIAL~1\SERIAL~1\ARDUIN~1\Debug\libArduinoCore.a(cortex_handlers.o)
 .debug_macro   0x0001555d       0x97 C:\Users\brian\DOCUME~1\VISUAL~1\Projects\CRANEC~2\Firmware\SERIAL~1\SERIAL~1\ARDUIN~1\Debug\libArduinoCore.a(cortex_handlers.o)
 .debug_macro   0x000155f4      0x30d C:\Users\brian\DOCUME~1\VISUAL~1\Projects\CRANEC~2\Firmware\SERIAL~1\SERIAL~1\ARDUIN~1\Debug\libArduinoCore.a(cortex_handlers.o)
 .debug_macro   0x00015901       0xfd C:\Users\brian\DOCUME~1\VISUAL~1\Projects\CRANEC~2\Firmware\SERIAL~1\SERIAL~1\ARDUIN~1\Debug\libArduinoCore.a(cortex_handlers.o)
 .debug_macro   0x000159fe       0x43 C:\Users\brian\DOCUME~1\VISUAL~1\Projects\CRANEC~2\Firmware\SERIAL~1\SERIAL~1\ARDUIN~1\Debug\libArduinoCore.a(cortex_handlers.o)
 .debug_macro   0x00015a41      0x4c1 C:\Users\brian\DOCUME~1\VISUAL~1\Projects\CRANEC~2\Firmware\SERIAL~1\SERIAL~1\ARDUIN~1\Debug\libArduinoCore.a(delay.o)
 .debug_macro   0x00015f02       0x22 C:\Users\brian\DOCUME~1\VISUAL~1\Projects\CRANEC~2\Firmware\SERIAL~1\SERIAL~1\ARDUIN~1\Debug\libArduinoCore.a(delay.o)
 .debug_macro   0x00015f24      0x10e C:\Users\brian\DOCUME~1\VISUAL~1\Projects\CRANEC~2\Firmware\SERIAL~1\SERIAL~1\ARDUIN~1\Debug\libArduinoCore.a(delay.o)
 .debug_macro   0x00016032       0x8d C:\Users\brian\DOCUME~1\VISUAL~1\Projects\CRANEC~2\Firmware\SERIAL~1\SERIAL~1\ARDUIN~1\Debug\libArduinoCore.a(delay.o)
 .debug_macro   0x000160bf       0x35 C:\Users\brian\DOCUME~1\VISUAL~1\Projects\CRANEC~2\Firmware\SERIAL~1\SERIAL~1\ARDUIN~1\Debug\libArduinoCore.a(delay.o)
 .debug_macro   0x000160f4      0x1e1 C:\Users\brian\DOCUME~1\VISUAL~1\Projects\CRANEC~2\Firmware\SERIAL~1\SERIAL~1\ARDUIN~1\Debug\libArduinoCore.a(delay.o)
 .debug_macro   0x000162d5       0x11 C:\Users\brian\DOCUME~1\VISUAL~1\Projects\CRANEC~2\Firmware\SERIAL~1\SERIAL~1\ARDUIN~1\Debug\libArduinoCore.a(hooks.o)
 .debug_macro   0x000162e6      0x6a0 C:\Users\brian\DOCUME~1\VISUAL~1\Projects\CRANEC~2\Firmware\SERIAL~1\SERIAL~1\ARDUIN~1\Debug\libArduinoCore.a(main.o)
 .debug_macro   0x00016986      0x6ab C:\Users\brian\DOCUME~1\VISUAL~1\Projects\CRANEC~2\Firmware\SERIAL~1\SERIAL~1\ARDUIN~1\Debug\libArduinoCore.a(Reset.o)
 .debug_macro   0x00017031      0x46c C:\Users\brian\DOCUME~1\VISUAL~1\Projects\CRANEC~2\Firmware\SERIAL~1\SERIAL~1\ARDUIN~1\Debug\libArduinoCore.a(startup.o)
 .debug_macro   0x0001749d      0x6ba C:\Users\brian\DOCUME~1\VISUAL~1\Projects\CRANEC~2\Firmware\SERIAL~1\SERIAL~1\ARDUIN~1\Debug\libArduinoCore.a(CDC.o)
 .debug_macro   0x00017b57      0x6f7 C:\Users\brian\DOCUME~1\VISUAL~1\Projects\CRANEC~2\Firmware\SERIAL~1\SERIAL~1\ARDUIN~1\Debug\libArduinoCore.a(USBCore.o)
 .debug_macro   0x0001824e       0x2b C:\Users\brian\DOCUME~1\VISUAL~1\Projects\CRANEC~2\Firmware\SERIAL~1\SERIAL~1\ARDUIN~1\Debug\libArduinoCore.a(USBCore.o)
 .debug_macro   0x00018279       0xee C:\Users\brian\DOCUME~1\VISUAL~1\Projects\CRANEC~2\Firmware\SERIAL~1\SERIAL~1\ARDUIN~1\Debug\libArduinoCore.a(USBCore.o)
 .debug_macro   0x00018367      0x4b4 C:\Users\brian\DOCUME~1\VISUAL~1\Projects\CRANEC~2\Firmware\SERIAL~1\SERIAL~1\ARDUIN~1\Debug\libArduinoCore.a(wiring.o)
 .debug_macro   0x0001881b      0x1ac C:\Users\brian\DOCUME~1\VISUAL~1\Projects\CRANEC~2\Firmware\SERIAL~1\SERIAL~1\ARDUIN~1\Debug\libArduinoCore.a(wiring.o)
 .debug_macro   0x000189c7      0x578 C:\Users\brian\DOCUME~1\VISUAL~1\Projects\CRANEC~2\Firmware\SERIAL~1\SERIAL~1\ARDUIN~1\Debug\libArduinoCore.a(wiring_analog.o)
 .debug_macro   0x00018f3f       0x4c C:\Users\brian\DOCUME~1\VISUAL~1\Projects\CRANEC~2\Firmware\SERIAL~1\SERIAL~1\ARDUIN~1\Debug\libArduinoCore.a(wiring_analog.o)
 .debug_macro   0x00018f8b      0x4b4 C:\Users\brian\DOCUME~1\VISUAL~1\Projects\CRANEC~2\Firmware\SERIAL~1\SERIAL~1\ARDUIN~1\Debug\libArduinoCore.a(wiring_digital.o)